Component: ARM Compiler 5.06 update 2 (build 183) Tool: armlink [4d35b7]

==============================================================================

Section Cross References

    startup_stm32f407xx.o(STACK) refers (Special) to heapauxi.o(.text) for __use_two_region_memory
    startup_stm32f407xx.o(HEAP) refers (Special) to heapauxi.o(.text) for __use_two_region_memory
    startup_stm32f407xx.o(RESET) refers (Special) to heapauxi.o(.text) for __use_two_region_memory
    startup_stm32f407xx.o(RESET) refers to startup_stm32f407xx.o(STACK) for __initial_sp
    startup_stm32f407xx.o(RESET) refers to startup_stm32f407xx.o(.text) for Reset_Handler
    startup_stm32f407xx.o(RESET) refers to stm32f4xx_it.o(i.NMI_Handler) for NMI_Handler
    startup_stm32f407xx.o(RESET) refers to stm32f4xx_it.o(i.HardFault_Handler) for HardFault_Handler
    startup_stm32f407xx.o(RESET) refers to stm32f4xx_it.o(i.MemManage_Handler) for MemManage_Handler
    startup_stm32f407xx.o(RESET) refers to stm32f4xx_it.o(i.BusFault_Handler) for BusFault_Handler
    startup_stm32f407xx.o(RESET) refers to stm32f4xx_it.o(i.UsageFault_Handler) for UsageFault_Handler
    startup_stm32f407xx.o(RESET) refers to port.o(.emb_text) for SVC_Handler
    startup_stm32f407xx.o(RESET) refers to stm32f4xx_it.o(i.DebugMon_Handler) for DebugMon_Handler
    startup_stm32f407xx.o(RESET) refers to port.o(i.SysTick_Handler) for SysTick_Handler
    startup_stm32f407xx.o(RESET) refers to stm32f4xx_it.o(i.DMA1_Stream0_IRQHandler) for DMA1_Stream0_IRQHandler
    startup_stm32f407xx.o(RESET) refers to stm32f4xx_it.o(i.DMA1_Stream1_IRQHandler) for DMA1_Stream1_IRQHandler
    startup_stm32f407xx.o(RESET) refers to stm32f4xx_it.o(i.DMA1_Stream2_IRQHandler) for DMA1_Stream2_IRQHandler
    startup_stm32f407xx.o(RESET) refers to stm32f4xx_it.o(i.DMA1_Stream5_IRQHandler) for DMA1_Stream5_IRQHandler
    startup_stm32f407xx.o(RESET) refers to stm32f4xx_it.o(i.CAN1_RX0_IRQHandler) for CAN1_RX0_IRQHandler
    startup_stm32f407xx.o(RESET) refers to stm32f4xx_it.o(i.TIM2_IRQHandler) for TIM2_IRQHandler
    startup_stm32f407xx.o(RESET) refers to stm32f4xx_it.o(i.USART1_IRQHandler) for USART1_IRQHandler
    startup_stm32f407xx.o(RESET) refers to stm32f4xx_it.o(i.USART2_IRQHandler) for USART2_IRQHandler
    startup_stm32f407xx.o(RESET) refers to stm32f4xx_it.o(i.USART3_IRQHandler) for USART3_IRQHandler
    startup_stm32f407xx.o(RESET) refers to stm32f4xx_it.o(i.DMA1_Stream7_IRQHandler) for DMA1_Stream7_IRQHandler
    startup_stm32f407xx.o(RESET) refers to stm32f4xx_it.o(i.UART4_IRQHandler) for UART4_IRQHandler
    startup_stm32f407xx.o(RESET) refers to stm32f4xx_it.o(i.UART5_IRQHandler) for UART5_IRQHandler
    startup_stm32f407xx.o(RESET) refers to stm32f4xx_it.o(i.DMA2_Stream2_IRQHandler) for DMA2_Stream2_IRQHandler
    startup_stm32f407xx.o(RESET) refers to stm32f4xx_it.o(i.CAN2_RX0_IRQHandler) for CAN2_RX0_IRQHandler
    startup_stm32f407xx.o(RESET) refers to stm32f4xx_it.o(i.DMA2_Stream7_IRQHandler) for DMA2_Stream7_IRQHandler
    startup_stm32f407xx.o(.text) refers (Special) to heapauxi.o(.text) for __use_two_region_memory
    startup_stm32f407xx.o(.text) refers to system_stm32f4xx.o(i.SystemInit) for SystemInit
    startup_stm32f407xx.o(.text) refers to __main.o(!!!main) for __main
    startup_stm32f407xx.o(.text) refers to startup_stm32f407xx.o(HEAP) for Heap_Mem
    startup_stm32f407xx.o(.text) refers to startup_stm32f407xx.o(STACK) for Stack_Mem
    main.o(i.HAL_TIM_PeriodElapsedCallback) refers to stm32f4xx_hal.o(i.HAL_IncTick) for HAL_IncTick
    main.o(i.SystemClock_Config) refers to rt_memclr_w.o(.text) for __aeabi_memclr4
    main.o(i.SystemClock_Config) refers to stm32f4xx_hal_rcc.o(i.HAL_RCC_OscConfig) for HAL_RCC_OscConfig
    main.o(i.SystemClock_Config) refers to stm32f4xx_hal_rcc.o(i.HAL_RCC_ClockConfig) for HAL_RCC_ClockConfig
    main.o(i.main) refers to stm32f4xx_hal.o(i.HAL_Init) for HAL_Init
    main.o(i.main) refers to main.o(i.SystemClock_Config) for SystemClock_Config
    main.o(i.main) refers to gpio.o(i.MX_GPIO_Init) for MX_GPIO_Init
    main.o(i.main) refers to dma.o(i.MX_DMA_Init) for MX_DMA_Init
    main.o(i.main) refers to can.o(i.MX_CAN1_Init) for MX_CAN1_Init
    main.o(i.main) refers to can.o(i.MX_CAN2_Init) for MX_CAN2_Init
    main.o(i.main) refers to iwdg.o(i.MX_IWDG_Init) for MX_IWDG_Init
    main.o(i.main) refers to usart.o(i.MX_USART1_UART_Init) for MX_USART1_UART_Init
    main.o(i.main) refers to usart.o(i.MX_USART2_UART_Init) for MX_USART2_UART_Init
    main.o(i.main) refers to usart.o(i.MX_USART3_UART_Init) for MX_USART3_UART_Init
    main.o(i.main) refers to usart.o(i.MX_UART4_Init) for MX_UART4_Init
    main.o(i.main) refers to usart.o(i.MX_UART5_Init) for MX_UART5_Init
    main.o(i.main) refers to drive.o(i.driver_init) for driver_init
    main.o(i.main) refers to freertos.o(i.MX_FREERTOS_Init) for MX_FREERTOS_Init
[...]
    cnt                                      0x2000012c   Data           4  my_judge.o(.data)
    operate_tpye                             0x20000130   Data           4  my_judge.o(.data)
    .bss                                     0x200001b4   Section      596  freertos.o(.bss)
    xIdleTaskTCBBuffer                       0x200001b4   Data          84  freertos.o(.bss)
    xIdleStack                               0x20000208   Data         512  freertos.o(.bss)
    .bss                                     0x20000408   Section       80  can.o(.bss)
    .bss                                     0x20000458   Section       12  iwdg.o(.bss)
    .bss                                     0x20000464   Section     1012  usart.o(.bss)
    .bss                                     0x20000858   Section       72  stm32f4xx_hal_timebase_tim.o(.bss)
    .bss                                     0x200008a0   Section      240  tasks.o(.bss)
    pxReadyTasksLists                        0x200008a0   Data         140  tasks.o(.bss)
    xDelayedTaskList1                        0x2000092c   Data          20  tasks.o(.bss)
    xDelayedTaskList2                        0x20000940   Data          20  tasks.o(.bss)
    xPendingReadyList                        0x20000954   Data          20  tasks.o(.bss)
    xTasksWaitingTermination                 0x20000968   Data          20  tasks.o(.bss)
    xSuspendedTaskList                       0x2000097c   Data          20  tasks.o(.bss)
    .bss                                     0x20000990   Section    15360  heap_4.o(.bss)
    ucHeap                                   0x20000990   Data       15360  heap_4.o(.bss)
    .bss                                     0x20004590   Section       52  drv_can.o(.bss)
    .bss                                     0x200045c4   Section      998  drv_uart.o(.bss)
    .bss                                     0x200049aa   Section      128  config_uart.o(.bss)
    .bss                                     0x20004a2a   Section       60  judge_protocol.o(.bss)
    .bss                                     0x20004a68   Section       12  cap_protocol.o(.bss)
    .bss                                     0x20004a78   Section      104  judge.o(.bss)
    .bss                                     0x20004ae0   Section      788  my_judge.o(.bss)
    .bss                                     0x20004df4   Section       96  libspace.o(.bss)
    HEAP                                     0x20004e58   Section      512  startup_stm32f407xx.o(HEAP)
    Heap_Mem                                 0x20004e58   Data         512  startup_stm32f407xx.o(HEAP)
    STACK                                    0x20005058   Section     1024  startup_stm32f407xx.o(STACK)
    Stack_Mem                                0x20005058   Data        1024  startup_stm32f407xx.o(STACK)
    __initial_sp                             0x20005458   Data           0  startup_stm32f407xx.o(STACK)

    Global Symbols

    Symbol Name                              Value     Ov Type        Size  Object(Section)

    BuildAttributes$$THM_ISAv4$E$P$D$K$B$S$7EM$VFPi3$EXTD16$VFPS$VFMA$PE$A:L22UL41UL21$X:L11$S22US41US21$IEEE1$IW$USESV6$~STKCKD$USESV7$~SHL$OSPACE$ROPI$EBA8$UX$STANDARDLIB$REQ8$PRES8$EABIv2 0x00000000   Number         0  anon$$obj.o ABSOLUTE
    __ARM_use_no_argv                        0x00000000   Number         0  main.o ABSOLUTE
    __ARM_exceptions_init                     - Undefined Weak Reference
    __alloca_initialize                       - Undefined Weak Reference
    __arm_preinit_                            - Undefined Weak Reference
    __cpp_initialize__aeabi_                  - Undefined Weak Reference
    __cxa_finalize                            - Undefined Weak Reference
    __rt_locale                               - Undefined Weak Reference
    __sigvec_lookup                           - Undefined Weak Reference
    _atexit_init                              - Undefined Weak Reference
    _call_atexit_fns                          - Undefined Weak Reference
    _clock_init                               - Undefined Weak Reference
    _fp_trap_init                             - Undefined Weak Reference
    _fp_trap_shutdown                         - Undefined Weak Reference
    _get_lc_collate                           - Undefined Weak Reference
    _get_lc_ctype                             - Undefined Weak Reference
    _get_lc_monetary                          - Undefined Weak Reference
    _get_lc_numeric                           - Undefined Weak Reference
    _get_lc_time                              - Undefined Weak Reference
    _getenv_init                              - Undefined Weak Reference
    _handle_redirection                       - Undefined Weak Reference
    _init_alloc                               - Undefined Weak Reference
    _init_user_alloc                          - Undefined Weak Reference
    _initio                                   - Undefined Weak Reference
    _rand_init                                - Undefined Weak Reference
    _signal_finish                            - Undefined Weak Reference
    _signal_init                              - Undefined Weak Reference
    _terminate_alloc                          - Undefined Weak Reference
    _terminate_user_alloc                     - Undefined Weak Reference
    _terminateio                              - Undefined Weak Reference
    __Vectors_Size                           0x00000188   Number         0  startup_stm32f407xx.o ABSOLUTE
    __Vectors                                0x08000000   Data           4  startup_stm32f407xx.o(RESET)
    __Vectors_End                            0x08000188   Data           0  startup_stm32f407xx.o(RESET)
    __main                                   0x08000189   Thumb Code     8  __main.o(!!!main)
    __scatterload                            0x08000191   Thumb Code     0  __scatter.o(!!!scatter)
    __scatterload_rt2                        0x08000191   Thumb Code    44  __scatter.o(!!!scatter)
    __scatterload_rt2_thumb_only             0x08000191   Thumb Code     0  __scatter.o(!!!scatter)
    __scatterload_null                       0x0800019f   Thumb Code     0  __scatter.o(!!!scatter)
    __decompress                             0x080001c5   Thumb Code    90  __dczerorl2.o(!!dczerorl2)
    __decompress1                            0x080001c5   Thumb Code     0  __dczerorl2.o(!!dczerorl2)
    __scatterload_zeroinit                   0x08000221   Thumb Code    28  __scatter_zi.o(!!handler_zi)
    __rt_lib_init                            0x0800023d   Thumb Code     0  libinit.o(.ARM.Collect$$libinit$$00000000)
    __rt_lib_init_fp_1                       0x0800023f   Thumb Code     0  libinit2.o(.ARM.Collect$$libinit$$00000001)
    __rt_lib_init_alloca_1                   0x08000243   Thumb Code     0  libinit2.o(.ARM.Collect$$libinit$$0000002E)
    __rt_lib_init_argv_1                     0x08000243   Thumb Code     0  libinit2.o(.ARM.Collect$$libinit$$0000002C)
    __rt_lib_init_atexit_1                   0x08000243   Thumb Code     0  libinit2.o(.ARM.Collect$$libinit$$0000001B)
    __rt_lib_init_clock_1                    0x08000243   Thumb Code     0  libinit2.o(.ARM.Collect$$libinit$$00000021)
    __rt_lib_init_cpp_1                      0x08000243   Thumb Code     0  libinit2.o(.ARM.Collect$$libinit$$00000032)
    __rt_lib_init_exceptions_1               0x08000243   Thumb Code     0  libinit2.o(.ARM.Collect$$libinit$$00000030)
    __rt_lib_init_fp_trap_1                  0x08000243   Thumb Code     0  libinit2.o(.ARM.Collect$$libinit$$0000001F)
    __rt_lib_init_getenv_1                   0x08000243   Thumb Code     0  libinit2.o(.ARM.Collect$$libinit$$00000023)
    __rt_lib_init_heap_1                     0x08000243   Thumb Code     0  libinit2.o(.ARM.Collect$$libinit$$0000000A)
    __rt_lib_init_lc_collate_1               0x08000243   Thumb Code     0  libinit2.o(.ARM.Collect$$libinit$$00000011)
    __rt_lib_init_lc_ctype_1                 0x08000243   Thumb Code     0  libinit2.o(.ARM.Collect$$libinit$$00000013)
    __rt_lib_init_lc_monetary_1              0x08000243   Thumb Code     0  libinit2.o(.ARM.Collect$$libinit$$00000015)
    __rt_lib_init_lc_numeric_1               0x08000243   Thumb Code     0  libinit2.o(.ARM.Collect$$libinit$$00000017)
    __rt_lib_init_lc_time_1                  0x08000243   Thumb Code     0  libinit2.o(.ARM.Collect$$libinit$$00000019)
    __rt_lib_init_preinit_1                  0x08000243   Thumb Code     0  libinit2.o(.ARM.Collect$$libinit$$00000004)
    __rt_lib_init_rand_1                     0x08000243   Thumb Code     0  libinit2.o(.ARM.Collect$$libinit$$0000000E)
    __rt_lib_init_return                     0x08000243   Thumb Code     0  libinit2.o(.ARM.Collect$$libinit$$00000033)
    __rt_lib_init_signal_1                   0x08000243   Thumb Code     0  libinit2.o(.ARM.Collect$$libinit$$0000001D)
    __rt_lib_init_stdio_1                    0x08000243   Thumb Code     0  libinit2.o(.ARM.Collect$$libinit$$00000025)
    __rt_lib_init_user_alloc_1               0x08000243   Thumb Code     0  libinit2.o(.ARM.Collect$$libinit$$0000000C)
    __rt_lib_shutdown                        0x08000245   Thumb Code     0  libshutdown.o(.ARM.Collect$$libshutdown$$00000000)
    __rt_lib_shutdown_cpp_1                  0x08000247   Thumb Code     0  libshutdown2.o(.ARM.Collect$$libshutdown$$00000002)
    __rt_lib_shutdown_fp_trap_1              0x08000247   Thumb Code     0  libshutdown2.o(.ARM.Collect$$libshutdown$$00000007)
    __rt_lib_shutdown_heap_1                 0x08000247   Thumb Code     0  libshutdown2.o(.ARM.Collect$$libshutdown$$0000000F)
    __rt_lib_shutdown_return                 0x08000247   Thumb Code     0  libshutdown2.o(.ARM.Collect$$libshutdown$$00000010)
    __rt_lib_shutdown_signal_1               0x08000247   Thumb Code     0  libshutdown2.o(.ARM.Collect$$libshutdown$$0000000A)
    __rt_lib_shutdown_stdio_1                0x08000247   Thumb Code     0  libshutdown2.o(.ARM.Collect$$libshutdown$$00000004)
    __rt_lib_shutdown_user_alloc_1           0x08000247   Thumb Code     0  libshutdown2.o(.ARM.Collect$$libshutdown$$0000000C)
    __rt_entry                               0x08000249   Thumb Code     0  __rtentry.o(.ARM.Collect$$rtentry$$00000000)
    __rt_entry_presh_1                       0x08000249   Thumb Code     0  __rtentry2.o(.ARM.Collect$$rtentry$$00000002)
    __rt_entry_sh                            0x08000249   Thumb Code     0  __rtentry4.o(.ARM.Collect$$rtentry$$00000004)
    __rt_entry_li                            0x0800024f   Thumb Code     0  __rtentry2.o(.ARM.Collect$$rtentry$$0000000A)
    __rt_entry_postsh_1                      0x0800024f   Thumb Code     0  __rtentry2.o(.ARM.Collect$$rtentry$$00000009)
    __rt_entry_main                          0x08000253   Thumb Code     0  __rtentry2.o(.ARM.Collect$$rtentry$$0000000D)
    __rt_entry_postli_1                      0x08000253   Thumb Code     0  __rtentry2.o(.ARM.Collect$$rtentry$$0000000C)
    __rt_exit                                0x0800025b   Thumb Code     0  rtexit.o(.ARM.Collect$$rtexit$$00000000)
    __rt_exit_ls                             0x0800025d   Thumb Code     0  rtexit2.o(.ARM.Collect$$rtexit$$00000003)
    __rt_exit_prels_1                        0x0800025d   Thumb Code     0  rtexit2.o(.ARM.Collect$$rtexit$$00000002)
    __rt_exit_exit                           0x08000261   Thumb Code     0  rtexit2.o(.ARM.Collect$$rtexit$$00000004)
    SVC_Handler                              0x08000269   Thumb Code    28  port.o(.emb_text)
    __asm___6_port_c_39a90d8d__prvStartFirstTask 0x08000289   Thumb Code    36  port.o(.emb_text)
    __asm___6_port_c_39a90d8d__prvEnableVFP  0x080002b1   Thumb Code    16  port.o(.emb_text)
    PendSV_Handler                           0x080002c5   Thumb Code    88  port.o(.emb_text)
    vPortGetIPSR                             0x08000321   Thumb Code     6  port.o(.emb_text)
    Reset_Handler                            0x08000329   Thumb Code     8  startup_stm32f407xx.o(.text)
    ADC_IRQHandler                           0x08000343   Thumb Code     0  startup_stm32f407xx.o(.text)
    CAN1_RX1_IRQHandler                      0x08000343   Thumb Code     0  startup_stm32f407xx.o(.text)
    CAN1_SCE_IRQHandler                      0x08000343   Thumb Code     0  startup_stm32f407xx.o(.text)
    CAN1_TX_IRQHandler                       0x08000343   Thumb Code     0  startup_stm32f407xx.o(.text)
    CAN2_RX1_IRQHandler                      0x08000343   Thumb Code     0  startup_stm32f407xx.o(.text)
    CAN2_SCE_IRQHandler                      0x08000343   Thumb Code     0  startup_stm32f407xx.o(.text)
    CAN2_TX_IRQHandler                       0x08000343   Thumb Code     0  startup_stm32f407xx.o(.text)
    DCMI_IRQHandler                          0x08000343   Thumb Code     0  startup_stm32f407xx.o(.text)
    DMA1_Stream3_IRQHandler                  0x08000343   Thumb Code     0  startup_stm32f407xx.o(.text)
    DMA1_Stream4_IRQHandler                  0x08000343   Thumb Code     0  startup_stm32f407xx.o(.text)
    DMA1_Stream6_IRQHandler                  0x08000343   Thumb Code     0  startup_stm32f407xx.o(.text)
    DMA2_Stream0_IRQHandler                  0x08000343   Thumb Code     0  startup_stm32f407xx.o(.text)
    DMA2_Stream1_IRQHandler                  0x08000343   Thumb Code     0  startup_stm32f407xx.o(.text)
    DMA2_Stream3_IRQHandler                  0x08000343   Thumb Code     0  startup_stm32f407xx.o(.text)
    DMA2_Stream4_IRQHandler                  0x08000343   Thumb Code     0  startup_stm32f407xx.o(.text)
    DMA2_Stream5_IRQHandler                  0x08000343   Thumb Code     0  startup_stm32f407xx.o(.text)
    DMA2_Stream6_IRQHandler                  0x08000343   Thumb Code     0  startup_stm32f407xx.o(.text)
    ETH_IRQHandler                           0x08000343   Thumb Code     0  startup_stm32f407xx.o(.text)
    ETH_WKUP_IRQHandler                      0x08000343   Thumb Code     0  startup_stm32f407xx.o(.text)
    EXTI0_IRQHandler                         0x08000343   Thumb Code     0  startup_stm32f407xx.o(.text)
    EXTI15_10_IRQHandler                     0x08000343   Thumb Code     0  startup_stm32f407xx.o(.text)
    EXTI1_IRQHandler                         0x08000343   Thumb Code     0  startup_stm32f407xx.o(.text)
    EXTI2_IRQHandler                         0x08000343   Thumb Code     0  startup_stm32f407xx.o(.text)
    EXTI3_IRQHandler                         0x08000343   Thumb Code     0  startup_stm32f407xx.o(.text)
    EXTI4_IRQHandler                         0x08000343   Thumb Code     0  startup_stm32f407xx.o(.text)
    EXTI9_5_IRQHandler                       0x08000343   Thumb Code     0  startup_stm32f407xx.o(.text)
    FLASH_IRQHandler                         0x08000343   Thumb Code     0  startup_stm32f407xx.o(.text)
    FMC_IRQHandler                           0x08000343   Thumb Code     0  startup_stm32f407xx.o(.text)
    FPU_IRQHandler                           0x08000343   Thumb Code     0  startup_stm32f407xx.o(.text)
    HASH_RNG_IRQHandler                      0x08000343   Thumb Code     0  startup_stm32f407xx.o(.text)
    I2C1_ER_IRQHandler                       0x08000343   Thumb Code     0  startup_stm32f407xx.o(.text)
    I2C1_EV_IRQHandler                       0x08000343   Thumb Code     0  startup_stm32f407xx.o(.text)
    I2C2_ER_IRQHandler                       0x08000343   Thumb Code     0  startup_stm32f407xx.o(.text)
    I2C2_EV_IRQHandler                       0x08000343   Thumb Code     0  startup_stm32f407xx.o(.text)
    I2C3_ER_IRQHandler                       0x08000343   Thumb Code     0  startup_stm32f407xx.o(.text)
    I2C3_EV_IRQHandler                       0x08000343   Thumb Code     0  startup_stm32f407xx.o(.text)
    OTG_FS_IRQHandler                        0x08000343   Thumb Code     0  startup_stm32f407xx.o(.text)
    OTG_FS_WKUP_IRQHandler                   0x08000343   Thumb Code     0  startup_stm32f407xx.o(.text)
    OTG_HS_EP1_IN_IRQHandler                 0x08000343   Thumb Code     0  startup_stm32f407xx.o(.text)
    OTG_HS_EP1_OUT_IRQHandler                0x08000343   Thumb Code     0  startup_stm32f407xx.o(.text)
    OTG_HS_IRQHandler                        0x08000343   Thumb Code     0  startup_stm32f407xx.o(.text)
    OTG_HS_WKUP_IRQHandler                   0x08000343   Thumb Code     0  startup_stm32f407xx.o(.text)
    PVD_IRQHandler                           0x08000343   Thumb Code     0  startup_stm32f407xx.o(.text)
    RCC_IRQHandler                           0x08000343   Thumb Code     0  startup_stm32f407xx.o(.text)
    RTC_Alarm_IRQHandler                     0x08000343   Thumb Code     0  startup_stm32f407xx.o(.text)
    RTC_WKUP_IRQHandler                      0x08000343   Thumb Code     0  startup_stm32f407xx.o(.text)
    SDIO_IRQHandler                          0x08000343   Thumb Code     0  startup_stm32f407xx.o(.text)
    SPI1_IRQHandler                          0x08000343   Thumb Code     0  startup_stm32f407xx.o(.text)
    SPI2_IRQHandler                          0x08000343   Thumb Code     0  startup_stm32f407xx.o(.text)
    SPI3_IRQHandler                          0x08000343   Thumb Code     0  startup_stm32f407xx.o(.text)
    TAMP_STAMP_IRQHandler                    0x08000343   Thumb Code     0  startup_stm32f407xx.o(.text)
    TIM1_BRK_TIM9_IRQHandler                 0x08000343   Thumb Code     0  startup_stm32f407xx.o(.text)
    TIM1_CC_IRQHandler                       0x08000343   Thumb Code     0  startup_stm32f407xx.o(.text)
    TIM1_TRG_COM_TIM11_IRQHandler            0x08000343   Thumb Code     0  startup_stm32f407xx.o(.text)
    TIM1_UP_TIM10_IRQHandler                 0x08000343   Thumb Code     0  startup_stm32f407xx.o(.text)
    TIM3_IRQHandler                          0x08000343   Thumb Code     0  startup_stm32f407xx.o(.text)
    TIM4_IRQHandler                          0x08000343   Thumb Code     0  startup_stm32f407xx.o(.text)
    TIM5_IRQHandler                          0x08000343   Thumb Code     0  startup_stm32f407xx.o(.text)
    TIM6_DAC_IRQHandler                      0x08000343   Thumb Code     0  startup_stm32f407xx.o(.text)
    TIM7_IRQHandler                          0x08000343   Thumb Code     0  startup_stm32f407xx.o(.text)
    TIM8_BRK_TIM12_IRQHandler                0x08000343   Thumb Code     0  startup_stm32f407xx.o(.text)
    TIM8_CC_IRQHandler                       0x08000343   Thumb Code     0  startup_stm32f407xx.o(.text)
    TIM8_TRG_COM_TIM14_IRQHandler            0x08000343   Thumb Code     0  startup_stm32f407xx.o(.text)
    TIM8_UP_TIM13_IRQHandler                 0x08000343   Thumb Code     0  startup_stm32f407xx.o(.text)
    USART6_IRQHandler                        0x08000343   Thumb Code     0  startup_stm32f407xx.o(.text)
    WWDG_IRQHandler                          0x08000343   Thumb Code     0  startup_stm32f407xx.o(.text)
    __user_initial_stackheap                 0x08000345   Thumb Code     0  startup_stm32f407xx.o(.text)
    __aeabi_uldivmod                         0x08000369   Thumb Code     0  lludivv7m.o(.text)
    _ll_udiv                                 0x08000369   Thumb Code   238  lludivv7m.o(.text)
    strlen                                   0x08000457   Thumb Code    62  strlen.o(.text)
    __aeabi_memcpy                           0x08000495   Thumb Code     0  rt_memcpy_v6.o(.text)
    __rt_memcpy                              0x08000495   Thumb Code   138  rt_memcpy_v6.o(.text)
    _memcpy_lastbytes                        0x080004fb   Thumb Code     0  rt_memcpy_v6.o(.text)
    __aeabi_memcpy4                          0x0800051f   Thumb Code     0  rt_memcpy_w.o(.text)
    __aeabi_memcpy8                          0x0800051f   Thumb Code     0  rt_memcpy_w.o(.text)
    __rt_memcpy_w                            0x0800051f   Thumb Code   100  rt_memcpy_w.o(.text)
    _memcpy_lastbytes_aligned                0x08000567   Thumb Code     0  rt_memcpy_w.o(.text)
    __aeabi_memclr                           0x08000583   Thumb Code     0  rt_memclr.o(.text)
    __rt_memclr                              0x08000583   Thumb Code    68  rt_memclr.o(.text)
    _memset                                  0x08000587   Thumb Code     0  rt_memclr.o(.text)
    __aeabi_memclr4                          0x080005c7   Thumb Code     0  rt_memclr_w.o(.text)
    __aeabi_memclr8                          0x080005c7   Thumb Code     0  rt_memclr_w.o(.text)
    __rt_memclr_w                            0x080005c7   Thumb Code    78  rt_memclr_w.o(.text)
    _memset_w                                0x080005cb   Thumb Code     0  rt_memclr_w.o(.text)
    __use_two_region_memory                  0x08000615   Thumb Code     2  heapauxi.o(.text)
    __rt_heap_escrow$2region                 0x08000617   Thumb Code     2  heapauxi.o(.text)
    __rt_heap_expand$2region                 0x08000619   Thumb Code     2  heapauxi.o(.text)
    __user_setup_stackheap                   0x0800061b   Thumb Code    74  sys_stackheap_outer.o(.text)
    exit                                     0x08000665   Thumb Code    18  exit.o(.text)
    __user_libspace                          0x08000679   Thumb Code     8  libspace.o(.text)
    __user_perproc_libspace                  0x08000679   Thumb Code     0  libspace.o(.text)
    __user_perthread_libspace                0x08000679   Thumb Code     0  libspace.o(.text)
    _sys_exit                                0x08000681   Thumb Code     8  sys_exit.o(.text)
    __I$use$semihosting                      0x0800068d   Thumb Code     0  use_no_semi.o(.text)
    __use_no_semihosting_swi                 0x0800068d   Thumb Code     2  use_no_semi.o(.text)
    __semihosting_library_function           0x0800068f   Thumb Code     0  indicate_semi.o(.text)
    Append_CRC16_Check_Sum                   0x08000691   Thumb Code    36  crc16.o(i.Append_CRC16_Check_Sum)
    Append_CRC8_Check_Num                    0x080006b9   Thumb Code    32  crc8.o(i.Append_CRC8_Check_Num)
    BusFault_Handler                         0x080006d9   Thumb Code     2  stm32f4xx_it.o(i.BusFault_Handler)
    CAN1_Get_Data                            0x080006dd   Thumb Code    46  config_can.o(i.CAN1_Get_Data)
    CAN1_Init                                0x08000715   Thumb Code    36  drv_can.o(i.CAN1_Init)
    CAN1_RX0_IRQHandler                      0x0800073d   Thumb Code     6  stm32f4xx_it.o(i.CAN1_RX0_IRQHandler)
    CAN2_Get_Data                            0x08000749   Thumb Code    12  config_can.o(i.CAN2_Get_Data)
    CAN2_Init                                0x08000755   Thumb Code    36  drv_can.o(i.CAN2_Init)
    CAN2_RX0_IRQHandler                      0x0800077d   Thumb Code     6  stm32f4xx_it.o(i.CAN2_RX0_IRQHandler)
    CAN_Filter_ParamsInit                    0x08000789   Thumb Code    26  drv_can.o(i.CAN_Filter_ParamsInit)
    CAN_SendData                             0x080007a5   Thumb Code    48  drv_can.o(i.CAN_SendData)
    Control_Task                             0x080007dd   Thumb Code    14  tasks_1.o(i.Control_Task)
    DMA1_Stream0_IRQHandler                  0x080007ed   Thumb Code     6  stm32f4xx_it.o(i.DMA1_Stream0_IRQHandler)
    DMA1_Stream1_IRQHandler                  0x080007f9   Thumb Code     6  stm32f4xx_it.o(i.DMA1_Stream1_IRQHandler)
    DMA1_Stream2_IRQHandler                  0x08000805   Thumb Code     6  stm32f4xx_it.o(i.DMA1_Stream2_IRQHandler)
    DMA1_Stream5_IRQHandler                  0x08000811   Thumb Code     6  stm32f4xx_it.o(i.DMA1_Stream5_IRQHandler)
    DMA1_Stream7_IRQHandler                  0x0800081d   Thumb Code     6  stm32f4xx_it.o(i.DMA1_Stream7_IRQHandler)
    DMA2_Stream2_IRQHandler                  0x08000829   Thumb Code     6  stm32f4xx_it.o(i.DMA2_Stream2_IRQHandler)
    DMA2_Stream7_IRQHandler                  0x08000835   Thumb Code     6  stm32f4xx_it.o(i.DMA2_Stream7_IRQHandler)
    DRV_UART_IRQHandler                      0x08000b8b   Thumb Code    20  drv_uart.o(i.DRV_UART_IRQHandler)
    DebugMon_Handler                         0x08000b9f   Thumb Code     2  stm32f4xx_it.o(i.DebugMon_Handler)
    Error_Handler                            0x08000ba1   Thumb Code     4  main.o(i.Error_Handler)
    Get_CRC16_Check_Sum                      0x08000ba5   Thumb Code    38  crc16.o(i.Get_CRC16_Check_Sum)
    Get_CRC8_Check_Num                       0x08000bd1   Thumb Code    26  crc8.o(i.Get_CRC8_Check_Num)
    HAL_CAN_ActivateNotification             0x08000bf1   Thumb Code    36  stm32f4xx_hal_can.o(i.HAL_CAN_ActivateNotification)
    HAL_CAN_AddTxMessage                     0x08000c15   Thumb Code   200  stm32f4xx_hal_can.o(i.HAL_CAN_AddTxMessage)
    HAL_CAN_ConfigFilter                     0x08000cdd   Thumb Code   262  stm32f4xx_hal_can.o(i.HAL_CAN_ConfigFilter)
    HAL_CAN_ErrorCallback                    0x08000de9   Thumb Code     2  stm32f4xx_hal_can.o(i.HAL_CAN_ErrorCallback)
    HAL_CAN_GetRxMessage                     0x08000deb   Thumb Code   232  stm32f4xx_hal_can.o(i.HAL_CAN_GetRxMessage)
    HAL_CAN_IRQHandler                       0x08000ed3   Thumb Code   508  stm32f4xx_hal_can.o(i.HAL_CAN_IRQHandler)
    HAL_CAN_Init                             0x080010cf   Thumb Code   282  stm32f4xx_hal_can.o(i.HAL_CAN_Init)
    HAL_CAN_MspInit                          0x080011e9   Thumb Code   226  can.o(i.HAL_CAN_MspInit)
    HAL_CAN_RxFifo0FullCallback              0x080012e5   Thumb Code     2  stm32f4xx_hal_can.o(i.HAL_CAN_RxFifo0FullCallback)
    HAL_CAN_RxFifo0MsgPendingCallback        0x080012e9   Thumb Code    60  drv_can.o(i.HAL_CAN_RxFifo0MsgPendingCallback)
    HAL_CAN_RxFifo1FullCallback              0x08001331   Thumb Code     2  stm32f4xx_hal_can.o(i.HAL_CAN_RxFifo1FullCallback)
    HAL_CAN_RxFifo1MsgPendingCallback        0x08001333   Thumb Code     2  stm32f4xx_hal_can.o(i.HAL_CAN_RxFifo1MsgPendingCallback)
    HAL_CAN_SleepCallback                    0x08001335   Thumb Code     2  stm32f4xx_hal_can.o(i.HAL_CAN_SleepCallback)
    HAL_CAN_Start                            0x08001339   Thumb Code    88  stm32f4xx_hal_can.o(i.HAL_CAN_Start)
    HAL_CAN_TxMailbox0AbortCallback          0x08001391   Thumb Code     2  stm32f4xx_hal_can.o(i.HAL_CAN_TxMailbox0AbortCallback)
    HAL_CAN_TxMailbox0CompleteCallback       0x08001393   Thumb Code     2  stm32f4xx_hal_can.o(i.HAL_CAN_TxMailbox0CompleteCallback)
    HAL_CAN_TxMailbox1AbortCallback          0x08001395   Thumb Code     2  stm32f4xx_hal_can.o(i.HAL_CAN_TxMailbox1AbortCallback)
    HAL_CAN_TxMailbox1CompleteCallback       0x08001397   Thumb Code     2  stm32f4xx_hal_can.o(i.HAL_CAN_TxMailbox1CompleteCallback)
    HAL_CAN_TxMailbox2AbortCallback          0x08001399   Thumb Code     2  stm32f4xx_hal_can.o(i.HAL_CAN_TxMailbox2AbortCallback)
    HAL_CAN_TxMailbox2CompleteCallback       0x0800139b   Thumb Code     2  stm32f4xx_hal_can.o(i.HAL_CAN_TxMailbox2CompleteCallback)
    HAL_CAN_WakeUpFromRxMsgCallback          0x0800139d   Thumb Code     2  stm32f4xx_hal_can.o(i.HAL_CAN_WakeUpFromRxMsgCallback)
    HAL_DMA_Abort                            0x0800139f   Thumb Code   146  stm32f4xx_hal_dma.o(i.HAL_DMA_Abort)
    HAL_DMA_Abort_IT                         0x08001431   Thumb Code    36  stm32f4xx_hal_dma.o(i.HAL_DMA_Abort_IT)
    HAL_DMA_IRQHandler                       0x08001455   Thumb Code   412  stm32f4xx_hal_dma.o(i.HAL_DMA_IRQHandler)
    HAL_DMA_Init                             0x080015f5   Thumb Code   206  stm32f4xx_hal_dma.o(i.HAL_DMA_Init)
    HAL_DMA_Start_IT                         0x080016c9   Thumb Code   110  stm32f4xx_hal_dma.o(i.HAL_DMA_Start_IT)
    HAL_GPIO_Init                            0x08001739   Thumb Code   450  stm32f4xx_hal_gpio.o(i.HAL_GPIO_Init)
    HAL_GetTick                              0x08001929   Thumb Code     6  stm32f4xx_hal.o(i.HAL_GetTick)
    HAL_IWDG_Init                            0x08001935   Thumb Code    90  stm32f4xx_hal_iwdg.o(i.HAL_IWDG_Init)
    HAL_IncTick                              0x08001991   Thumb Code    12  stm32f4xx_hal.o(i.HAL_IncTick)
    HAL_Init                                 0x080019a1   Thumb Code    48  stm32f4xx_hal.o(i.HAL_Init)
    HAL_InitTick                             0x080019d5   Thumb Code   102  stm32f4xx_hal_timebase_tim.o(i.HAL_InitTick)
    HAL_MspInit                              0x08001a49   Thumb Code    52  stm32f4xx_hal_msp.o(i.HAL_MspInit)
    HAL_NVIC_EnableIRQ                       0x08001a81   Thumb Code    26  stm32f4xx_hal_cortex.o(i.HAL_NVIC_EnableIRQ)
    HAL_NVIC_SetPriority                     0x08001a9d   Thumb Code    60  stm32f4xx_hal_cortex.o(i.HAL_NVIC_SetPriority)
    HAL_NVIC_SetPriorityGrouping             0x08001add   Thumb Code    26  stm32f4xx_hal_cortex.o(i.HAL_NVIC_SetPriorityGrouping)
    HAL_RCC_ClockConfig                      0x08001b01   Thumb Code   288  stm32f4xx_hal_rcc.o(i.HAL_RCC_ClockConfig)
    HAL_RCC_GetClockConfig                   0x08001c35   Thumb Code    54  stm32f4xx_hal_rcc.o(i.HAL_RCC_GetClockConfig)
    HAL_RCC_GetPCLK1Freq                     0x08001c75   Thumb Code    20  stm32f4xx_hal_rcc.o(i.HAL_RCC_GetPCLK1Freq)
    HAL_RCC_GetPCLK2Freq                     0x08001c95   Thumb Code    20  stm32f4xx_hal_rcc.o(i.HAL_RCC_GetPCLK2Freq)
    HAL_RCC_GetSysClockFreq                  0x08001cb5   Thumb Code    88  stm32f4xx_hal_rcc.o(i.HAL_RCC_GetSysClockFreq)
    HAL_RCC_OscConfig                        0x08001d19   Thumb Code   856  stm32f4xx_hal_rcc.o(i.HAL_RCC_OscConfig)
    HAL_TIMEx_BreakCallback                  0x08002085   Thumb Code     2  stm32f4xx_hal_tim_ex.o(i.HAL_TIMEx_BreakCallback)
    HAL_TIMEx_CommutCallback                 0x08002087   Thumb Code     2  stm32f4xx_hal_tim_ex.o(i.HAL_TIMEx_CommutCallback)
    HAL_TIM_Base_Init                        0x08002089   Thumb Code    90  stm32f4xx_hal_tim.o(i.HAL_TIM_Base_Init)
    HAL_TIM_Base_MspInit                     0x080020e3   Thumb Code     2  stm32f4xx_hal_tim.o(i.HAL_TIM_Base_MspInit)
    HAL_TIM_Base_Start_IT                    0x080020e5   Thumb Code   100  stm32f4xx_hal_tim.o(i.HAL_TIM_Base_Start_IT)
    HAL_TIM_IC_CaptureCallback               0x08002165   Thumb Code     2  stm32f4xx_hal_tim.o(i.HAL_TIM_IC_CaptureCallback)
    HAL_TIM_IRQHandler                       0x08002167   Thumb Code   358  stm32f4xx_hal_tim.o(i.HAL_TIM_IRQHandler)
    HAL_TIM_OC_DelayElapsedCallback          0x080022cd   Thumb Code     2  stm32f4xx_hal_tim.o(i.HAL_TIM_OC_DelayElapsedCallback)
    HAL_TIM_PWM_PulseFinishedCallback        0x080022cf   Thumb Code     2  stm32f4xx_hal_tim.o(i.HAL_TIM_PWM_PulseFinishedCallback)
    HAL_TIM_PeriodElapsedCallback            0x080022d1   Thumb Code    14  main.o(i.HAL_TIM_PeriodElapsedCallback)
    HAL_TIM_TriggerCallback                  0x080022df   Thumb Code     2  stm32f4xx_hal_tim.o(i.HAL_TIM_TriggerCallback)
    HAL_UARTEx_RxEventCallback               0x080022e1   Thumb Code     2  stm32f4xx_hal_uart.o(i.HAL_UARTEx_RxEventCallback)
    HAL_UART_ErrorCallback                   0x080022e3   Thumb Code     2  stm32f4xx_hal_uart.o(i.HAL_UART_ErrorCallback)
    HAL_UART_IRQHandler                      0x080022e5   Thumb Code   610  stm32f4xx_hal_uart.o(i.HAL_UART_IRQHandler)
    HAL_UART_Init                            0x0800254d   Thumb Code    98  stm32f4xx_hal_uart.o(i.HAL_UART_Init)
    HAL_UART_MspInit                         0x080025b1   Thumb Code   854  usart.o(i.HAL_UART_MspInit)
    HAL_UART_RxCpltCallback                  0x08002945   Thumb Code     2  stm32f4xx_hal_uart.o(i.HAL_UART_RxCpltCallback)
    HAL_UART_Transmit_DMA                    0x08002949   Thumb Code   126  stm32f4xx_hal_uart.o(i.HAL_UART_Transmit_DMA)
    HAL_UART_TxCpltCallback                  0x080029d5   Thumb Code     2  stm32f4xx_hal_uart.o(i.HAL_UART_TxCpltCallback)
    HAL_UART_TxHalfCpltCallback              0x080029d7   Thumb Code     2  stm32f4xx_hal_uart.o(i.HAL_UART_TxHalfCpltCallback)
    HardFault_Handler                        0x080029d9   Thumb Code     2  stm32f4xx_it.o(i.HardFault_Handler)
    MX_CAN1_Init                             0x080029dd   Thumb Code    62  can.o(i.MX_CAN1_Init)
    MX_CAN2_Init                             0x08002a25   Thumb Code    62  can.o(i.MX_CAN2_Init)
    MX_DMA_Init                              0x08002a6d   Thumb Code   152  dma.o(i.MX_DMA_Init)
    MX_FREERTOS_Init                         0x08002b09   Thumb Code    52  freertos.o(i.MX_FREERTOS_Init)
    MX_GPIO_Init                             0x08002b45   Thumb Code    86  gpio.o(i.MX_GPIO_Init)
    MX_IWDG_Init                             0x08002ba1   Thumb Code    36  iwdg.o(i.MX_IWDG_Init)
    MX_UART4_Init                            0x08002bcd   Thumb Code    48  usart.o(i.MX_UART4_Init)
    MX_UART5_Init                            0x08002c05   Thumb Code    48  usart.o(i.MX_UART5_Init)
    MX_USART1_UART_Init                      0x08002c3d   Thumb Code    48  usart.o(i.MX_USART1_UART_Init)
    MX_USART2_UART_Init                      0x08002c75   Thumb Code    48  usart.o(i.MX_USART2_UART_Init)
    MX_USART3_UART_Init                      0x08002cad   Thumb Code    48  usart.o(i.MX_USART3_UART_Init)
    MemManage_Handler                        0x08002ce5   Thumb Code     2  stm32f4xx_it.o(i.MemManage_Handler)
    NMI_Handler                              0x08002ce7   Thumb Code     2  stm32f4xx_it.o(i.NMI_Handler)
    StartDefaultTask                         0x08002ce9   Thumb Code     8  freertos.o(i.StartDefaultTask)
    SysTick_Handler                          0x08002cf1   Thumb Code    38  port.o(i.SysTick_Handler)
    SystemClock_Config                       0x08002d1d   Thumb Code   148  main.o(i.SystemClock_Config)
    SystemInit                               0x08002db9   Thumb Code    12  system_stm32f4xx.o(i.SystemInit)
    TIM2_IRQHandler                          0x08002dc9   Thumb Code     6  stm32f4xx_it.o(i.TIM2_IRQHandler)
    TIM_Base_SetConfig                       0x08002dd5   Thumb Code   156  stm32f4xx_hal_tim.o(i.TIM_Base_SetConfig)
    UART4_IRQHandler                         0x08002e9d   Thumb Code    18  stm32f4xx_it.o(i.UART4_IRQHandler)
    UART5_IRQHandler                         0x08002eb5   Thumb Code    18  stm32f4xx_it.o(i.UART5_IRQHandler)
    UI_send_Group1                           0x080031a9   Thumb Code   330  my_judge.o(i.UI_send_Group1)
    UI_send_Group2                           0x08003311   Thumb Code   480  my_judge.o(i.UI_send_Group2)
    UI_send_Group3                           0x08003515   Thumb Code   226  my_judge.o(i.UI_send_Group3)
    UI_send_Group4                           0x0800360d   Thumb Code   426  my_judge.o(i.UI_send_Group4)
    UI_send_char_1                           0x080037d9   Thumb Code   160  my_judge.o(i.UI_send_char_1)
    UI_send_char_2                           0x08003885   Thumb Code   160  my_judge.o(i.UI_send_char_2)
    UI_send_char_3                           0x08003931   Thumb Code   160  my_judge.o(i.UI_send_char_3)
    USART1_IRQHandler                        0x080039dd   Thumb Code    18  stm32f4xx_it.o(i.USART1_IRQHandler)
    USART1_Init                              0x080039f5   Thumb Code    48  drv_uart.o(i.USART1_Init)
    USART1_rxDataHandler                     0x08003a2d   Thumb Code     2  config_uart.o(i.USART1_rxDataHandler)
    USART2_IRQHandler                        0x08003a31   Thumb Code    18  stm32f4xx_it.o(i.USART2_IRQHandler)
    USART2_Init                              0x08003a49   Thumb Code    52  drv_uart.o(i.USART2_Init)
    USART2_rxDataHandler                     0x08003a85   Thumb Code     2  config_uart.o(i.USART2_rxDataHandler)
    USART3_IRQHandler                        0x08003a89   Thumb Code    18  stm32f4xx_it.o(i.USART3_IRQHandler)
    USART3_Init                              0x08003aa1   Thumb Code    46  drv_uart.o(i.USART3_Init)
    USART3_rxDataHandler                     0x08003ad9   Thumb Code     2  config_uart.o(i.USART3_rxDataHandler)
    USART4_Init                              0x08003add   Thumb Code    46  drv_uart.o(i.USART4_Init)
    USART4_rxDataHandler                     0x08003b15   Thumb Code     2  config_uart.o(i.USART4_rxDataHandler)
    USART5_Init                              0x08003b19   Thumb Code    46  drv_uart.o(i.USART5_Init)
    USART5_rxDataHandler                     0x08003b51   Thumb Code    22  config_uart.o(i.USART5_rxDataHandler)
    UsageFault_Handler                       0x08003b6d   Thumb Code     2  stm32f4xx_it.o(i.UsageFault_Handler)
    Verify_CRC16_Check_Sum                   0x08003b71   Thumb Code    54  crc16.o(i.Verify_CRC16_Check_Sum)
    Verify_CRC8_Check_Sum                    0x08003bad   Thumb Code    42  crc8.o(i.Verify_CRC8_Check_Sum)
    cap_2E_send                              0x08003bf9   Thumb Code    44  cap_protocol.o(i.cap_2E_send)
    cap_2F_send                              0x08003c31   Thumb Code    96  cap_protocol.o(i.cap_2F_send)
    cap_receive                              0x08003ca1   Thumb Code    70  cap_protocol.o(i.cap_receive)
    client_info_update                       0x08003cf5   Thumb Code    36  my_judge.o(i.client_info_update)
    client_send_char                         0x08003d21   Thumb Code   126  my_judge.o(i.client_send_char)
    client_send_seven_graphic                0x08003da9   Thumb Code   112  my_judge.o(i.client_send_seven_graphic)
    draw_char                                0x08003e49   Thumb Code   176  my_judge.o(i.draw_char)
    draw_circle                              0x08003ef9   Thumb Code   180  my_judge.o(i.draw_circle)
    draw_int                                 0x08003fad   Thumb Code   194  my_judge.o(i.draw_int)
    draw_line                                0x0800406f   Thumb Code   176  my_judge.o(i.draw_line)
    draw_rectangle                           0x0800411f   Thumb Code   178  my_judge.o(i.draw_rectangle)
    driver_init                              0x080041d1   Thumb Code    34  drive.o(i.driver_init)
    global_vary_system                       0x080041f5   Thumb Code    42  my_judge.o(i.global_vary_system)
    int16_to_float                           0x08004229   Thumb Code    38  cap_protocol.o(i.int16_to_float)
    judge_receive                            0x08004251   Thumb Code   150  judge_protocol.o(i.judge_receive)
    judge_update                             0x080042f1   Thumb Code   190  config_judge.o(i.judge_update)
    main                                     0x080043b9   Thumb Code    62  main.o(i.main)
    osDelay                                  0x08004403   Thumb Code    14  cmsis_os.o(i.osDelay)
    osKernelStart                            0x08004411   Thumb Code    10  cmsis_os.o(i.osKernelStart)
    osThreadCreate                           0x0800441b   Thumb Code    84  cmsis_os.o(i.osThreadCreate)
    pvPortMalloc                             0x080047bd   Thumb Code   216  heap_4.o(i.pvPortMalloc)
    pxPortInitialiseStack                    0x08004899   Thumb Code    40  port.o(i.pxPortInitialiseStack)
    tick_task                                0x080048c5   Thumb Code   118  my_judge.o(i.tick_task)
    trans_to_master_powerheat                0x08004941   Thumb Code    44  serve_protocol.o(i.trans_to_master_powerheat)
    trans_to_master_robot_hurt               0x08004979   Thumb Code    44  serve_protocol.o(i.trans_to_master_robot_hurt)
    trans_to_master_robot_pos                0x080049b1   Thumb Code    26  serve_protocol.o(i.trans_to_master_robot_pos)
    trans_to_master_robot_status             0x080049d9   Thumb Code    58  serve_protocol.o(i.trans_to_master_robot_status)
    trans_to_master_shoot_data               0x08004a21   Thumb Code    26  serve_protocol.o(i.trans_to_master_shoot_data)
    uart_send_data                           0x08004b39   Thumb Code    10  my_judge.o(i.uart_send_data)
    uxListRemove                             0x08004b49   Thumb Code    38  list.o(i.uxListRemove)
    vApplicationGetIdleTaskMemory            0x08004b71   Thumb Code    16  freertos.o(i.vApplicationGetIdleTaskMemory)
    vListInitialise                          0x08004b85   Thumb Code    22  list.o(i.vListInitialise)
    vListInitialiseItem                      0x08004b9b   Thumb Code     6  list.o(i.vListInitialiseItem)
    vListInsert                              0x08004ba1   Thumb Code    48  list.o(i.vListInsert)
    vListInsertEnd                           0x08004bd1   Thumb Code    24  list.o(i.vListInsertEnd)
    vPortEnterCritical                       0x08004be9   Thumb Code    54  port.o(i.vPortEnterCritical)
    vPortExitCritical                        0x08004c29   Thumb Code    34  port.o(i.vPortExitCritical)
    vPortFree                                0x08004c51   Thumb Code    94  heap_4.o(i.vPortFree)
    vPortSetupTimerInterrupt                 0x08004cb5   Thumb Code    32  port.o(i.vPortSetupTimerInterrupt)
    vTaskDelay                               0x08004cd9   Thumb Code    66  tasks.o(i.vTaskDelay)
    vTaskStartScheduler                      0x08004d25   Thumb Code    90  tasks.o(i.vTaskStartScheduler)
    vTaskSuspendAll                          0x08004d91   Thumb Code    10  tasks.o(i.vTaskSuspendAll)
    vTaskSwitchContext                       0x08004da1   Thumb Code    82  tasks.o(i.vTaskSwitchContext)
    xPortStartScheduler                      0x08004dfd   Thumb Code   222  port.o(i.xPortStartScheduler)
    xTaskCreate                              0x08004ef1   Thumb Code    90  tasks.o(i.xTaskCreate)
    xTaskCreateStatic                        0x08004f4b   Thumb Code    86  tasks.o(i.xTaskCreateStatic)
    xTaskIncrementTick                       0x08004fa1   Thumb Code   194  tasks.o(i.xTaskIncrementTick)
    xTaskResumeAll                           0x0800506d   Thumb Code   182  tasks.o(i.xTaskResumeAll)
    _fp_init                                 0x08005131   Thumb Code    10  fpinit.o(x$fpl$fpinit)
    __fplib_config_fpu_vfp                   0x08005139   Thumb Code     0  fpinit.o(x$fpl$fpinit)
    __fplib_config_pureend_doubles           0x08005139   Thumb Code     0  fpinit.o(x$fpl$fpinit)
    AHBPrescTable                            0x0800517c   Data          16  system_stm32f4xx.o(.constdata)
    APBPrescTable                            0x0800518c   Data           8  system_stm32f4xx.o(.constdata)
    CRC8_TAB                                 0x08005194   Data         256  crc8.o(.constdata)
    wCRC_Table                               0x08005294   Data         512  crc16.o(.constdata)
    Region$$Table$$Base                      0x080054ac   Number         0  anon$$obj.o(Region$$Table)
    Region$$Table$$Limit                     0x080054cc   Number         0  anon$$obj.o(Region$$Table)
    defaultTaskHandle                        0x20000000   Data           4  freertos.o(.data)
    ControlTaskHandle                        0x20000004   Data           4  freertos.o(.data)
    uwTickFreq                               0x2000000c   Data           1  stm32f4xx_hal.o(.data)
    uwTickPrio                               0x20000010   Data           4  stm32f4xx_hal.o(.data)
    uwTick                                   0x20000014   Data           4  stm32f4xx_hal.o(.data)
    SystemCoreClock                          0x20000018   Data           4  system_stm32f4xx.o(.data)
    pxCurrentTCB                             0x2000001c   Data           4  tasks.o(.data)
    CRC_INIT                                 0x20000084   Data           2  crc16.o(.data)
    test                                     0x20000088   Data           2  judge_protocol.o(.data)
    test_l                                   0x2000008a   Data           2  judge_protocol.o(.data)
    drv_judge_info                           0x2000008c   Data           8  judge_protocol.o(.data)
    judge_frame_header                       0x20000094   Data           6  judge_protocol.o(.data)
    cap_send_buff_2E                         0x2000009a   Data           8  cap_protocol.o(.data)
    cap_send_buff_2F                         0x200000a2   Data           8  cap_protocol.o(.data)
    serve_buf_1                              0x200000aa   Data           8  serve_protocol.o(.data)
    serve_buf_2                              0x200000b2   Data           8  serve_protocol.o(.data)
    serve_buf_3                              0x200000ba   Data           8  serve_protocol.o(.data)
    serve_buf_4                              0x200000c2   Data           8  serve_protocol.o(.data)
    serve_buf_5                              0x200000ca   Data           8  serve_protocol.o(.data)
    cap                                      0x200000d2   Data           2  cap.o(.data)
    judge                                    0x200000d4   Data           4  judge.o(.data)
    global_top_mode                          0x200000d8   Data           1  my_judge.o(.data)
    global_vision_status                     0x200000d9   Data           1  my_judge.o(.data)
    global_vision_main_mode                  0x200000da   Data           1  my_judge.o(.data)
    global_fric_status                       0x200000db   Data           1  my_judge.o(.data)
    global_detect_number                     0x200000dc   Data           1  my_judge.o(.data)
    global_fric_speed                        0x200000de   Data           2  my_judge.o(.data)
    AIM_X                                    0x200000e0   Data           2  my_judge.o(.data)
    AIM_Y                                    0x200000e2   Data           2  my_judge.o(.data)
    client_info                              0x200000e6   Data           4  my_judge.o(.data)
    global_cap_voltage                       0x200000ec   Data           4  my_judge.o(.data)
    low_voltage                              0x200000f0   Data           4  my_judge.o(.data)
    global_receive                           0x20000134   Data           8  my_judge.o(.data)
    supercap_info                            0x2000013c   Data          30  my_judge.o(.data)
    top_info                                 0x2000015a   Data          30  my_judge.o(.data)
    vision_info                              0x20000178   Data          30  my_judge.o(.data)
    fric_info                                0x20000196   Data          30  my_judge.o(.data)
    hcan1                                    0x20000408   Data          40  can.o(.bss)
    hcan2                                    0x20000430   Data          40  can.o(.bss)
    hiwdg                                    0x20000458   Data          12  iwdg.o(.bss)
    huart4                                   0x20000464   Data          68  usart.o(.bss)
    huart5                                   0x200004a8   Data          68  usart.o(.bss)
    huart1                                   0x200004ec   Data          68  usart.o(.bss)
    huart2                                   0x20000530   Data          68  usart.o(.bss)
    huart3                                   0x20000574   Data          68  usart.o(.bss)
    hdma_uart4_rx                            0x200005b8   Data          96  usart.o(.bss)
    hdma_uart5_rx                            0x20000618   Data          96  usart.o(.bss)
    hdma_uart5_tx                            0x20000678   Data          96  usart.o(.bss)
    hdma_usart1_rx                           0x200006d8   Data          96  usart.o(.bss)
    hdma_usart1_tx                           0x20000738   Data          96  usart.o(.bss)
    hdma_usart2_rx                           0x20000798   Data          96  usart.o(.bss)
    hdma_usart3_rx                           0x200007f8   Data          96  usart.o(.bss)
    htim2                                    0x20000858   Data          72  stm32f4xx_hal_timebase_tim.o(.bss)
    can1_tx_buf                              0x20004590   Data          16  drv_can.o(.bss)
    CAN_RxInfo                               0x200045a0   Data          36  drv_can.o(.bss)
    usart1_dma_rxbuf                         0x200045c4   Data         350  drv_uart.o(.bss)
    usart2_dma_rxbuf                         0x20004722   Data          48  drv_uart.o(.bss)
    usart3_dma_rxbuf                         0x20004752   Data         200  drv_uart.o(.bss)
    usart4_dma_rxbuf                         0x2000481a   Data         200  drv_uart.o(.bss)
    usart5_dma_rxbuf                         0x200048e2   Data         200  drv_uart.o(.bss)
    test_buff                                0x200049aa   Data         128  config_uart.o(.bss)
    data_t                                   0x20004a2a   Data          60  judge_protocol.o(.bss)
    cap_receive_data                         0x20004a68   Data          12  cap_protocol.o(.bss)
    judge_send_info                          0x20004a78   Data         104  judge.o(.bss)
    client_tx_buf                            0x20004ae0   Data         128  my_judge.o(.bss)
    super_char_buff                          0x20004b60   Data          15  my_judge.o(.bss)
    super_char_character                     0x20004b6f   Data          45  my_judge.o(.bss)
    top_mode_buff                            0x20004b9c   Data          15  my_judge.o(.bss)
    top_mode_character                       0x20004bab   Data          45  my_judge.o(.bss)
    vision_mode_buff                         0x20004bd8   Data          15  my_judge.o(.bss)
    vision_mode_character                    0x20004be7   Data          45  my_judge.o(.bss)
    fric_mode_buff                           0x20004c14   Data          15  my_judge.o(.bss)
    fric_mode_character                      0x20004c23   Data          45  my_judge.o(.bss)
    Group1                                   0x20004c50   Data         105  my_judge.o(.bss)
    Group2                                   0x20004cb9   Data         105  my_judge.o(.bss)
    Group3                                   0x20004d22   Data         105  my_judge.o(.bss)
    Group4                                   0x20004d8b   Data         105  my_judge.o(.bss)
    __libspace_start                         0x20004df4   Data          96  libspace.o(.bss)
    __temporary_stack_top$libspace           0x20004e54   Data           0  libspace.o(.bss)



==============================================================================

Memory Map of the image

  Image Entry point : 0x08000189

  Load Region LR_IROM1 (Base: 0x08000000, Size: 0x00005680, Max: 0x00080000, ABSOLUTE, COMPRESSED[0x00005524])

    Execution Region ER_IROM1 (Exec base: 0x08000000, Load base: 0x08000000, Size: 0x000054cc, Max: 0x00080000, ABSOLUTE)

    Exec Addr    Load Addr    Size         Type   Attr      Idx    E Section Name        Object

    0x08000000   0x08000000   0x00000188   Data   RO            3    RESET               startup_stm32f407xx.o
    0x08000188   0x08000188   0x00000008   Code   RO         5581  * !!!main             c_w.l(__main.o)
    0x08000190   0x08000190   0x00000034   Code   RO         5750    !!!scatter          c_w.l(__scatter.o)
    0x080001c4   0x080001c4   0x0000005a   Code   RO         5748    !!dczerorl2         c_w.l(__dczerorl2.o)
    0x0800021e   0x0800021e   0x00000002   PAD
    0x08000220   0x08000220   0x0000001c   Code   RO         5752    !!handler_zi        c_w.l(__scatter_zi.o)
    0x0800023c   0x0800023c   0x00000002   Code   RO         5618    .ARM.Collect$$libinit$$00000000  c_w.l(libinit.o)
    0x0800023e   0x0800023e   0x00000004   Code   RO         5630    .ARM.Collect$$libinit$$00000001  c_w.l(libinit2.o)
    0x08000242   0x08000242   0x00000000   Code   RO         5633    .ARM.Collect$$libinit$$00000004  c_w.l(libinit2.o)
    0x08000242   0x08000242   0x00000000   Code   RO         5636    .ARM.Collect$$libinit$$0000000A  c_w.l(libinit2.o)
    0x08000242   0x08000242   0x00000000   Code   RO         5638    .ARM.Collect$$libinit$$0000000C  c_w.l(libinit2.o)
    0x08000242   0x08000242   0x00000000   Code   RO         5640    .ARM.Collect$$libinit$$0000000E  c_w.l(libinit2.o)
    0x08000242   0x08000242   0x00000000   Code   RO         5643    .ARM.Collect$$libinit$$00000011  c_w.l(libinit2.o)
    0x08000242   0x08000242   0x00000000   Code   RO         5645    .ARM.Collect$$libinit$$00000013  c_w.l(libinit2.o)
    0x08000242   0x08000242   0x00000000   Code   RO         5647    .ARM.Collect$$libinit$$00000015  c_w.l(libinit2.o)
    0x08000242   0x08000242   0x00000000   Code   RO         5649    .ARM.Collect$$libinit$$00000017  c_w.l(libinit2.o)
    0x08000242   0x08000242   0x00000000   Code   RO         5651    .ARM.Collect$$libinit$$00000019  c_w.l(libinit2.o)
    0x08000242   0x08000242   0x00000000   Code   RO         5653    .ARM.Collect$$libinit$$0000001B  c_w.l(libinit2.o)
    0x08000242   0x08000242   0x00000000   Code   RO         5655    .ARM.Collect$$libinit$$0000001D  c_w.l(libinit2.o)
    0x08000242   0x08000242   0x00000000   Code   RO         5657    .ARM.Collect$$libinit$$0000001F  c_w.l(libinit2.o)
    0x08000242   0x08000242   0x00000000   Code   RO         5659    .ARM.Collect$$libinit$$00000021  c_w.l(libinit2.o)
    0x08000242   0x08000242   0x00000000   Code   RO         5661    .ARM.Collect$$libinit$$00000023  c_w.l(libinit2.o)
    0x08000242   0x08000242   0x00000000   Code   RO         5663    .ARM.Collect$$libinit$$00000025  c_w.l(libinit2.o)
    0x08000242   0x08000242   0x00000000   Code   RO         5667    .ARM.Collect$$libinit$$0000002C  c_w.l(libinit2.o)
    0x08000242   0x08000242   0x00000000   Code   RO         5669    .ARM.Collect$$libinit$$0000002E  c_w.l(libinit2.o)
    0x08000242   0x08000242   0x00000000   Code   RO         5671    .ARM.Collect$$libinit$$00000030  c_w.l(libinit2.o)
    0x08000242   0x08000242   0x00000000   Code   RO         5673    .ARM.Collect$$libinit$$00000032  c_w.l(libinit2.o)
    0x08000242   0x08000242   0x00000002   Code   RO         5674    .ARM.Collect$$libinit$$00000033  c_w.l(libinit2.o)
    0x08000244   0x08000244   0x00000002   Code   RO         5705    .ARM.Collect$$libshutdown$$00000000  c_w.l(libshutdown.o)
    0x08000246   0x08000246   0x00000000   Code   RO         5731    .ARM.Collect$$libshutdown$$00000002  c_w.l(libshutdown2.o)
    0x08000246   0x08000246   0x00000000   Code   RO         5733    .ARM.Collect$$libshutdown$$00000004  c_w.l(libshutdown2.o)
    0x08000246   0x08000246   0x00000000   Code   RO         5736    .ARM.Collect$$libshutdown$$00000007  c_w.l(libshutdown2.o)
    0x08000246   0x08000246   0x00000000   Code   RO         5739    .ARM.Collect$$libshutdown$$0000000A  c_w.l(libshutdown2.o)
    0x08000246   0x08000246   0x00000000   Code   RO         5741    .ARM.Collect$$libshutdown$$0000000C  c_w.l(libshutdown2.o)
    0x08000246   0x08000246   0x00000000   Code   RO         5744    .ARM.Collect$$libshutdown$$0000000F  c_w.l(libshutdown2.o)
    0x08000246   0x08000246   0x00000002   Code   RO         5745    .ARM.Collect$$libshutdown$$00000010  c_w.l(libshutdown2.o)
    0x08000248   0x08000248   0x00000000   Code   RO         5583    .ARM.Collect$$rtentry$$00000000  c_w.l(__rtentry.o)
    0x08000248   0x08000248   0x00000000   Code   RO         5589    .ARM.Collect$$rtentry$$00000002  c_w.l(__rtentry2.o)
    0x08000248   0x08000248   0x00000006   Code   RO         5601    .ARM.Collect$$rtentry$$00000004  c_w.l(__rtentry4.o)
    0x0800024e   0x0800024e   0x00000000   Code   RO         5591    .ARM.Collect$$rtentry$$00000009  c_w.l(__rtentry2.o)
    0x0800024e   0x0800024e   0x00000004   Code   RO         5592    .ARM.Collect$$rtentry$$0000000A  c_w.l(__rtentry2.o)
    0x08000252   0x08000252   0x00000000   Code   RO         5594    .ARM.Collect$$rtentry$$0000000C  c_w.l(__rtentry2.o)
    0x08000252   0x08000252   0x00000008   Code   RO         5595    .ARM.Collect$$rtentry$$0000000D  c_w.l(__rtentry2.o)
    0x0800025a   0x0800025a   0x00000002   Code   RO         5622    .ARM.Collect$$rtexit$$00000000  c_w.l(rtexit.o)
    0x0800025c   0x0800025c   0x00000000   Code   RO         5678    .ARM.Collect$$rtexit$$00000002  c_w.l(rtexit2.o)
    0x0800025c   0x0800025c   0x00000004   Code   RO         5679    .ARM.Collect$$rtexit$$00000003  c_w.l(rtexit2.o)
    0x08000260   0x08000260   0x00000006   Code   RO         5680    .ARM.Collect$$rtexit$$00000004  c_w.l(rtexit2.o)
    0x08000266   0x08000266   0x00000002   PAD
    0x08000268   0x08000268   0x000000be   Code   RO         4665    .emb_text           port.o
    0x08000326   0x08000326   0x00000002   PAD
    0x08000328   0x08000328   0x00000040   Code   RO            4    .text               startup_stm32f407xx.o
    0x08000368   0x08000368   0x000000ee   Code   RO         5565    .text               c_w.l(lludivv7m.o)
    0x08000456   0x08000456   0x0000003e   Code   RO         5567    .text               c_w.l(strlen.o)
    0x08000494   0x08000494   0x0000008a   Code   RO         5569    .text               c_w.l(rt_memcpy_v6.o)
    0x0800051e   0x0800051e   0x00000064   Code   RO         5571    .text               c_w.l(rt_memcpy_w.o)
    0x08000582   0x08000582   0x00000044   Code   RO         5575    .text               c_w.l(rt_memclr.o)
    0x080005c6   0x080005c6   0x0000004e   Code   RO         5577    .text               c_w.l(rt_memclr_w.o)
    0x08000614   0x08000614   0x00000006   Code   RO         5579    .text               c_w.l(heapauxi.o)
    0x0800061a   0x0800061a   0x0000004a   Code   RO         5605    .text               c_w.l(sys_stackheap_outer.o)
    0x08000664   0x08000664   0x00000012   Code   RO         5607    .text               c_w.l(exit.o)
    0x08000676   0x08000676   0x00000002   PAD
    0x08000678   0x08000678   0x00000008   Code   RO         5619    .text               c_w.l(libspace.o)
    0x08000680   0x08000680   0x0000000c   Code   RO         5675    .text               c_w.l(sys_exit.o)
    0x0800068c   0x0800068c   0x00000002   Code   RO         5694    .text               c_w.l(use_no_semi.o)
    0x0800068e   0x0800068e   0x00000000   Code   RO         5696    .text               c_w.l(indicate_semi.o)
    0x0800068e   0x0800068e   0x00000002   PAD
    0x08000690   0x08000690   0x00000028   Code   RO         5104    i.Append_CRC16_Check_Sum  crc16.o
    0x080006b8   0x080006b8   0x00000020   Code   RO         5061    i.Append_CRC8_Check_Num  crc8.o
    0x080006d8   0x080006d8   0x00000002   Code   RO          470    i.BusFault_Handler  stm32f4xx_it.o
    0x080006da   0x080006da   0x00000002   PAD
    0x080006dc   0x080006dc   0x00000038   Code   RO         4926    i.CAN1_Get_Data     config_can.o
    0x08000714   0x08000714   0x00000028   Code   RO         4745    i.CAN1_Init         drv_can.o
    0x0800073c   0x0800073c   0x0000000c   Code   RO          471    i.CAN1_RX0_IRQHandler  stm32f4xx_it.o
    0x08000748   0x08000748   0x0000000c   Code   RO         4927    i.CAN2_Get_Data     config_can.o
    0x08000754   0x08000754   0x00000028   Code   RO         4746    i.CAN2_Init         drv_can.o
    0x0800077c   0x0800077c   0x0000000c   Code   RO          472    i.CAN2_RX0_IRQHandler  stm32f4xx_it.o
    0x08000788   0x08000788   0x0000001a   Code   RO         4747    i.CAN_Filter_ParamsInit  drv_can.o
    0x080007a2   0x080007a2   0x00000002   PAD
    0x080007a4   0x080007a4   0x00000038   Code   RO         4748    i.CAN_SendData      drv_can.o
    0x080007dc   0x080007dc   0x0000000e   Code   RO         5539    i.Control_Task      tasks_1.o
    0x080007ea   0x080007ea   0x00000002   PAD
    0x080007ec   0x080007ec   0x0000000c   Code   RO          473    i.DMA1_Stream0_IRQHandler  stm32f4xx_it.o
    0x080007f8   0x080007f8   0x0000000c   Code   RO          474    i.DMA1_Stream1_IRQHandler  stm32f4xx_it.o
    0x08000804   0x08000804   0x0000000c   Code   RO          475    i.DMA1_Stream2_IRQHandler  stm32f4xx_it.o
    0x08000810   0x08000810   0x0000000c   Code   RO          476    i.DMA1_Stream5_IRQHandler  stm32f4xx_it.o
    0x0800081c   0x0800081c   0x0000000c   Code   RO          477    i.DMA1_Stream7_IRQHandler  stm32f4xx_it.o
    0x08000828   0x08000828   0x0000000c   Code   RO          478    i.DMA2_Stream2_IRQHandler  stm32f4xx_it.o
    0x08000834   0x08000834   0x0000000c   Code   RO          479    i.DMA2_Stream7_IRQHandler  stm32f4xx_it.o
    0x08000840   0x08000840   0x00000244   Code   RO         4816    i.DMAEx_MultiBufferStart_NoIT  drv_uart.o
    0x08000a84   0x08000a84   0x00000028   Code   RO         1377    i.DMA_CalcBaseAndBitshift  stm32f4xx_hal_dma.o
    0x08000aac   0x08000aac   0x00000054   Code   RO         1378    i.DMA_CheckFifoParam  stm32f4xx_hal_dma.o
    0x08000b00   0x08000b00   0x00000028   Code   RO         1379    i.DMA_SetConfig     stm32f4xx_hal_dma.o
    0x08000b28   0x08000b28   0x00000062   Code   RO         4817    i.DMA_Start         drv_uart.o
    0x08000b8a   0x08000b8a   0x00000014   Code   RO         4818    i.DRV_UART_IRQHandler  drv_uart.o
    0x08000b9e   0x08000b9e   0x00000002   Code   RO          480    i.DebugMon_Handler  stm32f4xx_it.o
    0x08000ba0   0x08000ba0   0x00000004   Code   RO           13    i.Error_Handler     main.o
    0x08000ba4   0x08000ba4   0x0000002c   Code   RO         5105    i.Get_CRC16_Check_Sum  crc16.o
    0x08000bd0   0x08000bd0   0x00000020   Code   RO         5062    i.Get_CRC8_Check_Num  crc8.o
    0x08000bf0   0x08000bf0   0x00000024   Code   RO          685    i.HAL_CAN_ActivateNotification  stm32f4xx_hal_can.o
    0x08000c14   0x08000c14   0x000000c8   Code   RO          686    i.HAL_CAN_AddTxMessage  stm32f4xx_hal_can.o
    0x08000cdc   0x08000cdc   0x0000010c   Code   RO          687    i.HAL_CAN_ConfigFilter  stm32f4xx_hal_can.o
    0x08000de8   0x08000de8   0x00000002   Code   RO          690    i.HAL_CAN_ErrorCallback  stm32f4xx_hal_can.o
    0x08000dea   0x08000dea   0x000000e8   Code   RO          693    i.HAL_CAN_GetRxMessage  stm32f4xx_hal_can.o
    0x08000ed2   0x08000ed2   0x000001fc   Code   RO          697    i.HAL_CAN_IRQHandler  stm32f4xx_hal_can.o
    0x080010ce   0x080010ce   0x0000011a   Code   RO          698    i.HAL_CAN_Init      stm32f4xx_hal_can.o
    0x080011e8   0x080011e8   0x000000fc   Code   RO          302    i.HAL_CAN_MspInit   can.o
    0x080012e4   0x080012e4   0x00000002   Code   RO          705    i.HAL_CAN_RxFifo0FullCallback  stm32f4xx_hal_can.o
    0x080012e6   0x080012e6   0x00000002   PAD
    0x080012e8   0x080012e8   0x00000048   Code   RO         4750    i.HAL_CAN_RxFifo0MsgPendingCallback  drv_can.o
    0x08001330   0x08001330   0x00000002   Code   RO          707    i.HAL_CAN_RxFifo1FullCallback  stm32f4xx_hal_can.o
    0x08001332   0x08001332   0x00000002   Code   RO          708    i.HAL_CAN_RxFifo1MsgPendingCallback  stm32f4xx_hal_can.o
    0x08001334   0x08001334   0x00000002   Code   RO          709    i.HAL_CAN_SleepCallback  stm32f4xx_hal_can.o
    0x08001336   0x08001336   0x00000002   PAD
    0x08001338   0x08001338   0x00000058   Code   RO          710    i.HAL_CAN_Start     stm32f4xx_hal_can.o
    0x08001390   0x08001390   0x00000002   Code   RO          712    i.HAL_CAN_TxMailbox0AbortCallback  stm32f4xx_hal_can.o
    0x08001392   0x08001392   0x00000002   Code   RO          713    i.HAL_CAN_TxMailbox0CompleteCallback  stm32f4xx_hal_can.o
    0x08001394   0x08001394   0x00000002   Code   RO          714    i.HAL_CAN_TxMailbox1AbortCallback  stm32f4xx_hal_can.o
    0x08001396   0x08001396   0x00000002   Code   RO          715    i.HAL_CAN_TxMailbox1CompleteCallback  stm32f4xx_hal_can.o
    0x08001398   0x08001398   0x00000002   Code   RO          716    i.HAL_CAN_TxMailbox2AbortCallback  stm32f4xx_hal_can.o
    0x0800139a   0x0800139a   0x00000002   Code   RO          717    i.HAL_CAN_TxMailbox2CompleteCallback  stm32f4xx_hal_can.o
    0x0800139c   0x0800139c   0x00000002   Code   RO          719    i.HAL_CAN_WakeUpFromRxMsgCallback  stm32f4xx_hal_can.o
    0x0800139e   0x0800139e   0x00000092   Code   RO         1380    i.HAL_DMA_Abort     stm32f4xx_hal_dma.o
    0x08001430   0x08001430   0x00000024   Code   RO         1381    i.HAL_DMA_Abort_IT  stm32f4xx_hal_dma.o
    0x08001454   0x08001454   0x000001a0   Code   RO         1385    i.HAL_DMA_IRQHandler  stm32f4xx_hal_dma.o
    0x080015f4   0x080015f4   0x000000d4   Code   RO         1386    i.HAL_DMA_Init      stm32f4xx_hal_dma.o
    0x080016c8   0x080016c8   0x0000006e   Code   RO         1390    i.HAL_DMA_Start_IT  stm32f4xx_hal_dma.o
    0x08001736   0x08001736   0x00000002   PAD
    0x08001738   0x08001738   0x000001f0   Code   RO         1273    i.HAL_GPIO_Init     stm32f4xx_hal_gpio.o
    0x08001928   0x08001928   0x0000000c   Code   RO         1805    i.HAL_GetTick       stm32f4xx_hal.o
    0x08001934   0x08001934   0x0000005a   Code   RO         2050    i.HAL_IWDG_Init     stm32f4xx_hal_iwdg.o
    0x0800198e   0x0800198e   0x00000002   PAD
    0x08001990   0x08001990   0x00000010   Code   RO         1811    i.HAL_IncTick       stm32f4xx_hal.o
    0x080019a0   0x080019a0   0x00000034   Code   RO         1812    i.HAL_Init          stm32f4xx_hal.o
    0x080019d4   0x080019d4   0x00000074   Code   RO          645    i.HAL_InitTick      stm32f4xx_hal_timebase_tim.o
    0x08001a48   0x08001a48   0x00000038   Code   RO          621    i.HAL_MspInit       stm32f4xx_hal_msp.o
    0x08001a80   0x08001a80   0x0000001a   Code   RO         1662    i.HAL_NVIC_EnableIRQ  stm32f4xx_hal_cortex.o
    0x08001a9a   0x08001a9a   0x00000002   PAD
    0x08001a9c   0x08001a9c   0x00000040   Code   RO         1668    i.HAL_NVIC_SetPriority  stm32f4xx_hal_cortex.o
    0x08001adc   0x08001adc   0x00000024   Code   RO         1669    i.HAL_NVIC_SetPriorityGrouping  stm32f4xx_hal_cortex.o
    0x08001b00   0x08001b00   0x00000134   Code   RO          919    i.HAL_RCC_ClockConfig  stm32f4xx_hal_rcc.o
    0x08001c34   0x08001c34   0x00000040   Code   RO          923    i.HAL_RCC_GetClockConfig  stm32f4xx_hal_rcc.o
    0x08001c74   0x08001c74   0x00000020   Code   RO          926    i.HAL_RCC_GetPCLK1Freq  stm32f4xx_hal_rcc.o
    0x08001c94   0x08001c94   0x00000020   Code   RO          927    i.HAL_RCC_GetPCLK2Freq  stm32f4xx_hal_rcc.o
    0x08001cb4   0x08001cb4   0x00000064   Code   RO          928    i.HAL_RCC_GetSysClockFreq  stm32f4xx_hal_rcc.o
    0x08001d18   0x08001d18   0x0000036c   Code   RO          931    i.HAL_RCC_OscConfig  stm32f4xx_hal_rcc.o
    0x08002084   0x08002084   0x00000002   Code   RO         2786    i.HAL_TIMEx_BreakCallback  stm32f4xx_hal_tim_ex.o
    0x08002086   0x08002086   0x00000002   Code   RO         2787    i.HAL_TIMEx_CommutCallback  stm32f4xx_hal_tim_ex.o
    0x08002088   0x08002088   0x0000005a   Code   RO         2082    i.HAL_TIM_Base_Init  stm32f4xx_hal_tim.o
    0x080020e2   0x080020e2   0x00000002   Code   RO         2084    i.HAL_TIM_Base_MspInit  stm32f4xx_hal_tim.o
    0x080020e4   0x080020e4   0x00000080   Code   RO         2087    i.HAL_TIM_Base_Start_IT  stm32f4xx_hal_tim.o
    0x08002164   0x08002164   0x00000002   Code   RO         2116    i.HAL_TIM_IC_CaptureCallback  stm32f4xx_hal_tim.o
    0x08002166   0x08002166   0x00000166   Code   RO         2130    i.HAL_TIM_IRQHandler  stm32f4xx_hal_tim.o
    0x080022cc   0x080022cc   0x00000002   Code   RO         2133    i.HAL_TIM_OC_DelayElapsedCallback  stm32f4xx_hal_tim.o
    0x080022ce   0x080022ce   0x00000002   Code   RO         2160    i.HAL_TIM_PWM_PulseFinishedCallback  stm32f4xx_hal_tim.o
    0x080022d0   0x080022d0   0x0000000e   Code   RO           14    i.HAL_TIM_PeriodElapsedCallback  main.o
    0x080022de   0x080022de   0x00000002   Code   RO         2173    i.HAL_TIM_TriggerCallback  stm32f4xx_hal_tim.o
    0x080022e0   0x080022e0   0x00000002   Code   RO         3064    i.HAL_UARTEx_RxEventCallback  stm32f4xx_hal_uart.o
    0x080022e2   0x080022e2   0x00000002   Code   RO         3078    i.HAL_UART_ErrorCallback  stm32f4xx_hal_uart.o
    0x080022e4   0x080022e4   0x00000268   Code   RO         3081    i.HAL_UART_IRQHandler  stm32f4xx_hal_uart.o
    0x0800254c   0x0800254c   0x00000062   Code   RO         3082    i.HAL_UART_Init     stm32f4xx_hal_uart.o
    0x080025ae   0x080025ae   0x00000002   PAD
    0x080025b0   0x080025b0   0x00000394   Code   RO          405    i.HAL_UART_MspInit  usart.o
    0x08002944   0x08002944   0x00000002   Code   RO         3088    i.HAL_UART_RxCpltCallback  stm32f4xx_hal_uart.o
    0x08002946   0x08002946   0x00000002   PAD
    0x08002948   0x08002948   0x0000008c   Code   RO         3091    i.HAL_UART_Transmit_DMA  stm32f4xx_hal_uart.o
    0x080029d4   0x080029d4   0x00000002   Code   RO         3093    i.HAL_UART_TxCpltCallback  stm32f4xx_hal_uart.o
    0x080029d6   0x080029d6   0x00000002   Code   RO         3094    i.HAL_UART_TxHalfCpltCallback  stm32f4xx_hal_uart.o
    0x080029d8   0x080029d8   0x00000002   Code   RO          481    i.HardFault_Handler  stm32f4xx_it.o
    0x080029da   0x080029da   0x00000002   PAD
    0x080029dc   0x080029dc   0x00000048   Code   RO          303    i.MX_CAN1_Init      can.o
    0x08002a24   0x08002a24   0x00000048   Code   RO          304    i.MX_CAN2_Init      can.o
    0x08002a6c   0x08002a6c   0x0000009c   Code   RO          350    i.MX_DMA_Init       dma.o
    0x08002b08   0x08002b08   0x0000003c   Code   RO          246    i.MX_FREERTOS_Init  freertos.o
    0x08002b44   0x08002b44   0x0000005c   Code   RO          221    i.MX_GPIO_Init      gpio.o
    0x08002ba0   0x08002ba0   0x0000002c   Code   RO          374    i.MX_IWDG_Init      iwdg.o
    0x08002bcc   0x08002bcc   0x00000038   Code   RO          406    i.MX_UART4_Init     usart.o
    0x08002c04   0x08002c04   0x00000038   Code   RO          407    i.MX_UART5_Init     usart.o
    0x08002c3c   0x08002c3c   0x00000038   Code   RO          408    i.MX_USART1_UART_Init  usart.o
    0x08002c74   0x08002c74   0x00000038   Code   RO          409    i.MX_USART2_UART_Init  usart.o
    0x08002cac   0x08002cac   0x00000038   Code   RO          410    i.MX_USART3_UART_Init  usart.o
    0x08002ce4   0x08002ce4   0x00000002   Code   RO          482    i.MemManage_Handler  stm32f4xx_it.o
    0x08002ce6   0x08002ce6   0x00000002   Code   RO          483    i.NMI_Handler       stm32f4xx_it.o
    0x08002ce8   0x08002ce8   0x00000008   Code   RO          247    i.StartDefaultTask  freertos.o
    0x08002cf0   0x08002cf0   0x0000002c   Code   RO         4666    i.SysTick_Handler   port.o
    0x08002d1c   0x08002d1c   0x0000009c   Code   RO           15    i.SystemClock_Config  main.o
    0x08002db8   0x08002db8   0x00000010   Code   RO         3411    i.SystemInit        system_stm32f4xx.o
    0x08002dc8   0x08002dc8   0x0000000c   Code   RO          484    i.TIM2_IRQHandler   stm32f4xx_it.o
    0x08002dd4   0x08002dd4   0x000000c8   Code   RO         2175    i.TIM_Base_SetConfig  stm32f4xx_hal_tim.o
    0x08002e9c   0x08002e9c   0x00000018   Code   RO          485    i.UART4_IRQHandler  stm32f4xx_it.o
    0x08002eb4   0x08002eb4   0x00000018   Code   RO          486    i.UART5_IRQHandler  stm32f4xx_it.o
    0x08002ecc   0x08002ecc   0x00000010   Code   RO         3095    i.UART_DMAAbortOnError  stm32f4xx_hal_uart.o
    0x08002edc   0x08002edc   0x0000004a   Code   RO         3096    i.UART_DMAError     stm32f4xx_hal_uart.o
    0x08002f26   0x08002f26   0x00000042   Code   RO         3101    i.UART_DMATransmitCplt  stm32f4xx_hal_uart.o
    0x08002f68   0x08002f68   0x0000000a   Code   RO         3103    i.UART_DMATxHalfCplt  stm32f4xx_hal_uart.o
    0x08002f72   0x08002f72   0x0000004e   Code   RO         3105    i.UART_EndRxTransfer  stm32f4xx_hal_uart.o
    0x08002fc0   0x08002fc0   0x0000001c   Code   RO         3106    i.UART_EndTxTransfer  stm32f4xx_hal_uart.o
    0x08002fdc   0x08002fdc   0x000000c0   Code   RO         3107    i.UART_Receive_IT   stm32f4xx_hal_uart.o
    0x0800309c   0x0800309c   0x0000010c   Code   RO         3108    i.UART_SetConfig    stm32f4xx_hal_uart.o
    0x080031a8   0x080031a8   0x00000168   Code   RO         5340    i.UI_send_Group1    my_judge.o
    0x08003310   0x08003310   0x00000204   Code   RO         5341    i.UI_send_Group2    my_judge.o
    0x08003514   0x08003514   0x000000f8   Code   RO         5342    i.UI_send_Group3    my_judge.o
    0x0800360c   0x0800360c   0x000001cc   Code   RO         5343    i.UI_send_Group4    my_judge.o
    0x080037d8   0x080037d8   0x000000ac   Code   RO         5344    i.UI_send_char_1    my_judge.o
    0x08003884   0x08003884   0x000000ac   Code   RO         5345    i.UI_send_char_2    my_judge.o
    0x08003930   0x08003930   0x000000ac   Code   RO         5346    i.UI_send_char_3    my_judge.o
    0x080039dc   0x080039dc   0x00000018   Code   RO          487    i.USART1_IRQHandler  stm32f4xx_it.o
    0x080039f4   0x080039f4   0x00000038   Code   RO         4819    i.USART1_Init       drv_uart.o
    0x08003a2c   0x08003a2c   0x00000002   Code   RO         4971    i.USART1_rxDataHandler  config_uart.o
    0x08003a2e   0x08003a2e   0x00000002   PAD
    0x08003a30   0x08003a30   0x00000018   Code   RO          488    i.USART2_IRQHandler  stm32f4xx_it.o
    0x08003a48   0x08003a48   0x0000003c   Code   RO         4820    i.USART2_Init       drv_uart.o
    0x08003a84   0x08003a84   0x00000002   Code   RO         4972    i.USART2_rxDataHandler  config_uart.o
    0x08003a86   0x08003a86   0x00000002   PAD
    0x08003a88   0x08003a88   0x00000018   Code   RO          489    i.USART3_IRQHandler  stm32f4xx_it.o
    0x08003aa0   0x08003aa0   0x00000038   Code   RO         4821    i.USART3_Init       drv_uart.o
    0x08003ad8   0x08003ad8   0x00000002   Code   RO         4973    i.USART3_rxDataHandler  config_uart.o
    0x08003ada   0x08003ada   0x00000002   PAD
    0x08003adc   0x08003adc   0x00000038   Code   RO         4822    i.USART4_Init       drv_uart.o
    0x08003b14   0x08003b14   0x00000002   Code   RO         4974    i.USART4_rxDataHandler  config_uart.o
    0x08003b16   0x08003b16   0x00000002   PAD
    0x08003b18   0x08003b18   0x00000038   Code   RO         4823    i.USART5_Init       drv_uart.o
    0x08003b50   0x08003b50   0x0000001c   Code   RO         4975    i.USART5_rxDataHandler  config_uart.o
    0x08003b6c   0x08003b6c   0x00000002   Code   RO          490    i.UsageFault_Handler  stm32f4xx_it.o
    0x08003b6e   0x08003b6e   0x00000002   PAD
    0x08003b70   0x08003b70   0x0000003c   Code   RO         5106    i.Verify_CRC16_Check_Sum  crc16.o
    0x08003bac   0x08003bac   0x0000002a   Code   RO         5063    i.Verify_CRC8_Check_Sum  crc8.o
    0x08003bd6   0x08003bd6   0x00000020   Code   RO         1675    i.__NVIC_SetPriority  stm32f4xx_hal_cortex.o
    0x08003bf6   0x08003bf6   0x00000002   PAD
    0x08003bf8   0x08003bf8   0x00000038   Code   RO         5182    i.cap_2E_send       cap_protocol.o
    0x08003c30   0x08003c30   0x00000070   Code   RO         5183    i.cap_2F_send       cap_protocol.o
    0x08003ca0   0x08003ca0   0x00000054   Code   RO         5184    i.cap_receive       cap_protocol.o
    0x08003cf4   0x08003cf4   0x0000002c   Code   RO         5350    i.client_info_update  my_judge.o
    0x08003d20   0x08003d20   0x00000088   Code   RO         5351    i.client_send_char  my_judge.o
    0x08003da8   0x08003da8   0x00000078   Code   RO         5354    i.client_send_seven_graphic  my_judge.o
    0x08003e20   0x08003e20   0x00000014   Code   RO         4824    i.dma_m0_rxcplt_callback  drv_uart.o
    0x08003e34   0x08003e34   0x00000014   Code   RO         4825    i.dma_m1_rxcplt_callback  drv_uart.o
    0x08003e48   0x08003e48   0x000000b0   Code   RO         5357    i.draw_char         my_judge.o
    0x08003ef8   0x08003ef8   0x000000b4   Code   RO         5358    i.draw_circle       my_judge.o
    0x08003fac   0x08003fac   0x000000c2   Code   RO         5361    i.draw_int          my_judge.o
    0x0800406e   0x0800406e   0x000000b0   Code   RO         5362    i.draw_line         my_judge.o
    0x0800411e   0x0800411e   0x000000b2   Code   RO         5363    i.draw_rectangle    my_judge.o
    0x080041d0   0x080041d0   0x00000022   Code   RO         4902    i.driver_init       drive.o
    0x080041f2   0x080041f2   0x00000002   PAD
    0x080041f4   0x080041f4   0x00000034   Code   RO         5364    i.global_vary_system  my_judge.o
    0x08004228   0x08004228   0x00000026   Code   RO         5186    i.int16_to_float    cap_protocol.o
    0x0800424e   0x0800424e   0x00000002   PAD
    0x08004250   0x08004250   0x000000a0   Code   RO         5144    i.judge_receive     judge_protocol.o
    0x080042f0   0x080042f0   0x000000c8   Code   RO         5026    i.judge_update      config_judge.o
    0x080043b8   0x080043b8   0x0000003e   Code   RO           16    i.main              main.o
    0x080043f6   0x080043f6   0x0000000c   Code   RO         4231    i.makeFreeRtosPriority  cmsis_os.o
    0x08004402   0x08004402   0x0000000e   Code   RO         4233    i.osDelay           cmsis_os.o
    0x08004410   0x08004410   0x0000000a   Code   RO         4236    i.osKernelStart     cmsis_os.o
    0x0800441a   0x0800441a   0x00000054   Code   RO         4270    i.osThreadCreate    cmsis_os.o
    0x0800446e   0x0800446e   0x00000002   PAD
    0x08004470   0x08004470   0x00000070   Code   RO         3913    i.prvAddCurrentTaskToDelayedList  tasks.o
    0x080044e0   0x080044e0   0x000000d0   Code   RO         3914    i.prvAddNewTaskToReadyList  tasks.o
    0x080045b0   0x080045b0   0x00000034   Code   RO         3915    i.prvDeleteTCB      tasks.o
    0x080045e4   0x080045e4   0x0000004c   Code   RO         4598    i.prvHeapInit       heap_4.o
    0x08004630   0x08004630   0x00000060   Code   RO         3916    i.prvIdleTask       tasks.o
    0x08004690   0x08004690   0x00000098   Code   RO         3917    i.prvInitialiseNewTask  tasks.o
    0x08004728   0x08004728   0x0000004c   Code   RO         4599    i.prvInsertBlockIntoFreeList  heap_4.o
    0x08004774   0x08004774   0x00000020   Code   RO         3918    i.prvResetNextTaskUnblockTime  tasks.o
    0x08004794   0x08004794   0x00000028   Code   RO         4667    i.prvTaskExitError  port.o
    0x080047bc   0x080047bc   0x000000dc   Code   RO         4600    i.pvPortMalloc      heap_4.o
    0x08004898   0x08004898   0x0000002c   Code   RO         4668    i.pxPortInitialiseStack  port.o
    0x080048c4   0x080048c4   0x0000007c   Code   RO         5365    i.tick_task         my_judge.o
    0x08004940   0x08004940   0x00000038   Code   RO         5237    i.trans_to_master_powerheat  serve_protocol.o
    0x08004978   0x08004978   0x00000038   Code   RO         5238    i.trans_to_master_robot_hurt  serve_protocol.o
    0x080049b0   0x080049b0   0x00000028   Code   RO         5239    i.trans_to_master_robot_pos  serve_protocol.o
    0x080049d8   0x080049d8   0x00000048   Code   RO         5240    i.trans_to_master_robot_status  serve_protocol.o
    0x08004a20   0x08004a20   0x00000028   Code   RO         5241    i.trans_to_master_shoot_data  serve_protocol.o
    0x08004a48   0x08004a48   0x000000f0   Code   RO         4826    i.uart_rx_idle_callback  drv_uart.o
    0x08004b38   0x08004b38   0x00000010   Code   RO         5366    i.uart_send_data    my_judge.o
    0x08004b48   0x08004b48   0x00000026   Code   RO         3549    i.uxListRemove      list.o
    0x08004b6e   0x08004b6e   0x00000002   PAD
    0x08004b70   0x08004b70   0x00000014   Code   RO          248    i.vApplicationGetIdleTaskMemory  freertos.o
    0x08004b84   0x08004b84   0x00000016   Code   RO         3550    i.vListInitialise   list.o
    0x08004b9a   0x08004b9a   0x00000006   Code   RO         3551    i.vListInitialiseItem  list.o
    0x08004ba0   0x08004ba0   0x00000030   Code   RO         3552    i.vListInsert       list.o
    0x08004bd0   0x08004bd0   0x00000018   Code   RO         3553    i.vListInsertEnd    list.o
    0x08004be8   0x08004be8   0x00000040   Code   RO         4670    i.vPortEnterCritical  port.o
    0x08004c28   0x08004c28   0x00000028   Code   RO         4671    i.vPortExitCritical  port.o
    0x08004c50   0x08004c50   0x00000064   Code   RO         4601    i.vPortFree         heap_4.o
    0x08004cb4   0x08004cb4   0x00000024   Code   RO         4672    i.vPortSetupTimerInterrupt  port.o
    0x08004cd8   0x08004cd8   0x0000004c   Code   RO         3927    i.vTaskDelay        tasks.o
    0x08004d24   0x08004d24   0x0000006c   Code   RO         3940    i.vTaskStartScheduler  tasks.o
    0x08004d90   0x08004d90   0x00000010   Code   RO         3942    i.vTaskSuspendAll   tasks.o
    0x08004da0   0x08004da0   0x0000005c   Code   RO         3943    i.vTaskSwitchContext  tasks.o
    0x08004dfc   0x08004dfc   0x000000f4   Code   RO         4674    i.xPortStartScheduler  port.o
    0x08004ef0   0x08004ef0   0x0000005a   Code   RO         3946    i.xTaskCreate       tasks.o
    0x08004f4a   0x08004f4a   0x00000056   Code   RO         3947    i.xTaskCreateStatic  tasks.o
    0x08004fa0   0x08004fa0   0x000000cc   Code   RO         3954    i.xTaskIncrementTick  tasks.o
    0x0800506c   0x0800506c   0x000000c4   Code   RO         3960    i.xTaskResumeAll    tasks.o
    0x08005130   0x08005130   0x0000000a   Code   RO         5690    x$fpl$fpinit        fz_wm.l(fpinit.o)
    0x0800513a   0x0800513a   0x00000002   PAD
    0x0800513c   0x0800513c   0x00000038   Data   RO          250    .constdata          freertos.o
    0x08005174   0x08005174   0x00000008   Data   RO         1392    .constdata          stm32f4xx_hal_dma.o
    0x0800517c   0x0800517c   0x00000010   Data   RO         3412    .constdata          system_stm32f4xx.o
    0x0800518c   0x0800518c   0x00000008   Data   RO         3413    .constdata          system_stm32f4xx.o
    0x08005194   0x08005194   0x00000100   Data   RO         5065    .constdata          crc8.o
    0x08005294   0x08005294   0x00000200   Data   RO         5107    .constdata          crc16.o
    0x08005494   0x08005494   0x00000018   Data   RO          251    .conststring        freertos.o
    0x080054ac   0x080054ac   0x00000020   Data   RO         5746    Region$$Table       anon$$obj.o


    Execution Region RW_IRAM1 (Exec base: 0x20000000, Load base: 0x080054cc, Size: 0x00005458, Max: 0x0001c000, ABSOLUTE, COMPRESSED[0x00000058])

    Exec Addr    Load Addr    Size         Type   Attr      Idx    E Section Name        Object

    0x20000000   COMPRESSED   0x00000008   Data   RW          252    .data               freertos.o
    0x20000008   COMPRESSED   0x00000004   Data   RW          306    .data               can.o
    0x2000000c   COMPRESSED   0x0000000c   Data   RW         1819    .data               stm32f4xx_hal.o
    0x20000018   COMPRESSED   0x00000004   Data   RW         3414    .data               system_stm32f4xx.o
    0x2000001c   COMPRESSED   0x0000003c   Data   RW         3963    .data               tasks.o
    0x20000058   COMPRESSED   0x00000020   Data   RW         4607    .data               heap_4.o
    0x20000078   COMPRESSED   0x0000000c   Data   RW         4675    .data               port.o
    0x20000084   COMPRESSED   0x00000002   Data   RW         5108    .data               crc16.o
    0x20000086   COMPRESSED   0x00000002   PAD
    0x20000088   COMPRESSED   0x0000000c   Data   RW         5146    .data               judge_protocol.o
    0x20000094   COMPRESSED   0x00000006   Data   RW         5147    .data               judge_protocol.o
    0x2000009a   COMPRESSED   0x00000010   Data   RW         5188    .data               cap_protocol.o
    0x200000aa   COMPRESSED   0x00000028   Data   RW         5242    .data               serve_protocol.o
    0x200000d2   COMPRESSED   0x00000002   Data   RW         5289    .data               cap.o
    0x200000d4   COMPRESSED   0x00000004   Data   RW         5314    .data               judge.o
    0x200000d8   COMPRESSED   0x000000dc   Data   RW         5368    .data               my_judge.o
    0x200001b4        -       0x00000254   Zero   RW          249    .bss                freertos.o
    0x20000408        -       0x00000050   Zero   RW          305    .bss                can.o
    0x20000458        -       0x0000000c   Zero   RW          375    .bss                iwdg.o
    0x20000464        -       0x000003f4   Zero   RW          411    .bss                usart.o
    0x20000858        -       0x00000048   Zero   RW          648    .bss                stm32f4xx_hal_timebase_tim.o
    0x200008a0        -       0x000000f0   Zero   RW         3962    .bss                tasks.o
    0x20000990        -       0x00003c00   Zero   RW         4606    .bss                heap_4.o
    0x20004590        -       0x00000034   Zero   RW         4751    .bss                drv_can.o
    0x200045c4        -       0x000003e6   Zero   RW         4827    .bss                drv_uart.o
    0x200049aa        -       0x00000080   Zero   RW         4976    .bss                config_uart.o
    0x20004a2a        -       0x0000003c   Zero   RW         5145    .bss                judge_protocol.o
    0x20004a66   COMPRESSED   0x00000002   PAD
    0x20004a68        -       0x0000000c   Zero   RW         5187    .bss                cap_protocol.o
    0x20004a74   COMPRESSED   0x00000004   PAD
    0x20004a78        -       0x00000068   Zero   RW         5313    .bss                judge.o
    0x20004ae0        -       0x00000314   Zero   RW         5367    .bss                my_judge.o
    0x20004df4        -       0x00000060   Zero   RW         5620    .bss                c_w.l(libspace.o)
    0x20004e54   COMPRESSED   0x00000004   PAD
    0x20004e58        -       0x00000200   Zero   RW            2    HEAP                startup_stm32f407xx.o
    0x20005058        -       0x00000400   Zero   RW            1    STACK               startup_stm32f407xx.o


    Execution Region RW_IRAM2 (Exec base: 0x2001c000, Load base: 0x08005524, Size: 0x00000000, Max: 0x00004000, ABSOLUTE)

    **** No section assigned to this execution region ****


==============================================================================

Image component sizes


      Code (inc. data)   RO Data    RW Data    ZI Data      Debug   Object Name

       396         46          0          4         80       2478   can.o
         0          0          0          2          0        566   cap.o
       290         42          0         16         12       3872   cap_protocol.o
       120          0          0          0          0      23273   cmsis_os.o
        68         10          0          0          0       1520   config_can.o
       200         10          0          0          0       1503   config_judge.o
        36          6          0          0        128       7760   config_uart.o
       144         16        512          2          0       2738   crc16.o
       106          6        256          0          0       2602   crc8.o
       156          4          0          0          0        858   dma.o
        34          0          0          0          0        514   drive.o
       234         28          0          0         52       4214   drv_can.o
      1262        104          0          0        998       7732   drv_uart.o
         0          0          0          0          0      16872   event_groups.o
        88         12         80          8        596       2552   freertos.o
        92          6          0          0          0        903   gpio.o
       472         24          0         32      15360       7403   heap_4.o
        44          8          0          0         12        723   iwdg.o
         0          0          0          4        104       1003   judge.o
       160         10          0         18         60       6099   judge_protocol.o
       138          0          0          0          0       3530   list.o
       236          8          0          0          0     736652   main.o
      3496        214          0        220        788      18324   my_judge.o
       702         72          0         12          0      10976   port.o
       264         66          0         40          0       3601   serve_protocol.o
        64         26        392          0       1536        844   startup_stm32f407xx.o
        80         14          0         12          0       8074   stm32f4xx_hal.o
      1638          6          0          0          0      14243   stm32f4xx_hal_can.o
       158         14          0          0          0      33142   stm32f4xx_hal_cortex.o
      1084         16          8          0          0       7338   stm32f4xx_hal_dma.o
       496         46          0          0          0       1532   stm32f4xx_hal_gpio.o
        90          0          0          0          0       1292   stm32f4xx_hal_iwdg.o
        56          4          0          0          0        866   stm32f4xx_hal_msp.o
      1412         86          0          0          0       5889   stm32f4xx_hal_rcc.o
       786         72          0          0          0       7344   stm32f4xx_hal_tim.o
         4          0          0          0          0       1597   stm32f4xx_hal_tim_ex.o
       116         14          0          0         72       1419   stm32f4xx_hal_timebase_tim.o
      1596         30          0          0          0      12194   stm32f4xx_hal_uart.o
       252         90          0          0          0      10075   stm32f4xx_it.o
         0          0          0          0          0        384   stream_buffer.o
        16          4         24          4          0       1127   system_stm32f4xx.o
      1520        112          0         60        240      19458   tasks.o
        14          0          0          0          0        487   tasks_1.o
      1196        102          0          0       1012       5188   usart.o

    ----------------------------------------------------------------------
     19360       1328       1304        436      21056    1000761   Object Totals
         0          0         32          0          0          0   (incl. Generated)
        44          0          0          2          6          0   (incl. Padding)

    ----------------------------------------------------------------------

      Code (inc. data)   RO Data    RW Data    ZI Data      Debug   Library Member Name

        90          0          0          0          0          0   __dczerorl2.o
         8          0          0          0          0         68   __main.o
         0          0          0          0          0          0   __rtentry.o
        12          0          0          0          0          0   __rtentry2.o
         6          0          0          0          0          0   __rtentry4.o
        52          8          0          0          0          0   __scatter.o
        28          0          0          0          0          0   __scatter_zi.o
        18          0          0          0          0         80   exit.o
         6          0          0          0          0        152   heapauxi.o
         0          0          0          0          0          0   indicate_semi.o
         2          0          0          0          0          0   libinit.o
         6          0          0          0          0          0   libinit2.o
         2          0          0          0          0          0   libshutdown.o
         2          0          0          0          0          0   libshutdown2.o
         8          4          0          0         96         68   libspace.o
       238          0          0          0          0        100   lludivv7m.o
        68          0          0          0          0         68   rt_memclr.o
        78          0          0          0          0         80   rt_memclr_w.o
       138          0          0          0          0         68   rt_memcpy_v6.o
       100          0          0          0          0         80   rt_memcpy_w.o
         2          0          0          0          0          0   rtexit.o
        10          0          0          0          0          0   rtexit2.o
        62          0          0          0          0         76   strlen.o
        12          4          0          0          0         68   sys_exit.o
        74          0          0          0          0         80   sys_stackheap_outer.o
         2          0          0          0          0         68   use_no_semi.o
        10          0          0          0          0        116   fpinit.o

    ----------------------------------------------------------------------
      1044         16          0          0        100       1172   Library Totals
        10          0          0          0          4          0   (incl. Padding)

    ----------------------------------------------------------------------

      Code (inc. data)   RO Data    RW Data    ZI Data      Debug   Library Name

      1024         16          0          0         96       1056   c_w.l
        10          0          0          0          0        116   fz_wm.l

    ----------------------------------------------------------------------
      1044         16          0          0        100       1172   Library Totals

    ----------------------------------------------------------------------

==============================================================================


      Code (inc. data)   RO Data    RW Data    ZI Data      Debug   

     20404       1344       1304        436      21156     981865   Grand Totals
     20404       1344       1304         88      21156     981865   ELF Image Totals (compressed)
     20404       1344       1304         88          0          0   ROM Totals

==============================================================================

    Total RO  Size (Code + RO Data)                21708 (  21.20kB)
    Total RW  Size (RW Data + ZI Data)             21592 (  21.09kB)
    Total ROM Size (Code + RO Data + RW Data)      21796 (  21.29kB)

==============================================================================

