Component: ARM Compiler 5.06 update 2 (build 183) Tool: armlink [4d35b7]

==============================================================================

Section Cross References

    startup_stm32f407xx.o(RESET) refers to startup_stm32f407xx.o(STACK) for __initial_sp
    startup_stm32f407xx.o(RESET) refers to startup_stm32f407xx.o(.text) for Reset_Handler
    startup_stm32f407xx.o(RESET) refers to stm32f4xx_it.o(i.NMI_Handler) for NMI_Handler
    startup_stm32f407xx.o(RESET) refers to stm32f4xx_it.o(i.HardFault_Handler) for HardFault_Handler
    startup_stm32f407xx.o(RESET) refers to stm32f4xx_it.o(i.MemManage_Handler) for MemManage_Handler
    startup_stm32f407xx.o(RESET) refers to stm32f4xx_it.o(i.BusFault_Handler) for BusFault_Handler
    startup_stm32f407xx.o(RESET) refers to stm32f4xx_it.o(i.UsageFault_Handler) for UsageFault_Handler
    startup_stm32f407xx.o(RESET) refers to port.o(.emb_text) for SVC_Handler
    startup_stm32f407xx.o(RESET) refers to stm32f4xx_it.o(i.DebugMon_Handler) for DebugMon_Handler
    startup_stm32f407xx.o(RESET) refers to port.o(i.SysTick_Handler) for SysTick_Handler
    startup_stm32f407xx.o(RESET) refers to stm32f4xx_it.o(i.DMA1_Stream1_IRQHandler) for DMA1_Stream1_IRQHandler
    startup_stm32f407xx.o(RESET) refers to stm32f4xx_it.o(i.DMA1_Stream3_IRQHandler) for DMA1_Stream3_IRQHandler
    startup_stm32f407xx.o(RESET) refers to stm32f4xx_it.o(i.DMA1_Stream5_IRQHandler) for DMA1_Stream5_IRQHandler
    startup_stm32f407xx.o(RESET) refers to stm32f4xx_it.o(i.CAN1_RX0_IRQHandler) for CAN1_RX0_IRQHandler
    startup_stm32f407xx.o(RESET) refers to stm32f4xx_it.o(i.TIM2_IRQHandler) for TIM2_IRQHandler
    startup_stm32f407xx.o(RESET) refers to stm32f4xx_it.o(i.USART2_IRQHandler) for USART2_IRQHandler
    startup_stm32f407xx.o(RESET) refers to stm32f4xx_it.o(i.USART3_IRQHandler) for USART3_IRQHandler
    startup_stm32f407xx.o(RESET) refers to stm32f4xx_it.o(i.CAN2_RX0_IRQHandler) for CAN2_RX0_IRQHandler
    startup_stm32f407xx.o(.text) refers to system_stm32f4xx.o(i.SystemInit) for SystemInit
    startup_stm32f407xx.o(.text) refers to entry.o(.ARM.Collect$$$$00000000) for __main
    main.o(i.HAL_TIM_PeriodElapsedCallback) refers to stm32f4xx_hal.o(i.HAL_IncTick) for HAL_IncTick
    main.o(i.SystemClock_Config) refers to memseta.o(.text) for __aeabi_memclr4
    main.o(i.SystemClock_Config) refers to stm32f4xx_hal_rcc.o(i.HAL_RCC_OscConfig) for HAL_RCC_OscConfig
    main.o(i.SystemClock_Config) refers to stm32f4xx_hal_rcc.o(i.HAL_RCC_ClockConfig) for HAL_RCC_ClockConfig
    main.o(i.main) refers to stm32f4xx_hal.o(i.HAL_Init) for HAL_Init
    main.o(i.main) refers to main.o(i.SystemClock_Config) for SystemClock_Config
    main.o(i.main) refers to gpio.o(i.MX_GPIO_Init) for MX_GPIO_Init
    main.o(i.main) refers to stm32f4xx_hal.o(i.HAL_Delay) for HAL_Delay
    main.o(i.main) refers to bmi.o(i.BMI_Init) for BMI_Init
    main.o(i.main) refers to can.o(i.MX_CAN1_Init) for MX_CAN1_Init
    main.o(i.main) refers to dma.o(i.MX_DMA_Init) for MX_DMA_Init
    main.o(i.main) refers to usart.o(i.MX_USART2_UART_Init) for MX_USART2_UART_Init
    main.o(i.main) refers to can.o(i.MX_CAN2_Init) for MX_CAN2_Init
    main.o(i.main) refers to usart.o(i.MX_USART3_UART_Init) for MX_USART3_UART_Init
    main.o(i.main) refers to drv_all.o(i.Device_Init) for Device_Init
    main.o(i.main) refers to drv_all.o(i.Driver_Init) for Driver_Init
    main.o(i.main) refers to iwdg.o(i.MX_IWDG_Init) for MX_IWDG_Init
    main.o(i.main) refers to freertos.o(i.MX_FREERTOS_Init) for MX_FREERTOS_Init
    main.o(i.main) refers to cmsis_os.o(i.osKernelStart) for osKernelStart
    gpio.o(i.MX_GPIO_Init) refers to memseta.o(.text) for __aeabi_memclr4
    gpio.o(i.MX_GPIO_Init) refers to stm32f4xx_hal_gpio.o(i.HAL_GPIO_WritePin) for HAL_GPIO_WritePin
    gpio.o(i.MX_GPIO_Init) refers to stm32f4xx_hal_gpio.o(i.HAL_GPIO_Init) for HAL_GPIO_Init
    freertos.o(i.MX_FREERTOS_Init) refers to memcpya.o(.text) for __aeabi_memcpy4
    freertos.o(i.MX_FREERTOS_Init) refers to cmsis_os.o(i.osThreadCreate) for osThreadCreate
    freertos.o(i.MX_FREERTOS_Init) refers to freertos.o(.constdata) for .constdata
    freertos.o(i.MX_FREERTOS_Init) refers to freertos.o(.data) for .data
    freertos.o(i.StartDefaultTask) refers to cmsis_os.o(i.osDelay) for osDelay
    freertos.o(i.control_task) refers to cmsis_os.o(i.osDelay) for osDelay
    freertos.o(i.realtime_task) refers to cmsis_os.o(i.osDelay) for osDelay
    freertos.o(i.vApplicationGetIdleTaskMemory) refers to freertos.o(.bss) for .bss
    freertos.o(.constdata) refers to freertos.o(.conststring) for .conststring
    freertos.o(.constdata) refers to freertos.o(i.StartDefaultTask) for StartDefaultTask
    freertos.o(.constdata) refers to control_task.o(i.control_task) for control_task
    freertos.o(.constdata) refers to control_task.o(i.realtime_task) for realtime_task
[...]
    vListInsertEnd                           0x0800cc7d   Thumb Code    24  list.o(i.vListInsertEnd)
    vPortEnterCritical                       0x0800cc95   Thumb Code    54  port.o(i.vPortEnterCritical)
    vPortExitCritical                        0x0800ccd5   Thumb Code    34  port.o(i.vPortExitCritical)
    vPortFree                                0x0800ccfd   Thumb Code    94  heap_4.o(i.vPortFree)
    vPortSetupTimerInterrupt                 0x0800cd61   Thumb Code    32  port.o(i.vPortSetupTimerInterrupt)
    vTaskDelay                               0x0800cd85   Thumb Code    66  tasks.o(i.vTaskDelay)
    vTaskStartScheduler                      0x0800cdd1   Thumb Code    90  tasks.o(i.vTaskStartScheduler)
    vTaskSuspendAll                          0x0800ce3d   Thumb Code    10  tasks.o(i.vTaskSuspendAll)
    vTaskSwitchContext                       0x0800ce4d   Thumb Code    82  tasks.o(i.vTaskSwitchContext)
    vision_init                              0x0800cea9   Thumb Code    40  vision.o(i.vision_init)
    vision_receive                           0x0800ced1   Thumb Code   126  vision.o(i.vision_receive)
    vision_recieve_data                      0x0800cf61   Thumb Code    52  vision_protocol.o(i.vision_recieve_data)
    vision_send                              0x0800cf99   Thumb Code    38  vision.o(i.vision_send)
    vision_send_data                         0x0800cfc5   Thumb Code    48  vision_protocol.o(i.vision_send_data)
    vision_tick_task                         0x0800d001   Thumb Code    32  vision.o(i.vision_tick_task)
    vision_transmit_data_process             0x0800d021   Thumb Code    40  vision.o(i.vision_transmit_data_process)
    vision_transmit_task                     0x0800d051   Thumb Code    32  vision.o(i.vision_transmit_task)
    xPortStartScheduler                      0x0800d159   Thumb Code   222  port.o(i.xPortStartScheduler)
    xTaskCreate                              0x0800d24d   Thumb Code    90  tasks.o(i.xTaskCreate)
    xTaskCreateStatic                        0x0800d2a7   Thumb Code    86  tasks.o(i.xTaskCreateStatic)
    xTaskIncrementTick                       0x0800d2fd   Thumb Code   194  tasks.o(i.xTaskIncrementTick)
    xTaskResumeAll                           0x0800d3c9   Thumb Code   182  tasks.o(i.xTaskResumeAll)
    AHBPrescTable                            0x0800d4e8   Data          16  system_stm32f4xx.o(.constdata)
    APBPrescTable                            0x0800d4f8   Data           8  system_stm32f4xx.o(.constdata)
    bmi270_config_file                       0x0800d506   Data        8192  bmi270.o(.constdata)
    bmi270_feat_in                           0x0800f506   Data          48  bmi270.o(.constdata)
    bmi270_feat_out                          0x0800f536   Data          21  bmi270.o(.constdata)
    CRC8_TAB                                 0x0800f54b   Data         256  crc8.o(.constdata)
    wCRC_Table                               0x0800f64c   Data         512  crc16.o(.constdata)
    __mathlib_zero                           0x0800f968   Data           8  qnan.o(.constdata)
    Region$$Table$$Base                      0x0800fa8c   Number         0  anon$$obj.o(Region$$Table)
    Region$$Table$$Limit                     0x0800faac   Number         0  anon$$obj.o(Region$$Table)
    defaultTaskHandle                        0x20000000   Data           4  freertos.o(.data)
    Control_TaskHandle                       0x20000004   Data           4  freertos.o(.data)
    Realtime_TaskHandle                      0x20000008   Data           4  freertos.o(.data)
    uwTickFreq                               0x20000010   Data           1  stm32f4xx_hal.o(.data)
    uwTickPrio                               0x20000014   Data           4  stm32f4xx_hal.o(.data)
    uwTick                                   0x20000018   Data           4  stm32f4xx_hal.o(.data)
    SystemCoreClock                          0x2000001c   Data           4  system_stm32f4xx.o(.data)
    test_now                                 0x20000020   Data           2  config_can.o(.data)
    time2                                    0x20000024   Data           4  config_can.o(.data)
    can1_0x200_send_buff                     0x20000028   Data           8  config_can.o(.data)
    can2_0x200_send_buff                     0x20000030   Data           8  config_can.o(.data)
    can1_0x1FF_send_buff                     0x20000038   Data           8  config_can.o(.data)
    can2_0x1FF_send_buff                     0x20000040   Data           8  config_can.o(.data)
    rc_init_flag                             0x20000048   Data           1  config_status.o(.data)
    rc_init_cnt                              0x2000004a   Data           2  config_status.o(.data)
    feed_motor                               0x2000004c   Data         584  shooting_motor.o(.data)
    position_motor                           0x20000294   Data         584  shooting_motor.o(.data)
    friction_left_motor                      0x200004dc   Data         584  shooting_motor.o(.data)
    friction_right_motor                     0x20000724   Data         584  shooting_motor.o(.data)
    chassis_motor                            0x2000096c   Data        2336  chassis_motor.o(.data)
    Gim_Yaw                                  0x2000128c   Data         584  gimbal_motor.o(.data)
    Gim_Pitch                                0x200014d4   Data         584  gimbal_motor.o(.data)
    imu_init_Y_O_N                           0x2000171c   Data           1  imu.o(.data)
    aaz                                      0x20001720   Data           4  imu.o(.data)
    aax                                      0x20001724   Data           4  imu.o(.data)
    aay                                      0x20001728   Data           4  imu.o(.data)
    aaz_K                                    0x2000172c   Data           4  imu.o(.data)
    aax_K                                    0x20001730   Data           4  imu.o(.data)
    aay_K                                    0x20001734   Data           4  imu.o(.data)
    imu_config                               0x20001738   Data          20  imu.o(.data)
    imu                                      0x2000174c   Data          12  imu.o(.data)
    imu_info                                 0x20001758   Data           2  imu.o(.data)
    txBuf                                    0x2000175a   Data           8  cap.o(.data)
    Chassis                                  0x20001764   Data          84  rp_chassis.o(.data)
    pxCurrentTCB                             0x200017b8   Data           4  tasks.o(.data)
    shoot_stop_ok                            0x20001820   Data           1  control_task.o(.data)
    cnt_test                                 0x20001828   Data           4  control_task.o(.data)
    rc_interrupt                             0x2000182c   Data           1  remote.o(.data)
    rc                                       0x20001830   Data           8  remote.o(.data)
    fric_measure                             0x20001838   Data           2  shooting.o(.data)
    l_fric_temp                              0x2000183a   Data           2  shooting.o(.data)
    r_fric_temp                              0x2000183c   Data           2  shooting.o(.data)
    fric_target                              0x20001840   Data           4  shooting.o(.data)
    speed_err                                0x20001844   Data           4  shooting.o(.data)
    feed_motor_position_in_pid_param         0x20001848   Data          28  shooting.o(.data)
    feed_motor_position_pid_param            0x20001864   Data          28  shooting.o(.data)
    position_motor_speed_pid_param           0x20001880   Data          28  shooting.o(.data)
    friction_left_motor_speed_pid_param      0x2000189c   Data          28  shooting.o(.data)
    friction_right_motor_speed_pid_param     0x200018b8   Data          28  shooting.o(.data)
    work_info_shoot                          0x200018d4   Data          12  shooting.o(.data)
    Shoot                                    0x200018e0   Data          40  shooting.o(.data)
    shoot_config                             0x20001908   Data          10  shooting.o(.data)
    Shoot_Info                               0x20001914   Data          28  shooting.o(.data)
    face_back_or_n                           0x20001930   Data           1  chassis.o(.data)
    Chassis_Mode                             0x20001931   Data           2  chassis.o(.data)
    err_test                                 0x20001934   Data           4  chassis.o(.data)
    Chassis_Config                           0x20001938   Data          12  chassis.o(.data)
    chassis_speed_pid_param                  0x20001944   Data          28  chassis.o(.data)
    gimbal_init_ok                           0x20001960   Data           1  gimbal.o(.data)
    headturn_cnt                             0x20001962   Data           2  gimbal.o(.data)
    mec_store                                0x20001964   Data           2  gimbal.o(.data)
    mec_change                               0x20001966   Data           2  gimbal.o(.data)
    Gimbal                                   0x20001968   Data          32  gimbal.o(.data)
    gimb_y_mec_angle_in_pid_param            0x20001988   Data          28  gimbal.o(.data)
    gimb_y_mec_angle_pid_param               0x200019a4   Data          28  gimbal.o(.data)
    gimb_p_mec_angle_in_pid_param            0x200019c0   Data          28  gimbal.o(.data)
    gimb_p_mec_angle_pid_param               0x200019dc   Data          28  gimbal.o(.data)
    gimb_y_imu_angle_in_pid_param            0x200019f8   Data          28  gimbal.o(.data)
    gimb_y_imu_angle_pid_param               0x20001a14   Data          28  gimbal.o(.data)
    gimb_p_imu_angle_in_pid_param            0x20001a30   Data          28  gimbal.o(.data)
    gimb_p_imu_angle_pid_param               0x20001a4c   Data          28  gimbal.o(.data)
    top_car_on                               0x20001a68   Data           1  car.o(.data)
    top_car_off                              0x20001a69   Data           1  car.o(.data)
    top_switch                               0x20001a6a   Data           1  car.o(.data)
    chas_speed_up                            0x20001a6b   Data           1  car.o(.data)
    gim_left_turn_90                         0x20001a6c   Data           1  car.o(.data)
    gim_right_turn_90                        0x20001a6d   Data           1  car.o(.data)
    gim_head_turn                            0x20001a6e   Data           1  car.o(.data)
    gim_auto_on                              0x20001a6f   Data           1  car.o(.data)
    gim_auto_off                             0x20001a70   Data           1  car.o(.data)
    vision_test                              0x20001a71   Data           1  car.o(.data)
    shoot_start                              0x20001a72   Data           1  car.o(.data)
    auto_shoot                               0x20001a73   Data           1  car.o(.data)
    shoot_stop                               0x20001a74   Data           1  car.o(.data)
    shoot_standby                            0x20001a75   Data           1  car.o(.data)
    shoot_wake                               0x20001a76   Data           1  car.o(.data)
    feed_reload                              0x20001a77   Data           1  car.o(.data)
    feed_unload                              0x20001a78   Data           1  car.o(.data)
    clear_heat                               0x20001a79   Data           1  car.o(.data)
    client_speeding_ready                    0x20001a7a   Data           1  car.o(.data)
    client_increase_speed                    0x20001a7b   Data           1  car.o(.data)
    client_decrease_speed                    0x20001a7c   Data           1  car.o(.data)
    car_mode_change                          0x20001a7d   Data           1  car.o(.data)
    car_init_ok                              0x20001a7e   Data           1  car.o(.data)
    time_tested1                             0x20001a80   Data           4  car.o(.data)
    cnt_test123                              0x20001a84   Data           4  car.o(.data)
    Car                                      0x20001a88   Data           3  car.o(.data)
    vision_config                            0x20001a8c   Data           2  vision.o(.data)
    vision                                   0x20001a90   Data          24  vision.o(.data)
    vision_info                              0x20001aa8   Data           4  vision.o(.data)
    vision_process_info                      0x20001aac   Data           8  vision.o(.data)
    judge_info                               0x20001ab4   Data           6  judge.o(.data)
    judge                                    0x20001abc   Data           8  judge.o(.data)
    Kp                                       0x20001ac4   Data           4  bmi.o(.data)
    halfT                                    0x20001ac8   Data           4  bmi.o(.data)
    q0_init                                  0x20001acc   Data           4  bmi.o(.data)
    q1_init                                  0x20001ad0   Data           4  bmi.o(.data)
    q2_init                                  0x20001ad4   Data           4  bmi.o(.data)
    q3_init                                  0x20001ad8   Data           4  bmi.o(.data)
    q0                                       0x20001adc   Data           4  bmi.o(.data)
    q1                                       0x20001ae0   Data           4  bmi.o(.data)
    q2                                       0x20001ae4   Data           4  bmi.o(.data)
    q3                                       0x20001ae8   Data           4  bmi.o(.data)
    norm                                     0x20001aec   Data           4  bmi.o(.data)
    vx                                       0x20001af0   Data           4  bmi.o(.data)
    vy                                       0x20001af4   Data           4  bmi.o(.data)
    vz                                       0x20001af8   Data           4  bmi.o(.data)
    ex                                       0x20001afc   Data           4  bmi.o(.data)
    ey                                       0x20001b00   Data           4  bmi.o(.data)
    ez                                       0x20001b04   Data           4  bmi.o(.data)
    gx                                       0x20001b08   Data           4  bmi.o(.data)
    gy                                       0x20001b0c   Data           4  bmi.o(.data)
    gz                                       0x20001b10   Data           4  bmi.o(.data)
    ax                                       0x20001b14   Data           4  bmi.o(.data)
    ay                                       0x20001b18   Data           4  bmi.o(.data)
    az                                       0x20001b1c   Data           4  bmi.o(.data)
    q0temp                                   0x20001b20   Data           4  bmi.o(.data)
    q1temp                                   0x20001b24   Data           4  bmi.o(.data)
    q2temp                                   0x20001b28   Data           4  bmi.o(.data)
    q3temp                                   0x20001b2c   Data           4  bmi.o(.data)
    gx_                                      0x20001b30   Data           4  bmi.o(.data)
    gy_                                      0x20001b34   Data           4  bmi.o(.data)
    gz_                                      0x20001b38   Data           4  bmi.o(.data)
    q0_                                      0x20001b3c   Data           4  bmi.o(.data)
    q1_                                      0x20001b40   Data           4  bmi.o(.data)
    q2_                                      0x20001b44   Data           4  bmi.o(.data)
    q3_                                      0x20001b48   Data           4  bmi.o(.data)
    q0temp_                                  0x20001b4c   Data           4  bmi.o(.data)
    q1temp_                                  0x20001b50   Data           4  bmi.o(.data)
    q2temp_                                  0x20001b54   Data           4  bmi.o(.data)
    q3temp_                                  0x20001b58   Data           4  bmi.o(.data)
    MPU_ADDR                                 0x20001b5c   Data           1  bmi2_common.o(.data)
    haltick                                  0x20001b60   Data           4  drv_haltick.o(.data)
    CRC_INIT                                 0x20001b64   Data           2  crc16.o(.data)
    vision_tx_info                           0x20001b66   Data          16  vision_protocol.o(.data)
    __microlib_freelist                      0x20001b78   Data           4  mvars.o(.data)
    __microlib_freelist_initialised          0x20001b7c   Data           4  mvars.o(.data)
    hcan1                                    0x20001dd8   Data          40  can.o(.bss)
    hcan2                                    0x20001e00   Data          40  can.o(.bss)
    huart2                                   0x20001e28   Data          68  usart.o(.bss)
    huart3                                   0x20001e6c   Data          68  usart.o(.bss)
    hdma_usart2_rx                           0x20001eb0   Data          96  usart.o(.bss)
    hdma_usart3_rx                           0x20001f10   Data          96  usart.o(.bss)
    hdma_usart3_tx                           0x20001f70   Data          96  usart.o(.bss)
    htim2                                    0x20001fd0   Data          72  stm32f4xx_hal_timebase_tim.o(.bss)
    hiwdg                                    0x20002018   Data          12  iwdg.o(.bss)
    hcan1RxFrame                             0x20002024   Data          36  drv_can.o(.bss)
    hcan2RxFrame                             0x20002048   Data          36  drv_can.o(.bss)
    can1_tx_buf                              0x2000206c   Data          16  drv_can.o(.bss)
    can2_tx_buf                              0x2000207c   Data          16  drv_can.o(.bss)
    usart2_dma_rxbuf                         0x2000208c   Data          48  drv_uart.o(.bss)
    usart3_dma_rxbuf                         0x200020bc   Data         200  drv_uart.o(.bss)
    stop_buff                                0x20002184   Data          16  config_status.o(.bss)
    imu_base_info                            0x20002194   Data         100  imu.o(.bss)
    imu_pitch_dif_speed_ave_filter           0x200021f8   Data         132  imu.o(.bss)
    imu_roll_dif_speed_ave_filter            0x2000227c   Data         132  imu.o(.bss)
    imu_yaw_dif_speed_ave_filter             0x20002300   Data         132  imu.o(.bss)
    rc_base_info                             0x2000609c   Data         134  remote.o(.bss)
    rc_info                                  0x20006124   Data          20  remote.o(.bss)
    work_info_feed                           0x20006138   Data          12  shooting.o(.bss)
    chassis_all                              0x20006144   Data          20  chassis.o(.bss)
    Chassis_Channel_Input                    0x20006158   Data          12  chassis.o(.bss)
    mec_yaw_angle_fil                        0x20006164   Data         132  gimbal.o(.bss)
    mec_pitch_angle_fil                      0x200061e8   Data         132  gimbal.o(.bss)
    gimbal_info                              0x2000626c   Data          36  gimbal.o(.bss)
    vision_base_info                         0x20006290   Data          28  vision.o(.bss)
    judge_base_info                          0x200062ac   Data          28  judge.o(.bss)
    bmi2_dev                                 0x200062c8   Data         104  bmi.o(.bss)
    vision_rx_info                           0x20006330   Data          17  vision_protocol.o(.bss)
    vision_txBuf                             0x20006341   Data          30  vision_protocol.o(.bss)
    __heap_base                              0x20006360   Data           0  startup_stm32f407xx.o(HEAP)
    __heap_limit                             0x20006560   Data           0  startup_stm32f407xx.o(HEAP)
    __initial_sp                             0x20006960   Data           0  startup_stm32f407xx.o(STACK)



==============================================================================

Memory Map of the image

  Image Entry point : 0x08000189

  Load Region LR_IROM1 (Base: 0x08000000, Size: 0x00011630, Max: 0x00080000, ABSOLUTE, COMPRESSED[0x0000fc90])

    Execution Region ER_IROM1 (Exec base: 0x08000000, Load base: 0x08000000, Size: 0x0000faac, Max: 0x00080000, ABSOLUTE)

    Exec Addr    Load Addr    Size         Type   Attr      Idx    E Section Name        Object

    0x08000000   0x08000000   0x00000188   Data   RO            3    RESET               startup_stm32f407xx.o
    0x08000188   0x08000188   0x00000000   Code   RO         8567  * .ARM.Collect$$$$00000000  mc_w.l(entry.o)
    0x08000188   0x08000188   0x00000004   Code   RO         8689    .ARM.Collect$$$$00000001  mc_w.l(entry2.o)
    0x0800018c   0x0800018c   0x00000004   Code   RO         8692    .ARM.Collect$$$$00000004  mc_w.l(entry5.o)
    0x08000190   0x08000190   0x00000000   Code   RO         8694    .ARM.Collect$$$$00000008  mc_w.l(entry7b.o)
    0x08000190   0x08000190   0x00000000   Code   RO         8696    .ARM.Collect$$$$0000000A  mc_w.l(entry8b.o)
    0x08000190   0x08000190   0x00000008   Code   RO         8697    .ARM.Collect$$$$0000000B  mc_w.l(entry9a.o)
    0x08000198   0x08000198   0x00000000   Code   RO         8699    .ARM.Collect$$$$0000000D  mc_w.l(entry10a.o)
    0x08000198   0x08000198   0x00000000   Code   RO         8701    .ARM.Collect$$$$0000000F  mc_w.l(entry11a.o)
    0x08000198   0x08000198   0x00000004   Code   RO         8690    .ARM.Collect$$$$00002712  mc_w.l(entry2.o)
    0x0800019c   0x0800019c   0x000000be   Code   RO         5931    .emb_text           port.o
    0x0800025a   0x0800025a   0x00000002   PAD
    0x0800025c   0x0800025c   0x00000024   Code   RO            4    .text               startup_stm32f407xx.o
    0x08000280   0x08000280   0x00000062   Code   RO         8570    .text               mc_w.l(uldiv.o)
    0x080002e2   0x080002e2   0x00000024   Code   RO         8572    .text               mc_w.l(memcpya.o)
    0x08000306   0x08000306   0x00000024   Code   RO         8576    .text               mc_w.l(memseta.o)
    0x0800032a   0x0800032a   0x0000014e   Code   RO         8608    .text               mf_w.l(dadd.o)
    0x08000478   0x08000478   0x000000e4   Code   RO         8610    .text               mf_w.l(dmul.o)
    0x0800055c   0x0800055c   0x00000022   Code   RO         8612    .text               mf_w.l(dflti.o)
    0x0800057e   0x0800057e   0x0000001a   Code   RO         8614    .text               mf_w.l(dfltui.o)
    0x08000598   0x08000598   0x0000003e   Code   RO         8616    .text               mf_w.l(dfixi.o)
    0x080005d6   0x080005d6   0x00000026   Code   RO         8618    .text               mf_w.l(f2d.o)
    0x080005fc   0x080005fc   0x00000030   Code   RO         8620    .text               mf_w.l(cdrcmple.o)
    0x0800062c   0x0800062c   0x00000038   Code   RO         8622    .text               mf_w.l(d2f.o)
    0x08000664   0x08000664   0x0000001e   Code   RO         8703    .text               mc_w.l(llshl.o)
    0x08000682   0x08000682   0x00000020   Code   RO         8705    .text               mc_w.l(llushr.o)
    0x080006a2   0x080006a2   0x00000024   Code   RO         8707    .text               mc_w.l(llsshr.o)
    0x080006c6   0x080006c6   0x00000000   Code   RO         8718    .text               mc_w.l(iusefp.o)
    0x080006c6   0x080006c6   0x0000006e   Code   RO         8719    .text               mf_w.l(fepilogue.o)
    0x08000734   0x08000734   0x000000ba   Code   RO         8721    .text               mf_w.l(depilogue.o)
    0x080007ee   0x080007ee   0x000000de   Code   RO         8723    .text               mf_w.l(ddiv.o)
    0x080008cc   0x080008cc   0x00000024   Code   RO         8727    .text               mc_w.l(init.o)
    0x080008f0   0x080008f0   0x000000a2   Code   RO         8729    .text               mf_w.l(dsqrt.o)
    0x08000992   0x08000992   0x00000056   Code   RO         8741    .text               mc_w.l(__dczerorl2.o)
    0x080009e8   0x080009e8   0x00000028   Code   RO         8439    i.Append_CRC16_Check_Sum  crc16.o
    0x08000a10   0x08000a10   0x00000020   Code   RO         8396    i.Append_CRC8_Check_Num  crc8.o
    0x08000a30   0x08000a30   0x00000628   Code   RO         6902    i.BMI_Get_EulerAngle  bmi.o
    0x08001058   0x08001058   0x00000048   Code   RO         6904    i.BMI_Get_RawData   bmi.o
    0x080010a0   0x080010a0   0x0000006c   Code   RO         6905    i.BMI_Init          bmi.o
    0x0800110c   0x0800110c   0x00000002   Code   RO          442    i.BusFault_Handler  stm32f4xx_it.o
    0x0800110e   0x0800110e   0x00000002   PAD
    0x08001110   0x08001110   0x00000028   Code   RO         3408    i.CAN1_Init         drv_can.o
    0x08001138   0x08001138   0x0000000c   Code   RO          443    i.CAN1_RX0_IRQHandler  stm32f4xx_it.o
    0x08001144   0x08001144   0x0000004c   Code   RO         3409    i.CAN1_Send_With_int16_to_uint8  drv_can.o
    0x08001190   0x08001190   0x0000011c   Code   RO         3753    i.CAN1_rxDataHandler  config_can.o
    0x080012ac   0x080012ac   0x00000028   Code   RO         3410    i.CAN2_Init         drv_can.o
    0x080012d4   0x080012d4   0x0000000c   Code   RO          444    i.CAN2_RX0_IRQHandler  stm32f4xx_it.o
    0x080012e0   0x080012e0   0x0000004c   Code   RO         3411    i.CAN2_Send_With_int16_to_uint8  drv_can.o
    0x0800132c   0x0800132c   0x00000050   Code   RO         3754    i.CAN2_rxDataHandler  config_can.o
    0x0800137c   0x0800137c   0x0000001a   Code   RO         3412    i.CAN_Filter_ParamsInit  drv_can.o
    0x08001396   0x08001396   0x00000002   PAD
    0x08001398   0x08001398   0x00000038   Code   RO         3413    i.CAN_SendData      drv_can.o
    0x080013d0   0x080013d0   0x0000001c   Code   RO         3865    i.Cal_Pulse         config_status.o
    0x080013ec   0x080013ec   0x0000005c   Code   RO         3866    i.Car_Sleep         config_status.o
    0x08001448   0x08001448   0x00000034   Code   RO         3867    i.Car_forced_to_stop  config_status.o
    0x0800147c   0x0800147c   0x0000001c   Code   RO         6356    i.Chassis_Command_Init  chassis.o
    0x08001498   0x08001498   0x00000058   Code   RO         6357    i.Chassis_Command_React  chassis.o
    0x080014f0   0x080014f0   0x00000014   Code   RO         4626    i.Chassis_Config_power_limit  rp_chassis.o
    0x08001504   0x08001504   0x00000002   Code   RO         4627    i.Chassis_Config_rotation_ratio  rp_chassis.o
    0x08001506   0x08001506   0x0000001c   Code   RO         6358    i.Chassis_Ctrl      chassis.o
    0x08001522   0x08001522   0x00000002   PAD
    0x08001524   0x08001524   0x00000034   Code   RO         6359    i.Chassis_Heartbeat  chassis.o
    0x08001558   0x08001558   0x00000052   Code   RO         4628    i.Chassis_Init      rp_chassis.o
    0x080015aa   0x080015aa   0x00000002   PAD
    0x080015ac   0x080015ac   0x000000a4   Code   RO         6360    i.Chassis_Init_All  chassis.o
    0x08001650   0x08001650   0x00000030   Code   RO         6362    i.Chassis_Mode_Update  chassis.o
    0x08001680   0x08001680   0x000000d0   Code   RO         4629    i.Chassis_Pid_Calculating  rp_chassis.o
    0x08001750   0x08001750   0x000000f4   Code   RO         4630    i.Chassis_Power_Limit  rp_chassis.o
    0x08001844   0x08001844   0x000005c8   Code   RO         6363    i.Chassis_Process   chassis.o
    0x08001e0c   0x08001e0c   0x0000001a   Code   RO         4631    i.Chassis_Speed_Calculating  rp_chassis.o
    0x08001e26   0x08001e26   0x00000096   Code   RO         4632    i.Chassis_Speed_Limit  rp_chassis.o
    0x08001ebc   0x08001ebc   0x00000040   Code   RO         4634    i.Chassis_Work      rp_chassis.o
    0x08001efc   0x08001efc   0x00000014   Code   RO         4635    i.Chassis_config_top_calc  rp_chassis.o
    0x08001f10   0x08001f10   0x0000000c   Code   RO          445    i.DMA1_Stream1_IRQHandler  stm32f4xx_it.o
    0x08001f1c   0x08001f1c   0x0000000c   Code   RO          446    i.DMA1_Stream3_IRQHandler  stm32f4xx_it.o
    0x08001f28   0x08001f28   0x0000000c   Code   RO          447    i.DMA1_Stream5_IRQHandler  stm32f4xx_it.o
    0x08001f34   0x08001f34   0x00000244   Code   RO         3684    i.DMAEx_MultiBufferStart_NoIT  drv_uart.o
    0x08002178   0x08002178   0x00000028   Code   RO         1337    i.DMA_CalcBaseAndBitshift  stm32f4xx_hal_dma.o
    0x080021a0   0x080021a0   0x00000054   Code   RO         1338    i.DMA_CheckFifoParam  stm32f4xx_hal_dma.o
    0x080021f4   0x080021f4   0x00000028   Code   RO         1339    i.DMA_SetConfig     stm32f4xx_hal_dma.o
    0x0800221c   0x0800221c   0x00000014   Code   RO         3685    i.DRV_UART_IRQHandler  drv_uart.o
    0x08002230   0x08002230   0x00000002   Code   RO          448    i.DebugMon_Handler  stm32f4xx_it.o
    0x08002232   0x08002232   0x00000002   PAD
    0x08002234   0x08002234   0x00000050   Code   RO         3488    i.Device_Init       drv_all.o
    0x08002284   0x08002284   0x00000016   Code   RO         3489    i.Driver_Init       drv_all.o
    0x0800229a   0x0800229a   0x00000004   Code   RO           13    i.Error_Handler     main.o
    0x0800229e   0x0800229e   0x00000002   PAD
    0x080022a0   0x080022a0   0x00000028   Code   RO         6220    i.Feed_Ctrl         shooting.o
    0x080022c8   0x080022c8   0x00000024   Code   RO         6221    i.Feed_Stay_Static  shooting.o
    0x080022ec   0x080022ec   0x000001a0   Code   RO         6222    i.Feed_Work         shooting.o
    0x0800248c   0x0800248c   0x00000014   Code   RO         6223    i.Feed_Work_Init    shooting.o
    0x080024a0   0x080024a0   0x0000002c   Code   RO         8440    i.Get_CRC16_Check_Sum  crc16.o
    0x080024cc   0x080024cc   0x00000020   Code   RO         8397    i.Get_CRC8_Check_Num  crc8.o
    0x080024ec   0x080024ec   0x00000014   Code   RO         6448    i.Gimbal_Command_Init  gimbal.o
    0x08002500   0x08002500   0x00000130   Code   RO         6449    i.Gimbal_Command_React  gimbal.o
    0x08002630   0x08002630   0x0000001e   Code   RO         6450    i.Gimbal_Ctrl       gimbal.o
    0x0800264e   0x0800264e   0x00000002   PAD
    0x08002650   0x08002650   0x00000020   Code   RO         6451    i.Gimbal_Heartbeat  gimbal.o
    0x08002670   0x08002670   0x0000011c   Code   RO         6452    i.Gimbal_Imu_Update  gimbal.o
    0x0800278c   0x0800278c   0x000000ac   Code   RO         6453    i.Gimbal_Init_All   gimbal.o
    0x08002838   0x08002838   0x00000010   Code   RO         6454    i.Gimbal_Mode_Init  gimbal.o
    0x08002848   0x08002848   0x000000b4   Code   RO         6455    i.Gimbal_Mode_Update  gimbal.o
    0x080028fc   0x080028fc   0x00000090   Code   RO         6456    i.Gimbal_Pitch_Angle_Check  gimbal.o
    0x0800298c   0x0800298c   0x00000038   Code   RO         6457    i.Gimbal_Pitch_Imu_Ctrl  gimbal.o
    0x080029c4   0x080029c4   0x00000038   Code   RO         6458    i.Gimbal_Pitch_Mec_Ctrl  gimbal.o
    0x080029fc   0x080029fc   0x000001b0   Code   RO         6459    i.Gimbal_Work       gimbal.o
    0x08002bac   0x08002bac   0x000000fe   Code   RO         6460    i.Gimbal_Yaw_Angle_Check  gimbal.o
    0x08002caa   0x08002caa   0x00000002   PAD
    0x08002cac   0x08002cac   0x00000038   Code   RO         6461    i.Gimbal_Yaw_Imu_Ctrl  gimbal.o
    0x08002ce4   0x08002ce4   0x00000038   Code   RO         6462    i.Gimbal_Yaw_Mec_Ctrl  gimbal.o
    0x08002d1c   0x08002d1c   0x00000024   Code   RO          645    i.HAL_CAN_ActivateNotification  stm32f4xx_hal_can.o
    0x08002d40   0x08002d40   0x000000c8   Code   RO          646    i.HAL_CAN_AddTxMessage  stm32f4xx_hal_can.o
    0x08002e08   0x08002e08   0x0000010c   Code   RO          647    i.HAL_CAN_ConfigFilter  stm32f4xx_hal_can.o
    0x08002f14   0x08002f14   0x00000002   Code   RO          650    i.HAL_CAN_ErrorCallback  stm32f4xx_hal_can.o
    0x08002f16   0x08002f16   0x000000e8   Code   RO          653    i.HAL_CAN_GetRxMessage  stm32f4xx_hal_can.o
    0x08002ffe   0x08002ffe   0x000001fc   Code   RO          657    i.HAL_CAN_IRQHandler  stm32f4xx_hal_can.o
    0x080031fa   0x080031fa   0x0000011a   Code   RO          658    i.HAL_CAN_Init      stm32f4xx_hal_can.o
    0x08003314   0x08003314   0x000000fc   Code   RO          322    i.HAL_CAN_MspInit   can.o
    0x08003410   0x08003410   0x00000002   Code   RO          665    i.HAL_CAN_RxFifo0FullCallback  stm32f4xx_hal_can.o
    0x08003412   0x08003412   0x00000002   PAD
    0x08003414   0x08003414   0x0000005c   Code   RO         3415    i.HAL_CAN_RxFifo0MsgPendingCallback  drv_can.o
    0x08003470   0x08003470   0x00000002   Code   RO          667    i.HAL_CAN_RxFifo1FullCallback  stm32f4xx_hal_can.o
    0x08003472   0x08003472   0x00000002   Code   RO          668    i.HAL_CAN_RxFifo1MsgPendingCallback  stm32f4xx_hal_can.o
    0x08003474   0x08003474   0x00000002   Code   RO          669    i.HAL_CAN_SleepCallback  stm32f4xx_hal_can.o
    0x08003476   0x08003476   0x00000002   PAD
    0x08003478   0x08003478   0x00000058   Code   RO          670    i.HAL_CAN_Start     stm32f4xx_hal_can.o
    0x080034d0   0x080034d0   0x00000002   Code   RO          672    i.HAL_CAN_TxMailbox0AbortCallback  stm32f4xx_hal_can.o
    0x080034d2   0x080034d2   0x00000002   Code   RO          673    i.HAL_CAN_TxMailbox0CompleteCallback  stm32f4xx_hal_can.o
    0x080034d4   0x080034d4   0x00000002   Code   RO          674    i.HAL_CAN_TxMailbox1AbortCallback  stm32f4xx_hal_can.o
    0x080034d6   0x080034d6   0x00000002   Code   RO          675    i.HAL_CAN_TxMailbox1CompleteCallback  stm32f4xx_hal_can.o
    0x080034d8   0x080034d8   0x00000002   Code   RO          676    i.HAL_CAN_TxMailbox2AbortCallback  stm32f4xx_hal_can.o
    0x080034da   0x080034da   0x00000002   Code   RO          677    i.HAL_CAN_TxMailbox2CompleteCallback  stm32f4xx_hal_can.o
    0x080034dc   0x080034dc   0x00000002   Code   RO          679    i.HAL_CAN_WakeUpFromRxMsgCallback  stm32f4xx_hal_can.o
    0x080034de   0x080034de   0x00000092   Code   RO         1340    i.HAL_DMA_Abort     stm32f4xx_hal_dma.o
    0x08003570   0x08003570   0x00000024   Code   RO         1341    i.HAL_DMA_Abort_IT  stm32f4xx_hal_dma.o
    0x08003594   0x08003594   0x000001a0   Code   RO         1345    i.HAL_DMA_IRQHandler  stm32f4xx_hal_dma.o
    0x08003734   0x08003734   0x000000d4   Code   RO         1346    i.HAL_DMA_Init      stm32f4xx_hal_dma.o
    0x08003808   0x08003808   0x0000006e   Code   RO         1350    i.HAL_DMA_Start_IT  stm32f4xx_hal_dma.o
    0x08003876   0x08003876   0x00000002   PAD
    0x08003878   0x08003878   0x00000024   Code   RO         1759    i.HAL_Delay         stm32f4xx_hal.o
    0x0800389c   0x0800389c   0x000001f0   Code   RO         1233    i.HAL_GPIO_Init     stm32f4xx_hal_gpio.o
    0x08003a8c   0x08003a8c   0x0000000a   Code   RO         1237    i.HAL_GPIO_WritePin  stm32f4xx_hal_gpio.o
    0x08003a96   0x08003a96   0x00000002   PAD
    0x08003a98   0x08003a98   0x0000000c   Code   RO         1765    i.HAL_GetTick       stm32f4xx_hal.o
    0x08003aa4   0x08003aa4   0x0000005a   Code   RO         3340    i.HAL_IWDG_Init     stm32f4xx_hal_iwdg.o
    0x08003afe   0x08003afe   0x0000000c   Code   RO         3341    i.HAL_IWDG_Refresh  stm32f4xx_hal_iwdg.o
    0x08003b0a   0x08003b0a   0x00000002   PAD
    0x08003b0c   0x08003b0c   0x00000010   Code   RO         1771    i.HAL_IncTick       stm32f4xx_hal.o
    0x08003b1c   0x08003b1c   0x00000034   Code   RO         1772    i.HAL_Init          stm32f4xx_hal.o
    0x08003b50   0x08003b50   0x00000074   Code   RO          575    i.HAL_InitTick      stm32f4xx_hal_timebase_tim.o
    0x08003bc4   0x08003bc4   0x00000038   Code   RO          551    i.HAL_MspInit       stm32f4xx_hal_msp.o
    0x08003bfc   0x08003bfc   0x0000001a   Code   RO         1622    i.HAL_NVIC_EnableIRQ  stm32f4xx_hal_cortex.o
    0x08003c16   0x08003c16   0x00000002   PAD
    0x08003c18   0x08003c18   0x00000040   Code   RO         1628    i.HAL_NVIC_SetPriority  stm32f4xx_hal_cortex.o
    0x08003c58   0x08003c58   0x00000024   Code   RO         1629    i.HAL_NVIC_SetPriorityGrouping  stm32f4xx_hal_cortex.o
    0x08003c7c   0x08003c7c   0x00000024   Code   RO         1630    i.HAL_NVIC_SystemReset  stm32f4xx_hal_cortex.o
    0x08003ca0   0x08003ca0   0x00000134   Code   RO          879    i.HAL_RCC_ClockConfig  stm32f4xx_hal_rcc.o
    0x08003dd4   0x08003dd4   0x00000040   Code   RO          883    i.HAL_RCC_GetClockConfig  stm32f4xx_hal_rcc.o
    0x08003e14   0x08003e14   0x00000020   Code   RO          886    i.HAL_RCC_GetPCLK1Freq  stm32f4xx_hal_rcc.o
    0x08003e34   0x08003e34   0x00000020   Code   RO          887    i.HAL_RCC_GetPCLK2Freq  stm32f4xx_hal_rcc.o
    0x08003e54   0x08003e54   0x00000064   Code   RO          888    i.HAL_RCC_GetSysClockFreq  stm32f4xx_hal_rcc.o
    0x08003eb8   0x08003eb8   0x0000036c   Code   RO          891    i.HAL_RCC_OscConfig  stm32f4xx_hal_rcc.o
    0x08004224   0x08004224   0x00000002   Code   RO         2716    i.HAL_TIMEx_BreakCallback  stm32f4xx_hal_tim_ex.o
    0x08004226   0x08004226   0x00000002   Code   RO         2717    i.HAL_TIMEx_CommutCallback  stm32f4xx_hal_tim_ex.o
    0x08004228   0x08004228   0x0000005a   Code   RO         2012    i.HAL_TIM_Base_Init  stm32f4xx_hal_tim.o
    0x08004282   0x08004282   0x00000002   Code   RO         2014    i.HAL_TIM_Base_MspInit  stm32f4xx_hal_tim.o
    0x08004284   0x08004284   0x00000080   Code   RO         2017    i.HAL_TIM_Base_Start_IT  stm32f4xx_hal_tim.o
    0x08004304   0x08004304   0x00000002   Code   RO         2046    i.HAL_TIM_IC_CaptureCallback  stm32f4xx_hal_tim.o
    0x08004306   0x08004306   0x00000166   Code   RO         2060    i.HAL_TIM_IRQHandler  stm32f4xx_hal_tim.o
    0x0800446c   0x0800446c   0x00000002   Code   RO         2063    i.HAL_TIM_OC_DelayElapsedCallback  stm32f4xx_hal_tim.o
    0x0800446e   0x0800446e   0x00000002   Code   RO         2090    i.HAL_TIM_PWM_PulseFinishedCallback  stm32f4xx_hal_tim.o
    0x08004470   0x08004470   0x0000000e   Code   RO           14    i.HAL_TIM_PeriodElapsedCallback  main.o
    0x0800447e   0x0800447e   0x00000002   Code   RO         2103    i.HAL_TIM_TriggerCallback  stm32f4xx_hal_tim.o
    0x08004480   0x08004480   0x00000002   Code   RO         2994    i.HAL_UARTEx_RxEventCallback  stm32f4xx_hal_uart.o
    0x08004482   0x08004482   0x00000002   Code   RO         3008    i.HAL_UART_ErrorCallback  stm32f4xx_hal_uart.o
    0x08004484   0x08004484   0x00000268   Code   RO         3011    i.HAL_UART_IRQHandler  stm32f4xx_hal_uart.o
    0x080046ec   0x080046ec   0x00000062   Code   RO         3012    i.HAL_UART_Init     stm32f4xx_hal_uart.o
    0x0800474e   0x0800474e   0x00000002   PAD
    0x08004750   0x08004750   0x00000174   Code   RO          395    i.HAL_UART_MspInit  usart.o
    0x080048c4   0x080048c4   0x00000002   Code   RO         3018    i.HAL_UART_RxCpltCallback  stm32f4xx_hal_uart.o
    0x080048c6   0x080048c6   0x00000002   PAD
    0x080048c8   0x080048c8   0x0000008c   Code   RO         3021    i.HAL_UART_Transmit_DMA  stm32f4xx_hal_uart.o
    0x08004954   0x08004954   0x00000002   Code   RO         3023    i.HAL_UART_TxCpltCallback  stm32f4xx_hal_uart.o
    0x08004956   0x08004956   0x00000002   Code   RO         3024    i.HAL_UART_TxHalfCpltCallback  stm32f4xx_hal_uart.o
    0x08004958   0x08004958   0x00000002   Code   RO          449    i.HardFault_Handler  stm32f4xx_it.o
    0x0800495a   0x0800495a   0x00000002   PAD
    0x0800495c   0x0800495c   0x00000040   Code   RO         8220    i.IIC_Ack           soft_iic.o
    0x0800499c   0x0800499c   0x00000040   Code   RO         8221    i.IIC_NAck          soft_iic.o
    0x080049dc   0x080049dc   0x00000068   Code   RO         8222    i.IIC_Read_Byte     soft_iic.o
    0x08004a44   0x08004a44   0x00000060   Code   RO         8223    i.IIC_Send_Byte     soft_iic.o
    0x08004aa4   0x08004aa4   0x00000040   Code   RO         8224    i.IIC_Start         soft_iic.o
    0x08004ae4   0x08004ae4   0x00000044   Code   RO         8225    i.IIC_Stop          soft_iic.o
    0x08004b28   0x08004b28   0x00000054   Code   RO         8226    i.IIC_Wait_Ack      soft_iic.o
    0x08004b7c   0x08004b7c   0x0000002c   Code   RO         6566    i.Key_C_Status_Check  car.o
    0x08004ba8   0x08004ba8   0x00000030   Code   RO         6567    i.Key_Ctrl_Status_Check  car.o
    0x08004bd8   0x08004bd8   0x00000024   Code   RO         6569    i.Key_E_Status_Check  car.o
    0x08004bfc   0x08004bfc   0x00000024   Code   RO         6570    i.Key_F_Status_Check  car.o
    0x08004c20   0x08004c20   0x00000074   Code   RO         6571    i.Key_Mouse_l_Status_Check  car.o
    0x08004c94   0x08004c94   0x00000034   Code   RO         6572    i.Key_Mouse_r_Status_Check  car.o
    0x08004cc8   0x08004cc8   0x00000024   Code   RO         6573    i.Key_Q_Status_Check  car.o
    0x08004cec   0x08004cec   0x00000030   Code   RO         6574    i.Key_R_Status_Check  car.o
    0x08004d1c   0x08004d1c   0x00000030   Code   RO         6576    i.Key_Shift_Status_Check  car.o
    0x08004d4c   0x08004d4c   0x0000004e   Code   RO         6577    i.Key_Status_Scan   car.o
    0x08004d9a   0x08004d9a   0x00000002   PAD
    0x08004d9c   0x08004d9c   0x00000028   Code   RO         6578    i.Key_V_Status_Check  car.o
    0x08004dc4   0x08004dc4   0x0000002c   Code   RO         6580    i.Key_X_Status_Check  car.o
    0x08004df0   0x08004df0   0x0000002c   Code   RO         6581    i.Key_Z_Status_Check  car.o
    0x08004e1c   0x08004e1c   0x0000002c   Code   RO         6224    i.Left_Friction_Ctrl  shooting.o
    0x08004e48   0x08004e48   0x0000004c   Code   RO         8108    i.MPU_Read_Byte     bmi2_common.o
    0x08004e94   0x08004e94   0x00000060   Code   RO         8109    i.MPU_Read_all      bmi2_common.o
    0x08004ef4   0x08004ef4   0x00000048   Code   RO          323    i.MX_CAN1_Init      can.o
    0x08004f3c   0x08004f3c   0x00000048   Code   RO          324    i.MX_CAN2_Init      can.o
    0x08004f84   0x08004f84   0x0000004c   Code   RO          370    i.MX_DMA_Init       dma.o
    0x08004fd0   0x08004fd0   0x00000054   Code   RO          259    i.MX_FREERTOS_Init  freertos.o
    0x08005024   0x08005024   0x000000a8   Code   RO          235    i.MX_GPIO_Init      gpio.o
    0x080050cc   0x080050cc   0x0000002c   Code   RO          614    i.MX_IWDG_Init      iwdg.o
    0x080050f8   0x080050f8   0x00000040   Code   RO          396    i.MX_USART2_UART_Init  usart.o
    0x08005138   0x08005138   0x00000038   Code   RO          397    i.MX_USART3_UART_Init  usart.o
    0x08005170   0x08005170   0x00000002   Code   RO          450    i.MemManage_Handler  stm32f4xx_it.o
    0x08005172   0x08005172   0x00000002   Code   RO          451    i.NMI_Handler       stm32f4xx_it.o
    0x08005174   0x08005174   0x00000028   Code   RO         6225    i.Position_Ctrl     shooting.o
    0x0800519c   0x0800519c   0x00000038   Code   RO         6582    i.Rc_S1_Status_Check  car.o
    0x080051d4   0x080051d4   0x00000048   Code   RO         6583    i.Rc_S2_Status_Check  car.o
    0x0800521c   0x0800521c   0x00000012   Code   RO         6584    i.Rc_Status_Scan    car.o
    0x0800522e   0x0800522e   0x00000002   PAD
    0x08005230   0x08005230   0x0000004c   Code   RO         6585    i.Rc_Thumbwheel_Check  car.o
    0x0800527c   0x0800527c   0x00000028   Code   RO         6226    i.Right_Friction_Ctrl  shooting.o
    0x080052a4   0x080052a4   0x00000054   Code   RO         6906    i.Set_accel         bmi.o
    0x080052f8   0x080052f8   0x00000058   Code   RO         6907    i.Set_gyro          bmi.o
    0x08005350   0x08005350   0x0000003c   Code   RO         6227    i.Shoot_Command_Init  shooting.o
    0x0800538c   0x0800538c   0x00000128   Code   RO         6228    i.Shoot_Commmand_React  shooting.o
    0x080054b4   0x080054b4   0x000002d4   Code   RO         6229    i.Shoot_Work        shooting.o
    0x08005788   0x08005788   0x00000020   Code   RO         6230    i.Shoot_Work_Init   shooting.o
    0x080057a8   0x080057a8   0x00000038   Code   RO         6233    i.Shooting_Heartbeat  shooting.o
    0x080057e0   0x080057e0   0x00000098   Code   RO         6234    i.Shooting_Init_All  shooting.o
    0x08005878   0x08005878   0x00000058   Code   RO         6235    i.Shooting_Test     shooting.o
    0x080058d0   0x080058d0   0x00000008   Code   RO          260    i.StartDefaultTask  freertos.o
    0x080058d8   0x080058d8   0x0000002c   Code   RO         5932    i.SysTick_Handler   port.o
    0x08005904   0x08005904   0x00000098   Code   RO           15    i.SystemClock_Config  main.o
    0x0800599c   0x0800599c   0x00000010   Code   RO         3371    i.SystemInit        system_stm32f4xx.o
    0x080059ac   0x080059ac   0x0000000c   Code   RO          452    i.TIM2_IRQHandler   stm32f4xx_it.o
    0x080059b8   0x080059b8   0x000000c8   Code   RO         2105    i.TIM_Base_SetConfig  stm32f4xx_hal_tim.o
    0x08005a80   0x08005a80   0x00000010   Code   RO         3025    i.UART_DMAAbortOnError  stm32f4xx_hal_uart.o
    0x08005a90   0x08005a90   0x0000004a   Code   RO         3026    i.UART_DMAError     stm32f4xx_hal_uart.o
    0x08005ada   0x08005ada   0x00000042   Code   RO         3031    i.UART_DMATransmitCplt  stm32f4xx_hal_uart.o
    0x08005b1c   0x08005b1c   0x0000000a   Code   RO         3033    i.UART_DMATxHalfCplt  stm32f4xx_hal_uart.o
    0x08005b26   0x08005b26   0x0000004e   Code   RO         3035    i.UART_EndRxTransfer  stm32f4xx_hal_uart.o
    0x08005b74   0x08005b74   0x0000001c   Code   RO         3036    i.UART_EndTxTransfer  stm32f4xx_hal_uart.o
    0x08005b90   0x08005b90   0x000000c0   Code   RO         3037    i.UART_Receive_IT   stm32f4xx_hal_uart.o
    0x08005c50   0x08005c50   0x0000010c   Code   RO         3038    i.UART_SetConfig    stm32f4xx_hal_uart.o
    0x08005d5c   0x08005d5c   0x00000018   Code   RO          453    i.USART2_IRQHandler  stm32f4xx_it.o
    0x08005d74   0x08005d74   0x0000003c   Code   RO         3686    i.USART2_Init       drv_uart.o
    0x08005db0   0x08005db0   0x00000020   Code   RO         3916    i.USART2_rxDataHandler  config_uart.o
    0x08005dd0   0x08005dd0   0x00000018   Code   RO          454    i.USART3_IRQHandler  stm32f4xx_it.o
    0x08005de8   0x08005de8   0x00000088   Code   RO         3687    i.USART3_Init       drv_uart.o
    0x08005e70   0x08005e70   0x00000004   Code   RO         3917    i.USART3_rxDataHandler  config_uart.o
    0x08005e74   0x08005e74   0x00000002   Code   RO          455    i.UsageFault_Handler  stm32f4xx_it.o
    0x08005e76   0x08005e76   0x00000002   PAD
    0x08005e78   0x08005e78   0x0000003c   Code   RO         8441    i.Verify_CRC16_Check_Sum  crc16.o
    0x08005eb4   0x08005eb4   0x0000002a   Code   RO         8398    i.Verify_CRC8_Check_Sum  crc8.o
    0x08005ede   0x08005ede   0x00000030   Code   RO         8661    i.__ARM_fpclassify  m_wm.l(fpclassify.o)
    0x08005f0e   0x08005f0e   0x00000020   Code   RO         1635    i.__NVIC_SetPriority  stm32f4xx_hal_cortex.o
    0x08005f2e   0x08005f2e   0x00000002   PAD
    0x08005f30   0x08005f30   0x00000360   Code   RO         8517    i.__hardfp_asin     m_wm.l(asin.o)
    0x08006290   0x08006290   0x000002d8   Code   RO         8624    i.__hardfp_atan     m_wm.l(atan.o)
    0x08006568   0x08006568   0x000001f0   Code   RO         8531    i.__hardfp_atan2    m_wm.l(atan2.o)
    0x08006758   0x08006758   0x000000c8   Code   RO         8543    i.__hardfp_cos      m_wm.l(cos.o)
    0x08006820   0x08006820   0x000000c8   Code   RO         8555    i.__hardfp_sin      m_wm.l(sin.o)
    0x080068e8   0x080068e8   0x00000438   Code   RO         8666    i.__ieee754_rem_pio2  m_wm.l(rred.o)
    0x08006d20   0x08006d20   0x00000170   Code   RO         8638    i.__kernel_cos      m_wm.l(cos_i.o)
    0x08006e90   0x08006e90   0x000000f8   Code   RO         8663    i.__kernel_poly     m_wm.l(poly.o)
    0x08006f88   0x08006f88   0x00000130   Code   RO         8671    i.__kernel_sin      m_wm.l(sin_i.o)
    0x080070b8   0x080070b8   0x00000014   Code   RO         8642    i.__mathlib_dbl_infnan  m_wm.l(dunder.o)
    0x080070cc   0x080070cc   0x00000014   Code   RO         8643    i.__mathlib_dbl_infnan2  m_wm.l(dunder.o)
    0x080070e0   0x080070e0   0x00000020   Code   RO         8644    i.__mathlib_dbl_invalid  m_wm.l(dunder.o)
    0x08007100   0x08007100   0x00000020   Code   RO         8647    i.__mathlib_dbl_underflow  m_wm.l(dunder.o)
    0x08007120   0x08007120   0x0000000e   Code   RO         8735    i.__scatterload_copy  mc_w.l(handlers.o)
    0x0800712e   0x0800712e   0x00000002   Code   RO         8736    i.__scatterload_null  mc_w.l(handlers.o)
    0x08007130   0x08007130   0x0000000e   Code   RO         8737    i.__scatterload_zeroinit  mc_w.l(handlers.o)
    0x0800713e   0x0800713e   0x00000002   PAD
    0x08007140   0x08007140   0x0000000c   Code   RO         8713    i.__set_errno       mc_w.l(errno.o)
    0x0800714c   0x0800714c   0x00000096   Code   RO         6094    i.all_key_board_status_interrupt_update  remote.o
    0x080071e2   0x080071e2   0x00000096   Code   RO         6095    i.all_key_board_status_update  remote.o
    0x08007278   0x08007278   0x00000010   Code   RO         8626    i.atan              m_wm.l(atan.o)
    0x08007288   0x08007288   0x00000024   Code   RO         4255    i.ave_fil_init      ave_filter.o
    0x080072ac   0x080072ac   0x00000090   Code   RO         4256    i.ave_fil_update    ave_filter.o
    0x0800733c   0x0800733c   0x00000078   Code   RO         8277    i.bmi270_init       bmi270.o
    0x080073b4   0x080073b4   0x00000002   Code   RO         8111    i.bmi2_error_codes_print_result  bmi2_common.o
    0x080073b6   0x080073b6   0x00000036   Code   RO         7015    i.bmi2_extract_input_feat_config  bmi2.o
    0x080073ec   0x080073ec   0x000000a0   Code   RO         7020    i.bmi2_get_feat_config  bmi2.o
    0x0800748c   0x0800748c   0x0000003c   Code   RO         7027    i.bmi2_get_gyro_cross_sense  bmi2.o
    0x080074c8   0x080074c8   0x00000030   Code   RO         7030    i.bmi2_get_internal_status  bmi2.o
    0x080074f8   0x080074f8   0x00000092   Code   RO         7031    i.bmi2_get_regs     bmi2.o
    0x0800758a   0x0800758a   0x00000002   PAD
    0x0800758c   0x0800758c   0x0000023a   Code   RO         7033    i.bmi2_get_sensor_config  bmi2.o
    0x080077c6   0x080077c6   0x000002de   Code   RO         7034    i.bmi2_get_sensor_data  bmi2.o
    0x08007aa4   0x08007aa4   0x00000026   Code   RO         7035    i.bmi2_get_status   bmi2.o
    0x08007aca   0x08007aca   0x00000002   PAD
    0x08007acc   0x08007acc   0x00000040   Code   RO         8112    i.bmi2_interface_selection  bmi2_common.o
    0x08007b0c   0x08007b0c   0x00000076   Code   RO         7036    i.bmi2_map_data_int  bmi2.o
    0x08007b82   0x08007b82   0x00000002   PAD
    0x08007b84   0x08007b84   0x00000064   Code   RO         7046    i.bmi2_sec_init     bmi2.o
    0x08007be8   0x08007be8   0x00000038   Code   RO         7048    i.bmi2_sensor_enable  bmi2.o
    0x08007c20   0x08007c20   0x00000062   Code   RO         7050    i.bmi2_set_adv_power_save  bmi2.o
    0x08007c82   0x08007c82   0x00000002   PAD
    0x08007c84   0x08007c84   0x0000009c   Code   RO         7060    i.bmi2_set_regs     bmi2.o
    0x08007d20   0x08007d20   0x000001e6   Code   RO         7062    i.bmi2_set_sensor_config  bmi2.o
    0x08007f06   0x08007f06   0x00000060   Code   RO         7063    i.bmi2_soft_reset   bmi2.o
    0x08007f66   0x08007f66   0x00000056   Code   RO         7067    i.bmi2_write_config_file  bmi2.o
    0x08007fbc   0x08007fbc   0x0000002c   Code   RO         4477    i.can_rx_buff       motor.o
    0x08007fe8   0x08007fe8   0x00000002   Code   RO         4478    i.can_tx_buff       motor.o
    0x08007fea   0x08007fea   0x00000002   PAD
    0x08007fec   0x08007fec   0x000000c8   Code   RO         4444    i.cap_send          cap.o
    0x080080b4   0x080080b4   0x0000002c   Code   RO         6586    i.car_command_init  car.o
    0x080080e0   0x080080e0   0x00000012   Code   RO         6587    i.car_ctrl          car.o
    0x080080f2   0x080080f2   0x00000026   Code   RO         6588    i.car_ctrl_mode_update  car.o
    0x08008118   0x08008118   0x0000000c   Code   RO         6589    i.car_init          car.o
    0x08008124   0x08008124   0x00000020   Code   RO         6590    i.car_init_judge    car.o
    0x08008144   0x08008144   0x00000050   Code   RO         6591    i.car_status_update  car.o
    0x08008194   0x08008194   0x0000003e   Code   RO         7070    i.cfg_error_status  bmi2.o
    0x080081d2   0x080081d2   0x00000002   PAD
    0x080081d4   0x080081d4   0x00000024   Code   RO         6364    i.chassis_yaw_cal   chassis.o
    0x080081f8   0x080081f8   0x00000030   Code   RO         7071    i.check_boundary_val  bmi2.o
    0x08008228   0x08008228   0x0000001a   Code   RO         7073    i.comp_gyro_cross_axis_sensitivity  bmi2.o
    0x08008242   0x08008242   0x000000dc   Code   RO         7074    i.config_aux_interface  bmi2.o
    0x0800831e   0x0800831e   0x00000002   PAD
    0x08008320   0x08008320   0x0000011c   Code   RO         6011    i.control_task      control_task.o
    0x0800843c   0x0800843c   0x00000018   Code   RO         8307    i.delay_us          drv_haltick.o
    0x08008454   0x08008454   0x00000014   Code   RO         3688    i.dma_m0_rxcplt_callback  drv_uart.o
    0x08008468   0x08008468   0x00000014   Code   RO         3689    i.dma_m1_rxcplt_callback  drv_uart.o
    0x0800847c   0x0800847c   0x00000036   Code   RO         7081    i.extract_output_feat_config  bmi2.o
    0x080084b2   0x080084b2   0x00000018   Code   RO         8657    i.fabs              m_wm.l(fabs.o)
    0x080084ca   0x080084ca   0x00000002   PAD
    0x080084cc   0x080084cc   0x00000050   Code   RO         8580    i.free              mc_w.l(malloc.o)
    0x0800851c   0x0800851c   0x00000020   Code   RO         7082    i.get_acc_gyr_data  bmi2.o
    0x0800853c   0x0800853c   0x0000004e   Code   RO         7083    i.get_accel_config  bmi2.o
    0x0800858a   0x0800858a   0x00000068   Code   RO         7084    i.get_accel_self_test_status  bmi2.o
    0x080085f2   0x080085f2   0x0000008a   Code   RO         7085    i.get_any_motion_config  bmi2.o
    0x0800867c   0x0800867c   0x000000aa   Code   RO         7086    i.get_aux_config    bmi2.o
    0x08008726   0x08008726   0x00000058   Code   RO         7088    i.get_ext_sens_sync_config  bmi2.o
    0x0800877e   0x0800877e   0x00000086   Code   RO         7089    i.get_flat_config   bmi2.o
    0x08008804   0x08008804   0x00000082   Code   RO         7090    i.get_free_fall_det_config  bmi2.o
    0x08008886   0x08008886   0x00000058   Code   RO         7091    i.get_glance_detect_config  bmi2.o
    0x080088de   0x080088de   0x0000005e   Code   RO         7092    i.get_gyro_config   bmi2.o
    0x0800893c   0x0800893c   0x00000072   Code   RO         7093    i.get_gyro_cross_sense  bmi2.o
    0x080089ae   0x080089ae   0x0000008a   Code   RO         7094    i.get_gyro_gain_update_config  bmi2.o
    0x08008a38   0x08008a38   0x00000068   Code   RO         7095    i.get_gyro_gain_update_status  bmi2.o
    0x08008aa0   0x08008aa0   0x000000a4   Code   RO         7096    i.get_high_g_config  bmi2.o
    0x08008b44   0x08008b44   0x0000018c   Code   RO         4479    i.get_kt_9025_info  motor.o
    0x08008cd0   0x08008cd0   0x00000092   Code   RO         7097    i.get_low_g_config  bmi2.o
    0x08008d62   0x08008d62   0x0000008a   Code   RO         7099    i.get_no_motion_config  bmi2.o
    0x08008dec   0x08008dec   0x00000076   Code   RO         7100    i.get_nvm_error_status  bmi2.o
    0x08008e62   0x08008e62   0x000000b4   Code   RO         7101    i.get_ois_output    bmi2.o
    0x08008f16   0x08008f16   0x0000008c   Code   RO         7102    i.get_orient_config  bmi2.o
    0x08008fa2   0x08008fa2   0x00000056   Code   RO         7105    i.get_remapped_data  bmi2.o
    0x08008ff8   0x08008ff8   0x00000054   Code   RO         4480    i.get_rm_can_drvie  motor.o
    0x0800904c   0x0800904c   0x00000060   Code   RO         4481    i.get_rm_info       motor.o
    0x080090ac   0x080090ac   0x000000be   Code   RO         7106    i.get_sig_motion_config  bmi2.o
    0x0800916a   0x0800916a   0x0000008a   Code   RO         7108    i.get_step_config   bmi2.o
    0x080091f4   0x080091f4   0x000000aa   Code   RO         7109    i.get_step_count_params_config  bmi2.o
    0x0800929e   0x0800929e   0x0000006e   Code   RO         7110    i.get_step_counter_output  bmi2.o
    0x0800930c   0x0800930c   0x00000058   Code   RO         7111    i.get_tilt_config   bmi2.o
    0x08009364   0x08009364   0x00000058   Code   RO         7112    i.get_up_hold_to_wake_config  bmi2.o
    0x080093bc   0x080093bc   0x0000007c   Code   RO         7114    i.get_wake_up_config  bmi2.o
    0x08009438   0x08009438   0x00000076   Code   RO         7115    i.get_wrist_gest_config  bmi2.o
    0x080094ae   0x080094ae   0x0000008a   Code   RO         7116    i.get_wrist_gest_w_config  bmi2.o
    0x08009538   0x08009538   0x0000008e   Code   RO         7117    i.get_wrist_wear_wake_up_config  bmi2.o
    0x080095c6   0x080095c6   0x0000009c   Code   RO         7118    i.get_wrist_wear_wake_up_wh_config  bmi2.o
    0x08009662   0x08009662   0x00000008   Code   RO         4392    i.imu_init          imu.o
    0x0800966a   0x0800966a   0x00000002   PAD
    0x0800966c   0x0800966c   0x000002d8   Code   RO         4393    i.imu_update        imu.o
    0x08009944   0x08009944   0x0000002c   Code   RO         6908    i.inVSqrt           bmi.o
    0x08009970   0x08009970   0x0000000e   Code   RO         6806    i.judge_init        judge.o
    0x0800997e   0x0800997e   0x00000018   Code   RO         6807    i.judge_realtime_task  judge.o
    0x08009996   0x08009996   0x0000003e   Code   RO         6096    i.key_board_cnt_max_set  remote.o
    0x080099d4   0x080099d4   0x00000044   Code   RO         6097    i.key_board_status_interrupt_update  remote.o
    0x08009a18   0x08009a18   0x00000036   Code   RO         6098    i.key_board_status_update  remote.o
    0x08009a4e   0x08009a4e   0x0000000a   Code   RO         4183    i.lowpass           mathematics.o
    0x08009a58   0x08009a58   0x00000026   Code   RO         6909    i.lsb_to_dps        bmi.o
    0x08009a7e   0x08009a7e   0x00000002   PAD
    0x08009a80   0x08009a80   0x00000034   Code   RO         6910    i.lsb_to_mps2       bmi.o
    0x08009ab4   0x08009ab4   0x00000046   Code   RO           16    i.main              main.o
    0x08009afa   0x08009afa   0x0000000c   Code   RO         5497    i.makeFreeRtosPriority  cmsis_os.o
    0x08009b06   0x08009b06   0x00000002   PAD
    0x08009b08   0x08009b08   0x0000006c   Code   RO         8581    i.malloc            mc_w.l(malloc.o)
    0x08009b74   0x08009b74   0x00000024   Code   RO         8308    i.micros            drv_haltick.o
    0x08009b98   0x08009b98   0x0000002a   Code   RO         4482    i.motor_class_heartbeat  motor.o
    0x08009bc2   0x08009bc2   0x00000002   PAD
    0x08009bc4   0x08009bc4   0x0000009c   Code   RO         4483    i.motor_class_init  motor.o
    0x08009c60   0x08009c60   0x00000074   Code   RO         4484    i.motor_class_pid_init  motor.o
    0x08009cd4   0x08009cd4   0x00000054   Code   RO         4485    i.motor_class_stucking_flag  motor.o
    0x08009d28   0x08009d28   0x00000020   Code   RO         4486    i.motor_cycle       motor.o
    0x08009d48   0x08009d48   0x0000003c   Code   RO         4487    i.motor_half_cycle  motor.o
    0x08009d84   0x08009d84   0x00000032   Code   RO         4488    i.motor_judge_dir   motor.o
    0x08009db6   0x08009db6   0x00000048   Code   RO         4489    i.motor_offset      motor.o
    0x08009dfe   0x08009dfe   0x00000002   PAD
    0x08009e00   0x08009e00   0x0000004c   Code   RO         4490    i.motor_pid_angle   motor.o
    0x08009e4c   0x08009e4c   0x00000118   Code   RO         4491    i.motor_pid_cal     motor.o
    0x08009f64   0x08009f64   0x000000c4   Code   RO         4492    i.motor_pid_ctrl    motor.o
    0x0800a028   0x0800a028   0x00000008   Code   RO         4493    i.motor_pid_double  motor.o
    0x0800a030   0x0800a030   0x00000024   Code   RO         4494    i.motor_pid_err     motor.o
    0x0800a054   0x0800a054   0x00000048   Code   RO         4495    i.motor_pid_position  motor.o
    0x0800a09c   0x0800a09c   0x00000014   Code   RO         4496    i.motor_pid_single  motor.o
    0x0800a0b0   0x0800a0b0   0x00000040   Code   RO         4497    i.motor_pid_speed   motor.o
    0x0800a0f0   0x0800a0f0   0x00000018   Code   RO         7120    i.null_ptr_check    bmi2.o
    0x0800a108   0x0800a108   0x0000000e   Code   RO         5499    i.osDelay           cmsis_os.o
    0x0800a116   0x0800a116   0x0000000a   Code   RO         5502    i.osKernelStart     cmsis_os.o
    0x0800a120   0x0800a120   0x00000054   Code   RO         5536    i.osThreadCreate    cmsis_os.o
    0x0800a174   0x0800a174   0x00000070   Code   RO         5179    i.prvAddCurrentTaskToDelayedList  tasks.o
    0x0800a1e4   0x0800a1e4   0x000000d0   Code   RO         5180    i.prvAddNewTaskToReadyList  tasks.o
    0x0800a2b4   0x0800a2b4   0x00000034   Code   RO         5181    i.prvDeleteTCB      tasks.o
    0x0800a2e8   0x0800a2e8   0x0000004c   Code   RO         5864    i.prvHeapInit       heap_4.o
    0x0800a334   0x0800a334   0x00000060   Code   RO         5182    i.prvIdleTask       tasks.o
    0x0800a394   0x0800a394   0x00000098   Code   RO         5183    i.prvInitialiseNewTask  tasks.o
    0x0800a42c   0x0800a42c   0x0000004c   Code   RO         5865    i.prvInsertBlockIntoFreeList  heap_4.o
    0x0800a478   0x0800a478   0x00000020   Code   RO         5184    i.prvResetNextTaskUnblockTime  tasks.o
    0x0800a498   0x0800a498   0x00000028   Code   RO         5933    i.prvTaskExitError  port.o
    0x0800a4c0   0x0800a4c0   0x000000dc   Code   RO         5866    i.pvPortMalloc      heap_4.o
    0x0800a59c   0x0800a59c   0x0000002c   Code   RO         5934    i.pxPortInitialiseStack  port.o
    0x0800a5c8   0x0800a5c8   0x000000a6   Code   RO         6099    i.rc_base_info_check  remote.o
    0x0800a66e   0x0800a66e   0x0000001c   Code   RO         6100    i.rc_base_info_init  remote.o
    0x0800a68a   0x0800a68a   0x00000124   Code   RO         6101    i.rc_base_info_update  remote.o
    0x0800a7ae   0x0800a7ae   0x00000002   PAD
    0x0800a7b0   0x0800a7b0   0x0000006c   Code   RO         6102    i.rc_ctrl           remote.o
    0x0800a81c   0x0800a81c   0x0000000a   Code   RO         6103    i.rc_info_init      remote.o
    0x0800a826   0x0800a826   0x00000002   PAD
    0x0800a828   0x0800a828   0x0000001c   Code   RO         6104    i.rc_init           remote.o
    0x0800a844   0x0800a844   0x00000038   Code   RO         3868    i.rc_init_check     config_status.o
    0x0800a87c   0x0800a87c   0x000000bc   Code   RO         6365    i.rc_input_process  chassis.o
    0x0800a938   0x0800a938   0x000000c0   Code   RO         6106    i.rc_interrupt_update  remote.o
    0x0800a9f8   0x0800a9f8   0x00000058   Code   RO         6107    i.rc_switch_status_interrupt_update  remote.o
    0x0800aa50   0x0800aa50   0x00000016   Code   RO         6108    i.rc_tick_task      remote.o
    0x0800aa66   0x0800aa66   0x00000034   Code   RO         6109    i.rc_wheel_status_interrupt_update  remote.o
    0x0800aa9a   0x0800aa9a   0x00000002   PAD
    0x0800aa9c   0x0800aa9c   0x00000020   Code   RO         6012    i.realtime_task     control_task.o
    0x0800aabc   0x0800aabc   0x00000020   Code   RO         6110    i.remote_soft_reset_check  remote.o
    0x0800aadc   0x0800aadc   0x0000014e   Code   RO         7134    i.select_sensor     bmi2.o
    0x0800ac2a   0x0800ac2a   0x00000002   PAD
    0x0800ac2c   0x0800ac2c   0x000003c4   Code   RO         7137    i.sensor_enable     bmi2.o
    0x0800aff0   0x0800aff0   0x00000098   Code   RO         7138    i.set_accel_config  bmi2.o
    0x0800b088   0x0800b088   0x00000056   Code   RO         7140    i.set_act_recog     bmi2.o
    0x0800b0de   0x0800b0de   0x0000005a   Code   RO         7141    i.set_any_motion    bmi2.o
    0x0800b138   0x0800b138   0x000000c6   Code   RO         7142    i.set_any_motion_config  bmi2.o
    0x0800b1fe   0x0800b1fe   0x00000090   Code   RO         7143    i.set_aux_config    bmi2.o
    0x0800b28e   0x0800b28e   0x00000036   Code   RO         7144    i.set_config_load   bmi2.o
    0x0800b2c4   0x0800b2c4   0x00000056   Code   RO         7145    i.set_double_tap    bmi2.o
    0x0800b31a   0x0800b31a   0x00000056   Code   RO         7146    i.set_ext_sens_sync  bmi2.o
    0x0800b370   0x0800b370   0x0000008e   Code   RO         7147    i.set_ext_sens_sync_config  bmi2.o
    0x0800b3fe   0x0800b3fe   0x00000002   PAD
    0x0800b400   0x0800b400   0x00000068   Code   RO         7148    i.set_feat_accel_self_test  bmi2.o
    0x0800b468   0x0800b468   0x00000056   Code   RO         7149    i.set_flat          bmi2.o
    0x0800b4be   0x0800b4be   0x000000bc   Code   RO         7150    i.set_flat_config   bmi2.o
    0x0800b57a   0x0800b57a   0x00000056   Code   RO         7151    i.set_free_fall_det  bmi2.o
    0x0800b5d0   0x0800b5d0   0x000000a8   Code   RO         7152    i.set_free_fall_det_config  bmi2.o
    0x0800b678   0x0800b678   0x0000008e   Code   RO         7153    i.set_glance_detect_config  bmi2.o
    0x0800b706   0x0800b706   0x00000056   Code   RO         7154    i.set_glance_detector  bmi2.o
    0x0800b75c   0x0800b75c   0x000000ac   Code   RO         7155    i.set_gyro_config   bmi2.o
    0x0800b808   0x0800b808   0x00000056   Code   RO         7156    i.set_gyro_self_offset_corr  bmi2.o
    0x0800b85e   0x0800b85e   0x0000005a   Code   RO         7157    i.set_gyro_user_gain  bmi2.o
    0x0800b8b8   0x0800b8b8   0x000000a2   Code   RO         7158    i.set_gyro_user_gain_config  bmi2.o
    0x0800b95a   0x0800b95a   0x0000005a   Code   RO         7159    i.set_high_g        bmi2.o
    0x0800b9b4   0x0800b9b4   0x000000da   Code   RO         7160    i.set_high_g_config  bmi2.o
    0x0800ba8e   0x0800ba8e   0x0000005a   Code   RO         7162    i.set_low_g         bmi2.o
    0x0800bae8   0x0800bae8   0x000000ba   Code   RO         7163    i.set_low_g_config  bmi2.o
    0x0800bba2   0x0800bba2   0x0000005a   Code   RO         7165    i.set_no_motion     bmi2.o
    0x0800bbfc   0x0800bbfc   0x000000c6   Code   RO         7166    i.set_no_motion_config  bmi2.o
    0x0800bcc2   0x0800bcc2   0x000000c6   Code   RO         7168    i.set_orient_config  bmi2.o
    0x0800bd88   0x0800bd88   0x00000056   Code   RO         7169    i.set_orientation   bmi2.o
    0x0800bdde   0x0800bdde   0x0000009e   Code   RO         7170    i.set_primary_ois_config  bmi2.o
    0x0800be7c   0x0800be7c   0x0000005a   Code   RO         7172    i.set_sig_motion    bmi2.o
    0x0800bed6   0x0800bed6   0x000000be   Code   RO         7173    i.set_sig_motion_config  bmi2.o
    0x0800bf94   0x0800bf94   0x00000056   Code   RO         7174    i.set_single_tap    bmi2.o
    0x0800bfea   0x0800bfea   0x0000005a   Code   RO         7175    i.set_step_activity  bmi2.o
    0x0800c044   0x0800c044   0x000000c0   Code   RO         7176    i.set_step_config   bmi2.o
    0x0800c104   0x0800c104   0x000000d4   Code   RO         7177    i.set_step_count_params_config  bmi2.o
    0x0800c1d8   0x0800c1d8   0x0000005a   Code   RO         7178    i.set_step_counter  bmi2.o
    0x0800c232   0x0800c232   0x0000005a   Code   RO         7179    i.set_step_detector  bmi2.o
    0x0800c28c   0x0800c28c   0x00000056   Code   RO         7180    i.set_tilt          bmi2.o
    0x0800c2e2   0x0800c2e2   0x0000008e   Code   RO         7181    i.set_tilt_config   bmi2.o
    0x0800c370   0x0800c370   0x00000056   Code   RO         7182    i.set_triple_tap    bmi2.o
    0x0800c3c6   0x0800c3c6   0x00000056   Code   RO         7183    i.set_up_hold_to_wake  bmi2.o
    0x0800c41c   0x0800c41c   0x0000008e   Code   RO         7184    i.set_up_hold_to_wake_config  bmi2.o
    0x0800c4aa   0x0800c4aa   0x00000056   Code   RO         7185    i.set_wake_up       bmi2.o
    0x0800c500   0x0800c500   0x000000bc   Code   RO         7186    i.set_wake_up_config  bmi2.o
    0x0800c5bc   0x0800c5bc   0x000000b6   Code   RO         7187    i.set_wrist_gest_config  bmi2.o
    0x0800c672   0x0800c672   0x000000c8   Code   RO         7188    i.set_wrist_gest_w_config  bmi2.o
    0x0800c73a   0x0800c73a   0x00000056   Code   RO         7189    i.set_wrist_gesture  bmi2.o
    0x0800c790   0x0800c790   0x00000056   Code   RO         7190    i.set_wrist_gesture_wh  bmi2.o
    0x0800c7e6   0x0800c7e6   0x00000056   Code   RO         7191    i.set_wrist_wear_wake_up  bmi2.o
    0x0800c83c   0x0800c83c   0x000000c8   Code   RO         7192    i.set_wrist_wear_wake_up_config  bmi2.o
    0x0800c904   0x0800c904   0x00000056   Code   RO         7193    i.set_wrist_wear_wake_up_wh  bmi2.o
    0x0800c95a   0x0800c95a   0x000000fa   Code   RO         7194    i.set_wrist_wear_wake_up_wh_config  bmi2.o
    0x0800ca54   0x0800ca54   0x0000006e   Code   RO         8679    i.sqrt              m_wm.l(sqrt.o)
    0x0800cac2   0x0800cac2   0x00000002   PAD
    0x0800cac4   0x0800cac4   0x0000007c   Code   RO         3690    i.uart_rx_idle_callback  drv_uart.o
    0x0800cb40   0x0800cb40   0x00000040   Code   RO         7206    i.upload_file       bmi2.o
    0x0800cb80   0x0800cb80   0x00000004   Code   RO         8116    i.user_delay_us     bmi2_common.o
    0x0800cb84   0x0800cb84   0x00000024   Code   RO         8117    i.user_i2c_reg_read  bmi2_common.o
    0x0800cba8   0x0800cba8   0x0000004c   Code   RO         8118    i.user_i2c_reg_write  bmi2_common.o
    0x0800cbf4   0x0800cbf4   0x00000026   Code   RO         4815    i.uxListRemove      list.o
    0x0800cc1a   0x0800cc1a   0x00000002   PAD
    0x0800cc1c   0x0800cc1c   0x00000014   Code   RO          263    i.vApplicationGetIdleTaskMemory  freertos.o
    0x0800cc30   0x0800cc30   0x00000016   Code   RO         4816    i.vListInitialise   list.o
    0x0800cc46   0x0800cc46   0x00000006   Code   RO         4817    i.vListInitialiseItem  list.o
    0x0800cc4c   0x0800cc4c   0x00000030   Code   RO         4818    i.vListInsert       list.o
    0x0800cc7c   0x0800cc7c   0x00000018   Code   RO         4819    i.vListInsertEnd    list.o
    0x0800cc94   0x0800cc94   0x00000040   Code   RO         5936    i.vPortEnterCritical  port.o
    0x0800ccd4   0x0800ccd4   0x00000028   Code   RO         5937    i.vPortExitCritical  port.o
    0x0800ccfc   0x0800ccfc   0x00000064   Code   RO         5867    i.vPortFree         heap_4.o
    0x0800cd60   0x0800cd60   0x00000024   Code   RO         5938    i.vPortSetupTimerInterrupt  port.o
    0x0800cd84   0x0800cd84   0x0000004c   Code   RO         5193    i.vTaskDelay        tasks.o
    0x0800cdd0   0x0800cdd0   0x0000006c   Code   RO         5206    i.vTaskStartScheduler  tasks.o
    0x0800ce3c   0x0800ce3c   0x00000010   Code   RO         5208    i.vTaskSuspendAll   tasks.o
    0x0800ce4c   0x0800ce4c   0x0000005c   Code   RO         5209    i.vTaskSwitchContext  tasks.o
    0x0800cea8   0x0800cea8   0x00000028   Code   RO         6742    i.vision_init       vision.o
    0x0800ced0   0x0800ced0   0x00000090   Code   RO         6743    i.vision_receive    vision.o
    0x0800cf60   0x0800cf60   0x00000038   Code   RO         8479    i.vision_recieve_data  vision_protocol.o
    0x0800cf98   0x0800cf98   0x0000002c   Code   RO         6744    i.vision_send       vision.o
    0x0800cfc4   0x0800cfc4   0x0000003c   Code   RO         8480    i.vision_send_data  vision_protocol.o
    0x0800d000   0x0800d000   0x00000020   Code   RO         6745    i.vision_tick_task  vision.o
    0x0800d020   0x0800d020   0x00000030   Code   RO         6746    i.vision_transmit_data_process  vision.o
    0x0800d050   0x0800d050   0x00000024   Code   RO         6747    i.vision_transmit_task  vision.o
    0x0800d074   0x0800d074   0x000000e4   Code   RO         7212    i.write_config_file  bmi2.o
    0x0800d158   0x0800d158   0x000000f4   Code   RO         5940    i.xPortStartScheduler  port.o
    0x0800d24c   0x0800d24c   0x0000005a   Code   RO         5212    i.xTaskCreate       tasks.o
    0x0800d2a6   0x0800d2a6   0x00000056   Code   RO         5213    i.xTaskCreateStatic  tasks.o
    0x0800d2fc   0x0800d2fc   0x000000cc   Code   RO         5220    i.xTaskIncrementTick  tasks.o
    0x0800d3c8   0x0800d3c8   0x000000c4   Code   RO         5226    i.xTaskResumeAll    tasks.o
    0x0800d48c   0x0800d48c   0x00000054   Data   RO          265    .constdata          freertos.o
    0x0800d4e0   0x0800d4e0   0x00000008   Data   RO         1352    .constdata          stm32f4xx_hal_dma.o
    0x0800d4e8   0x0800d4e8   0x00000010   Data   RO         3372    .constdata          system_stm32f4xx.o
    0x0800d4f8   0x0800d4f8   0x00000008   Data   RO         3373    .constdata          system_stm32f4xx.o
    0x0800d500   0x0800d500   0x00000006   Data   RO         7214    .constdata          bmi2.o
    0x0800d506   0x0800d506   0x00002045   Data   RO         8278    .constdata          bmi270.o
    0x0800f54b   0x0800f54b   0x00000100   Data   RO         8400    .constdata          crc8.o
    0x0800f64b   0x0800f64b   0x00000001   PAD
    0x0800f64c   0x0800f64c   0x00000200   Data   RO         8442    .constdata          crc16.o
    0x0800f84c   0x0800f84c   0x00000004   PAD
    0x0800f850   0x0800f850   0x00000050   Data   RO         8520    .constdata          m_wm.l(asin.o)
    0x0800f8a0   0x0800f8a0   0x00000098   Data   RO         8627    .constdata          m_wm.l(atan.o)
    0x0800f938   0x0800f938   0x00000030   Data   RO         8639    .constdata          m_wm.l(cos_i.o)
    0x0800f968   0x0800f968   0x00000008   Data   RO         8665    .constdata          m_wm.l(qnan.o)
    0x0800f970   0x0800f970   0x000000c8   Data   RO         8668    .constdata          m_wm.l(rred.o)
    0x0800fa38   0x0800fa38   0x00000028   Data   RO         8672    .constdata          m_wm.l(sin_i.o)
    0x0800fa60   0x0800fa60   0x0000002c   Data   RO          266    .conststring        freertos.o
    0x0800fa8c   0x0800fa8c   0x00000020   Data   RO         8733    Region$$Table       anon$$obj.o


    Execution Region RW_IRAM1 (Exec base: 0x20000000, Load base: 0x0800faac, Size: 0x00006960, Max: 0x0001c000, ABSOLUTE, COMPRESSED[0x000001e4])

    Exec Addr    Load Addr    Size         Type   Attr      Idx    E Section Name        Object

    0x20000000   COMPRESSED   0x0000000c   Data   RW          267    .data               freertos.o
    0x2000000c   COMPRESSED   0x00000004   Data   RW          326    .data               can.o
    0x20000010   COMPRESSED   0x0000000c   Data   RW         1779    .data               stm32f4xx_hal.o
    0x2000001c   COMPRESSED   0x00000004   Data   RW         3374    .data               system_stm32f4xx.o
    0x20000020   COMPRESSED   0x00000008   Data   RW         3757    .data               config_can.o
    0x20000028   COMPRESSED   0x00000008   Data   RW         3758    .data               config_can.o
    0x20000030   COMPRESSED   0x00000008   Data   RW         3759    .data               config_can.o
    0x20000038   COMPRESSED   0x00000008   Data   RW         3760    .data               config_can.o
    0x20000040   COMPRESSED   0x00000008   Data   RW         3761    .data               config_can.o
    0x20000048   COMPRESSED   0x00000004   Data   RW         3870    .data               config_status.o
    0x2000004c   COMPRESSED   0x00000248   Data   RW         4288    .data               shooting_motor.o
    0x20000294   COMPRESSED   0x00000248   Data   RW         4289    .data               shooting_motor.o
    0x200004dc   COMPRESSED   0x00000248   Data   RW         4290    .data               shooting_motor.o
    0x20000724   COMPRESSED   0x00000248   Data   RW         4291    .data               shooting_motor.o
    0x2000096c   COMPRESSED   0x00000920   Data   RW         4335    .data               chassis_motor.o
    0x2000128c   COMPRESSED   0x00000248   Data   RW         4366    .data               gimbal_motor.o
    0x200014d4   COMPRESSED   0x00000248   Data   RW         4367    .data               gimbal_motor.o
    0x2000171c   COMPRESSED   0x0000001c   Data   RW         4396    .data               imu.o
    0x20001738   COMPRESSED   0x00000014   Data   RW         4397    .data               imu.o
    0x2000174c   COMPRESSED   0x0000000c   Data   RW         4398    .data               imu.o
    0x20001758   COMPRESSED   0x00000002   Data   RW         4399    .data               imu.o
    0x2000175a   COMPRESSED   0x00000008   Data   RW         4445    .data               cap.o
    0x20001762   COMPRESSED   0x00000002   PAD
    0x20001764   COMPRESSED   0x00000054   Data   RW         4640    .data               rp_chassis.o
    0x200017b8   COMPRESSED   0x0000003c   Data   RW         5229    .data               tasks.o
    0x200017f4   COMPRESSED   0x00000020   Data   RW         5873    .data               heap_4.o
    0x20001814   COMPRESSED   0x0000000c   Data   RW         5941    .data               port.o
    0x20001820   COMPRESSED   0x0000000c   Data   RW         6013    .data               control_task.o
    0x2000182c   COMPRESSED   0x00000004   Data   RW         6114    .data               remote.o
    0x20001830   COMPRESSED   0x00000008   Data   RW         6115    .data               remote.o
    0x20001838   COMPRESSED   0x000000d0   Data   RW         6237    .data               shooting.o
    0x20001908   COMPRESSED   0x0000000a   Data   RW         6238    .data               shooting.o
    0x20001912   COMPRESSED   0x00000002   PAD
    0x20001914   COMPRESSED   0x0000001c   Data   RW         6239    .data               shooting.o
    0x20001930   COMPRESSED   0x00000030   Data   RW         6367    .data               chassis.o
    0x20001960   COMPRESSED   0x00000108   Data   RW         6465    .data               gimbal.o
    0x20001a68   COMPRESSED   0x00000020   Data   RW         6592    .data               car.o
    0x20001a88   COMPRESSED   0x00000003   Data   RW         6593    .data               car.o
    0x20001a8b   COMPRESSED   0x00000001   PAD
    0x20001a8c   COMPRESSED   0x00000002   Data   RW         6749    .data               vision.o
    0x20001a8e   COMPRESSED   0x00000002   PAD
    0x20001a90   COMPRESSED   0x00000018   Data   RW         6750    .data               vision.o
    0x20001aa8   COMPRESSED   0x00000004   Data   RW         6751    .data               vision.o
    0x20001aac   COMPRESSED   0x00000008   Data   RW         6752    .data               vision.o
    0x20001ab4   COMPRESSED   0x00000006   Data   RW         6810    .data               judge.o
    0x20001aba   COMPRESSED   0x00000002   PAD
    0x20001abc   COMPRESSED   0x00000008   Data   RW         6811    .data               judge.o
    0x20001ac4   COMPRESSED   0x00000098   Data   RW         6913    .data               bmi.o
    0x20001b5c   COMPRESSED   0x00000002   Data   RW         8121    .data               bmi2_common.o
    0x20001b5e   COMPRESSED   0x00000002   PAD
    0x20001b60   COMPRESSED   0x00000004   Data   RW         8309    .data               drv_haltick.o
    0x20001b64   COMPRESSED   0x00000002   Data   RW         8443    .data               crc16.o
    0x20001b66   COMPRESSED   0x00000010   Data   RW         8482    .data               vision_protocol.o
    0x20001b76   COMPRESSED   0x00000002   PAD
    0x20001b78   COMPRESSED   0x00000004   Data   RW         8709    .data               mc_w.l(mvars.o)
    0x20001b7c   COMPRESSED   0x00000004   Data   RW         8710    .data               mc_w.l(mvars.o)
    0x20001b80   COMPRESSED   0x00000004   Data   RW         8714    .data               mc_w.l(errno.o)
    0x20001b84        -       0x00000254   Zero   RW          264    .bss                freertos.o
    0x20001dd8        -       0x00000050   Zero   RW          325    .bss                can.o
    0x20001e28        -       0x000001a8   Zero   RW          398    .bss                usart.o
    0x20001fd0        -       0x00000048   Zero   RW          578    .bss                stm32f4xx_hal_timebase_tim.o
    0x20002018        -       0x0000000c   Zero   RW          615    .bss                iwdg.o
    0x20002024        -       0x00000068   Zero   RW         3416    .bss                drv_can.o
    0x2000208c        -       0x000000f8   Zero   RW         3692    .bss                drv_uart.o
    0x20002184        -       0x00000010   Zero   RW         3869    .bss                config_status.o
    0x20002194        -       0x00000064   Zero   RW         4394    .bss                imu.o
    0x200021f8        -       0x0000018c   Zero   RW         4395    .bss                imu.o
    0x20002384        -       0x000000f0   Zero   RW         5228    .bss                tasks.o
    0x20002474        -       0x00003c00   Zero   RW         5872    .bss                heap_4.o
    0x20006074        -       0x00000028   Zero   RW         6111    .bss                remote.o
    0x2000609c        -       0x00000086   Zero   RW         6112    .bss                remote.o
    0x20006122   COMPRESSED   0x00000002   PAD
    0x20006124        -       0x00000014   Zero   RW         6113    .bss                remote.o
    0x20006138        -       0x0000000c   Zero   RW         6236    .bss                shooting.o
    0x20006144        -       0x00000020   Zero   RW         6366    .bss                chassis.o
    0x20006164        -       0x00000108   Zero   RW         6463    .bss                gimbal.o
    0x2000626c        -       0x00000024   Zero   RW         6464    .bss                gimbal.o
    0x20006290        -       0x0000001c   Zero   RW         6748    .bss                vision.o
    0x200062ac        -       0x0000001c   Zero   RW         6809    .bss                judge.o
    0x200062c8        -       0x00000068   Zero   RW         6912    .bss                bmi.o
    0x20006330        -       0x0000002f   Zero   RW         8481    .bss                vision_protocol.o
    0x2000635f   COMPRESSED   0x00000001   PAD
    0x20006360        -       0x00000200   Zero   RW            2    HEAP                startup_stm32f407xx.o
    0x20006560        -       0x00000400   Zero   RW            1    STACK               startup_stm32f407xx.o


    Execution Region RW_IRAM2 (Exec base: 0x2001c000, Load base: 0x0800fc90, Size: 0x00000000, Max: 0x00004000, ABSOLUTE)

    **** No section assigned to this execution region ****


==============================================================================

Image component sizes


      Code (inc. data)   RO Data    RW Data    ZI Data      Debug   Object Name

       180          6          0          0          0       2168   ave_filter.o
      2062         56          0        152        104      47564   bmi.o
     15630        116          6          0          0     113250   bmi2.o
       120         10       8261          0          0       1570   bmi270.o
       354         30          0          2          0       5370   bmi2_common.o
       396         46          0          4         80       2558   can.o
       200         24          0          8          0       1275   cap.o
      1116        216          0         35          0      15022   car.o
      2112        148          0         48         32       8572   chassis.o
         0          0          0       2336          0        612   chassis_motor.o
       120          0          0          0          0      23417   cmsis_os.o
       364         66          0         40          0       2558   config_can.o
       228         40          0          4         16       2698   config_status.o
        36          4          0          0          0       1462   config_uart.o
       316         62          0         12          0       1520   control_task.o
       144         16        512          2          0       2790   crc16.o
       106          6        256          0          0       2658   crc8.o
        76          4          0          0          0        822   dma.o
       102         22          0          0          0     580530   drv_all.o
       406         42          0          0        104       5281   drv_can.o
        60          6          0          4          0       1708   drv_haltick.o
       960         56          0          0        248       5689   drv_uart.o
         0          0          0          0          0      16936   event_groups.o
       112         14        128         12        596       2737   freertos.o
      2092        194          0        264        300      12224   gimbal.o
         0          0          0       1168          0        264   gimbal_motor.o
       168         12          0          0          0       1003   gpio.o
       472         24          0         32      15360       7515   heap_4.o
       736         30          0         62        496       4350   imu.o
        44          8          0          0         12        755   iwdg.o
        38          0          0         14         28       2524   judge.o
       138          0          0          0          0       3626   list.o
       240         10          0          0          0     737136   main.o
        10          0          0          0          0        606   mathematics.o
      1986         96          0          0          0      19698   motor.o
       702         72          0         12          0      11148   port.o
      1502         22          0         12        194      11491   remote.o
       816         40          0         84          0       9037   rp_chassis.o
      2044        214          0        246         12      12148   shooting.o
         0          0          0       2336          0       4449   shooting_motor.o
       544         62          0          0          0       4199   soft_iic.o
        36          8        392          0       1536        848   startup_stm32f407xx.o
       116         18          0         12          0       8822   stm32f4xx_hal.o
      1638          6          0          0          0      14563   stm32f4xx_hal_can.o
       194         24          0          0          0      33849   stm32f4xx_hal_cortex.o
      1084         16          8          0          0       7482   stm32f4xx_hal_dma.o
       506         46          0          0          0       2240   stm32f4xx_hal_gpio.o
       102          0          0          0          0       1931   stm32f4xx_hal_iwdg.o
        56          4          0          0          0        898   stm32f4xx_hal_msp.o
      1412         86          0          0          0       6001   stm32f4xx_hal_rcc.o
       786         72          0          0          0       7504   stm32f4xx_hal_tim.o
         4          0          0          0          0       1645   stm32f4xx_hal_tim_ex.o
       116         14          0          0         72       1467   stm32f4xx_hal_timebase_tim.o
      1596         30          0          0          0      12466   stm32f4xx_hal_uart.o
       132         48          0          0          0       6861   stm32f4xx_it.o
         0          0          0          0          0        384   stream_buffer.o
        16          4         24          4          0       1175   system_stm32f4xx.o
      1520        112          0         60        240      19730   tasks.o
       492         50          0          0        424       2780   usart.o
       344         36          0         38         28       5454   vision.o
       116         16          0         16         47       2839   vision_protocol.o

    ----------------------------------------------------------------------
     47078       2364       9624       7032      19932    1829879   Object Totals
         0          0         32          0          0          0   (incl. Generated)
        80          0          5         13          3          0   (incl. Padding)

    ----------------------------------------------------------------------

      Code (inc. data)   RO Data    RW Data    ZI Data      Debug   Library Member Name

       864         94         80          0          0        280   asin.o
       744        106        152          0          0        352   atan.o
       496         64          0          0          0        192   atan2.o
       200         20          0          0          0        164   cos.o
       368         46         48          0          0        200   cos_i.o
       104         16          0          0          0        496   dunder.o
        24          0          0          0          0        124   fabs.o
        48          0          0          0          0        124   fpclassify.o
       248          0          0          0          0        152   poly.o
         0          0          8          0          0          0   qnan.o
      1080        142        200          0          0        188   rred.o
       200         20          0          0          0        164   sin.o
       304         24         40          0          0        208   sin_i.o
       110          0          0          0          0        148   sqrt.o
        86          0          0          0          0          0   __dczerorl2.o
         0          0          0          0          0          0   entry.o
         0          0          0          0          0          0   entry10a.o
         0          0          0          0          0          0   entry11a.o
         8          4          0          0          0          0   entry2.o
         4          0          0          0          0          0   entry5.o
         0          0          0          0          0          0   entry7b.o
         0          0          0          0          0          0   entry8b.o
         8          4          0          0          0          0   entry9a.o
        12          6          0          4          0         68   errno.o
        30          0          0          0          0          0   handlers.o
        36          8          0          0          0         68   init.o
         0          0          0          0          0          0   iusefp.o
        30          0          0          0          0         68   llshl.o
        36          0          0          0          0         68   llsshr.o
        32          0          0          0          0         68   llushr.o
       188         20          0          0          0        160   malloc.o
        36          0          0          0          0         68   memcpya.o
        36          0          0          0          0        108   memseta.o
         0          0          0          8          0          0   mvars.o
        98          0          0          0          0         92   uldiv.o
        48          0          0          0          0         68   cdrcmple.o
        56          0          0          0          0         88   d2f.o
       334          0          0          0          0        148   dadd.o
       222          0          0          0          0        100   ddiv.o
       186          0          0          0          0        176   depilogue.o
        62          0          0          0          0         80   dfixi.o
        34          0          0          0          0         76   dflti.o
        26          0          0          0          0         76   dfltui.o
       228          0          0          0          0         96   dmul.o
       162          0          0          0          0        100   dsqrt.o
        38          0          0          0          0         68   f2d.o
       110          0          0          0          0        168   fepilogue.o

    ----------------------------------------------------------------------
      6942        574        528         12          0       4804   Library Totals
         6          0          0          0          0          0   (incl. Padding)

    ----------------------------------------------------------------------

      Code (inc. data)   RO Data    RW Data    ZI Data      Debug   Library Name

      4790        532        528          0          0       2792   m_wm.l
       640         42          0         12          0        768   mc_w.l
      1506          0          0          0          0       1244   mf_w.l

    ----------------------------------------------------------------------
      6942        574        528         12          0       4804   Library Totals

    ----------------------------------------------------------------------

==============================================================================


      Code (inc. data)   RO Data    RW Data    ZI Data      Debug   

     54020       2938      10152       7044      19932    1791079   Grand Totals
     54020       2938      10152        484      19932    1791079   ELF Image Totals (compressed)
     54020       2938      10152        484          0          0   ROM Totals

==============================================================================

    Total RO  Size (Code + RO Data)                64172 (  62.67kB)
    Total RW  Size (RW Data + ZI Data)             26976 (  26.34kB)
    Total ROM Size (Code + RO Data + RW Data)      64656 (  63.14kB)

==============================================================================

